Nov  8 09:05:38 ip-172-34-5-23 postfix/qmgr[5370]: 7B81CC0201: from=<edmBE.nutricia@nutricia.com>, size=71313, nrcpt=1 (queue active)
Nov  8 09:05:38 ip-172-34-5-23 postfix/smtp[27246]: 7B81CC0201: to=<anaishoyas@hotmail.com>, relay=email-smtp.eu-west-1.amazonaws.com[34.253.94.53]:587, delay=0.24, delays=0.07/0/0.07/0.1, dsn=2.0.0, status=sent (250 Ok 0102016e4a0c1ee5-8fc78cac-2ee7-461b-84a8-35ca3bb9d5e5-000000)
Nov  8 09:05:38 ip-172-34-5-23 postfix/qmgr[5370]: 7B81CC0201: removedNov  8 09:05:38 ip-172-34-5-23 postfix/smtpd[9251]: 7B81CC0201: client=ip-172-34-46-243.eu-west-1.compute.internal[172.34.46.243]
Nov  8 09:05:38 ip-172-34-5-23 postfix/cleanup[3351]: 7B81CC0201: message-id=<51947E5E51A264357E629F552ECDC246990F08A2@EC2AMAZ02TUE9GT>
Nov  8 09:05:38 ip-172-34-5-23 postfix/cleanup[3351]: 7B81CC0201: warning: header Subject: 3 ans ! Joyeux anniversaire from ip-172-34-46-243.eu-west-1.compute.internal[172.34.46.243]; from=<edmBE.nutricia@nutricia.com> to=<anaishoyas@hotmail.com> proto=ESMTP helo=<EC2AMAZ-2TUE9GT>
Nov  8 09:05:38 ip-172-34-5-23 postfix/qmgr[5370]: 7B81CC0201: from=<edmBE.nutricia@nutricia.com>, size=71313, nrcpt=1 (queue active)
Nov  8 09:05:38 ip-172-34-5-23 postfix/smtp[27246]: 7B81CC0201: to=<anaishoyas@hotmail.com>, relay=email-smtp.eu-west-1.amazonaws.com[34.253.94.53]:587, delay=0.24, delays=0.07/0/0.07/0.1, dsn=2.0.0, status=sent (250 Ok 0102016e4a0c1ee5-8fc78cac-2ee7-461b-84a8-35ca3bb9d5e5-000000)
Nov  8 09:05:38 ip-172-34-5-23 postfix/qmgr[5370]: 7B81CC0201: removedNov  8 09:05:38 ip-172-34-5-23 postfix/smtpd[9251]: 7B81CC0201: client=ip-172-34-46-243.eu-west-1.compute.internal[172.34.46.243]
Nov  8 09:05:38 ip-172-34-5-23 postfix/cleanup[3351]: 7B81CC0201: message-id=<51947E5E51A264357E629F552ECDC246990F08A2@EC2AMAZ02TUE9GT>
Nov  8 09:05:38 ip-172-34-5-23 postfix/cleanup[3351]: 7B81CC0201: warning: header Subject: 3 ans ! Joyeux anniversaire from ip-172-34-46-243.eu-west-1.compute.internal[172.34.46.243]; from=<edmBE.nutricia@nutricia.com> to=<anaishoyas@hotmail.com> proto=ESMTP helo=<EC2AMAZ-2TUE9GT>
Nov  8 09:05:38 ip-172-34-5-23 postfix/qmgr[5370]: 7B81CC0201: from=<edmBE.nutricia@nutricia.com>, size=71313, nrcpt=1 (queue active)
Nov  8 09:05:38 ip-172-34-5-23 postfix/smtp[27246]: 7B81CC0201: to=<anaishoyas@hotmail.com>, relay=email-smtp.eu-west-1.amazonaws.com[34.253.94.53]:587, delay=0.24, delays=0.07/0/0.07/0.1, dsn=2.0.0, status=sent (250 Ok 0102016e4a0c1ee5-8fc78cac-2ee7-461b-84a8-35ca3bb9d5e5-000000)
Nov  8 09:05:38 ip-172-34-5-23 postfix/qmgr[5370]: 7B81CC0201: removed
Nov  8 09:05:38 ip-172-34-5-23 postfix/qmgr[5370]: 7B81CC0201: from=<edmBE.nutricia@nutricia.com>, size=71313, nrcpt=1 (queue active)
Nov  8 09:05:38 ip-172-34-5-23 postfix/smtp[27246]: 7B81CC0201: to=<anaishoyas@hotmail.com>, relay=email-smtp.eu-west-1.amazonaws.com[34.253.94.53]:587, delay=0.24, delays=0.07/0/0.07/0.1, dsn=2.0.0, status=sent (250 Ok 0102016e4a0c1ee5-8fc78cac-2ee7-461b-84a8-35ca3bb9d5e5-000000)
Nov  8 09:05:38 ip-172-34-5-23 postfix/qmgr[5370]: 7B81CC0201: removedNov  8 09:05:38 ip-172-34-5-23 postfix/smtpd[9251]: 7B81CC0201: client=ip-172-34-46-243.eu-west-1.compute.internal[172.34.46.243]
Nov  8 09:05:38 ip-172-34-5-23 postfix/cleanup[3351]: 7B81CC0201: message-id=<51947E5E51A264357E629F552ECDC246990F08A2@EC2AMAZ02TUE9GT>
Nov  8 09:05:38 ip-172-34-5-23 postfix/cleanup[3351]: 7B81CC0201: warning: header Subject: 3 ans ! Joyeux anniversaire from ip-172-34-46-243.eu-west-1.compute.internal[172.34.46.243]; from=<edmBE.nutricia@nutricia.com> to=<anaishoyas@hotmail.com> proto=ESMTP helo=<EC2AMAZ-2TUE9GT>
Nov  8 09:05:38 ip-172-34-5-23 postfix/qmgr[5370]: 7B81CC0201: from=<edmBE.nutricia@nutricia.com>, size=71313, nrcpt=1 (queue active)
Nov  8 09:05:38 ip-172-34-5-23 postfix/smtp[27246]: 7B81CC0201: to=<anaishoyas@hotmail.com>, relay=email-smtp.eu-west-1.amazonaws.com[34.253.94.53]:587, delay=0.24, delays=0.07/0/0.07/0.1, dsn=2.0.0, status=sent (250 Ok 0102016e4a0c1ee5-8fc78cac-2ee7-461b-84a8-35ca3bb9d5e5-000000)
Nov  8 09:05:38 ip-172-34-5-23 postfix/qmgr[5370]: 7B81CC0201: removedNov  8 09:05:38 ip-172-34-5-23 postfix/smtpd[9251]: 7B81CC0201: client=ip-172-34-46-243.eu-west-1.compute.internal[172.34.46.243]
Nov  8 09:05:38 ip-172-34-5-23 postfix/cleanup[3351]: 7B81CC0201: message-id=<51947E5E51A264357E629F552ECDC246990F08A2@EC2AMAZ02TUE9GT>
Nov  8 09:05:38 ip-172-34-5-23 postfix/cleanup[3351]: 7B81CC0201: warning: header Subject: 3 ans ! Joyeux anniversaire from ip-172-34-46-243.eu-west-1.compute.internal[172.34.46.243]; from=<edmBE.nutricia@nutricia.com> to=<anaishoyas@hotmail.com> proto=ESMTP helo=<EC2AMAZ-2TUE9GT>
Nov  8 09:05:38 ip-172-34-5-23 postfix/qmgr[5370]: 7B81CC0201: from=<edmBE.nutricia@nutricia.com>, size=71313, nrcpt=1 (queue active)
Nov  8 09:05:38 ip-172-34-5-23 postfix/smtp[27246]: 7B81CC0201: to=<anaishoyas@hotmail.com>, relay=email-smtp.eu-west-1.amazonaws.com[34.253.94.53]:587, delay=0.24, delays=0.07/0/0.07/0.1, dsn=2.0.0, status=sent (250 Ok 0102016e4a0c1ee5-8fc78cac-2ee7-461b-84a8-35ca3bb9d5e5-000000)
Nov  8 09:05:38 ip-172-34-5-23 postfix/qmgr[5370]: 7B81CC0201: removedNov  8 09:05:38 ip-172-34-5-23 postfix/smtpd[9251]: 7B81CC0201: client=ip-172-34-46-243.eu-west-1.compute.internal[172.34.46.243]
Nov  8 09:05:38 ip-172-34-5-23 postfix/cleanup[3351]: 7B81CC0201: message-id=<51947E5E51A264357E629F552ECDC246990F08A2@EC2AMAZ02TUE9GT>
Nov  8 09:05:38 ip-172-34-5-23 postfix/cleanup[3351]: 7B81CC0201: warning: header Subject: 3 ans ! Joyeux anniversaire from ip-172-34-46-243.eu-west-1.compute.internal[172.34.46.243]; from=<edmBE.nutricia@nutricia.com> to=<anaishoyas@hotmail.com> proto=ESMTP helo=<EC2AMAZ-2TUE9GT>
Nov  8 09:05:38 ip-172-34-5-23 postfix/qmgr[5370]: 7B81CC0201: from=<edmBE.nutricia@nutricia.com>, size=71313, nrcpt=1 (queue active)
Nov  8 09:05:38 ip-172-34-5-23 postfix/smtp[27246]: 7B81CC0201: to=<anaishoyas@hotmail.com>, relay=email-smtp.eu-west-1.amazonaws.com[34.253.94.53]:587, delay=0.24, delays=0.07/0/0.07/0.1, dsn=2.0.0, status=sent (250 Ok 0102016e4a0c1ee5-8fc78cac-2ee7-461b-84a8-35ca3bb9d5e5-000000)
Nov  8 09:05:38 ip-172-34-5-23 postfix/qmgr[5370]: 7B81CC0201: removed
Nov  8 09:06:17 ip-172-34-5-23 postfix/smtpd[9251]: A7540C0201: client=ip-172-34-46-243.eu-west-1.compute.internal[172.34.46.243]
Nov  8 09:06:17 ip-172-34-5-23 postfix/cleanup[3351]: A7540C0201: message-id=<1E878F23383F268DB7575F3F05A3A689A3B9DDD2@EC2AMAZ02TUE9GT>
Nov  8 09:06:17 ip-172-34-5-23 postfix/cleanup[3351]: A7540C0201: warning: header Subject: 3 ans ! Joyeux anniversaire from ip-172-34-46-243.eu-west-1.compute.internal[172.34.46.243]; from=<edmBE.nutricia@nutricia.com> to=<wendytrotin05@gmail.com> proto=ESMTP helo=<EC2AMAZ-2TUE9GT>
Nov  8 09:06:17 ip-172-34-5-23 postfix/qmgr[5370]: A7540C0201: from=<edmBE.nutricia@nutricia.com>, size=63851, nrcpt=1 (queue active)
Nov  8 09:06:17 ip-172-34-5-23 postfix/smtp[27246]: A7540C0201: to=<wendytrotin05@gmail.com>, relay=email-smtp.eu-west-1.amazonaws.com[52.17.212.138]:587, delay=0.25, delays=0.06/0/0.07/0.11, dsn=2.0.0, status=sent (250 Ok 0102016e4a0cb7ea-f4519cb5-8f33-4685-83c7-80a041f3b086-000000)
Nov  8 09:06:17 ip-172-34-5-23 postfix/qmgr[5370]: A7540C0201: removed
Nov  8 09:06:18 ip-172-34-5-23 postfix/smtpd[9251]: 29D48C0201: client=ip-172-34-46-243.eu-west-1.compute.internal[172.34.46.243]
Nov  8 09:06:18 ip-172-34-5-23 postfix/cleanup[2390]: 29D48C0201: message-id=<A95D77CBF5AB32AE02E9A56FFE93885F7F6CC2B2@EC2AMAZ02TUE9GT>
Nov  8 09:06:18 ip-172-34-5-23 postfix/cleanup[2390]: 29D48C0201: warning: header Subject: 3 ans ! Joyeux anniversaire from ip-172-34-46-243.eu-west-1.compute.internal[172.34.46.243]; from=<edmBE.nutricia@nutricia.com> to=<celine.lebrun01@gmail.com> proto=ESMTP helo=<EC2AMAZ-2TUE9GT>
Nov  8 09:06:18 ip-172-34-5-23 postfix/qmgr[5370]: 29D48C0201: from=<edmBE.nutricia@nutricia.com>, size=63768, nrcpt=1 (queue active)
Nov  8 09:06:18 ip-172-34-5-23 postfix/smtp[3522]: 29D48C0201: to=<celine.lebrun01@gmail.com>, relay=email-smtp.eu-west-1.amazonaws.com[52.48.248.62]:587, delay=0.28, delays=0.07/0/0.07/0.14, dsn=2.0.0, status=sent (250 Ok 0102016e4a0cb9d3-4e242ae3-783b-45ea-8289-843b68dc98c7-000000)
Nov  8 09:06:18 ip-172-34-5-23 postfix/qmgr[5370]: 29D48C0201: removed
Nov  8 09:06:18 ip-172-34-5-23 postfix/smtpd[9251]: B3E82C0201: client=ip-172-34-46-243.eu-west-1.compute.internal[172.34.46.243]
Nov  8 09:06:18 ip-172-34-5-23 postfix/cleanup[2390]: B3E82C0201: message-id=<4F69247BD115A4F564A7295E2502F9CE894DB3FE@EC2AMAZ02TUE9GT>
Nov  8 09:06:18 ip-172-34-5-23 postfix/cleanup[2390]: B3E82C0201: warning: header Subject: 3 ans ! Joyeux anniversaire from ip-172-34-46-243.eu-west-1.compute.internal[172.34.46.243]; from=<edmBE.nutricia@nutricia.com> to=<elodie.surain13@gmail.com> proto=ESMTP helo=<EC2AMAZ-2TUE9GT>
Nov  8 09:06:18 ip-172-34-5-23 postfix/qmgr[5370]: B3E82C0201: from=<edmBE.nutricia@nutricia.com>, size=63806, nrcpt=1 (queue active)
Nov  8 09:06:19 ip-172-34-5-23 postfix/smtp[17666]: B3E82C0201: to=<elodie.surain
Nov  8 09:06:17 ip-172-34-5-23 postfix/smtpd[9251]: A7540C0201: client=ip-172-34-46-243.eu-west-1.compute.internal[172.34.46.243]
Nov  8 09:06:17 ip-172-34-5-23 postfix/cleanup[3351]: A7540C0201: message-id=<1E878F23383F268DB7575F3F05A3A689A3B9DDD2@EC2AMAZ02TUE9GT>
Nov  8 09:06:17 ip-172-34-5-23 postfix/cleanup[3351]: A7540C0201: warning: header Subject: 3 ans ! Joyeux anniversaire from ip-172-34-46-243.eu-west-1.compute.internal[172.34.46.243]; from=<edmBE.nutricia@nutricia.com> to=<wendytrotin05@gmail.com> proto=ESMTP helo=<EC2AMAZ-2TUE9GT>
Nov  8 09:06:17 ip-172-34-5-23 postfix/qmgr[5370]: A7540C0201: from=<edmBE.nutricia@nutricia.com>, size=63851, nrcpt=1 (queue active)
Nov  8 09:06:17 ip-172-34-5-23 postfix/smtp[27246]: A7540C0201: to=<wendytrotin05@gmail.com>, relay=email-smtp.eu-west-1.amazonaws.com[52.17.212.138]:587, delay=0.25, delays=0.06/0/0.07/0.11, dsn=2.0.0, status=sent (250 Ok 0102016e4a0cb7ea-f4519cb5-8f33-4685-83c7-80a041f3b086-000000)
Nov  8 09:06:17 ip-172-34-5-23 postfix/qmgr[5370]: A7540C0201: removed
Nov  8 09:06:18 ip-172-34-5-23 postfix/smtpd[9251]: 29D48C0201: client=ip-172-34-46-243.eu-west-1.compute.internal[172.34.46.243]
Nov  8 09:06:18 ip-172-34-5-23 postfix/cleanup[2390]: 29D48C0201: message-id=<A95D77CBF5AB32AE02E9A56FFE93885F7F6CC2B2@EC2AMAZ02TUE9GT>
Nov  8 09:06:18 ip-172-34-5-23 postfix/cleanup[2390]: 29D48C0201: warning: header Subject: 3 ans ! Joyeux anniversaire from ip-172-34-46-243.eu-west-1.compute.internal[172.34.46.243]; from=<edmBE.nutricia@nutricia.com> to=<celine.lebrun01@gmail.com> proto=ESMTP helo=<EC2AMAZ-2TUE9GT>
Nov  8 09:06:18 ip-172-34-5-23 postfix/qmgr[5370]: 29D48C0201: from=<edmBE.nutricia@nutricia.com>, size=63768, nrcpt=1 (queue active)
Nov  8 09:06:18 ip-172-34-5-23 postfix/smtp[3522]: 29D48C0201: to=<celine.lebrun01@gmail.com>, relay=email-smtp.eu-west-1.amazonaws.com[52.48.248.62]:587, delay=0.28, delays=0.07/0/0.07/0.14, dsn=2.0.0, status=sent (250 Ok 0102016e4a0cb9d3-4e242ae3-783b-45ea-8289-843b68dc98c7-000000)
Nov  8 09:06:18 ip-172-34-5-23 postfix/qmgr[5370]: 29D48C0201: removed
Nov  8 09:06:18 ip-172-34-5-23 postfix/smtpd[9251]: B3E82C0201: client=ip-172-34-46-243.eu-west-1.compute.internal[172.34.46.243]
Nov  8 09:06:18 ip-172-34-5-23 postfix/cleanup[2390]: B3E82C0201: message-id=<4F69247BD115A4F564A7295E2502F9CE894DB3FE@EC2AMAZ02TUE9GT>
Nov  8 09:06:18 ip-172-34-5-23 postfix/cleanup[2390]: B3E82C0201: warning: header Subject: 3 ans ! Joyeux anniversaire from ip-172-34-46-243.eu-west-1.compute.internal[172.34.46.243]; from=<edmBE.nutricia@nutricia.com> to=<elodie.surain13@gmail.com> proto=ESMTP helo=<EC2AMAZ-2TUE9GT>
Nov  8 09:06:18 ip-172-34-5-23 postfix/qmgr[5370]: B3E82C0201: from=<edmBE.nutricia@nutricia.com>, size=63806, nrcpt=1 (queue active)
Nov  8 09:06:19 ip-172-34-5-23 postfix/smtp[17666]: B3E82C0201: to=<elodie.surain
Nov  8 09:06:17 ip-172-34-5-23 postfix/smtpd[9251]: A7540C0201: client=ip-172-34-46-243.eu-west-1.compute.internal[172.34.46.243]
Nov  8 09:06:17 ip-172-34-5-23 postfix/cleanup[3351]: A7540C0201: message-id=<1E878F23383F268DB7575F3F05A3A689A3B9DDD2@EC2AMAZ02TUE9GT>
Nov  8 09:06:17 ip-172-34-5-23 postfix/cleanup[3351]: A7540C0201: warning: header Subject: 3 ans ! Joyeux anniversaire from ip-172-34-46-243.eu-west-1.compute.internal[172.34.46.243]; from=<edmBE.nutricia@nutricia.com> to=<wendytrotin05@gmail.com> proto=ESMTP helo=<EC2AMAZ-2TUE9GT>
Nov  8 09:06:17 ip-172-34-5-23 postfix/qmgr[5370]: A7540C0201: from=<edmBE.nutricia@nutricia.com>, size=63851, nrcpt=1 (queue active)
Nov  8 09:06:17 ip-172-34-5-23 postfix/smtp[27246]: A7540C0201: to=<wendytrotin05@gmail.com>, relay=email-smtp.eu-west-1.amazonaws.com[52.17.212.138]:587, delay=0.25, delays=0.06/0/0.07/0.11, dsn=2.0.0, status=sent (250 Ok 0102016e4a0cb7ea-f4519cb5-8f33-4685-83c7-80a041f3b086-000000)
Nov  8 09:06:17 ip-172-34-5-23 postfix/qmgr[5370]: A7540C0201: removed
Nov  8 09:06:18 ip-172-34-5-23 postfix/smtpd[9251]: 29D48C0201: client=ip-172-34-46-243.eu-west-1.compute.internal[172.34.46.243]
Nov  8 09:06:18 ip-172-34-5-23 postfix/cleanup[2390]: 29D48C0201: message-id=<A95D77CBF5AB32AE02E9A56FFE93885F7F6CC2B2@EC2AMAZ02TUE9GT>
Nov  8 09:06:18 ip-172-34-5-23 postfix/cleanup[2390]: 29D48C0201: warning: header Subject: 3 ans ! Joyeux anniversaire from ip-172-34-46-243.eu-west-1.compute.internal[172.34.46.243]; from=<edmBE.nutricia@nutricia.com> to=<celine.lebrun01@gmail.com> proto=ESMTP helo=<EC2AMAZ-2TUE9GT>
Nov  8 09:06:18 ip-172-34-5-23 postfix/qmgr[5370]: 29D48C0201: from=<edmBE.nutricia@nutricia.com>, size=63768, nrcpt=1 (queue active)
Nov  8 09:06:18 ip-172-34-5-23 postfix/smtp[3522]: 29D48C0201: to=<celine.lebrun01@gmail.com>, relay=email-smtp.eu-west-1.amazonaws.com[52.48.248.62]:587, delay=0.28, delays=0.07/0/0.07/0.14, dsn=2.0.0, status=sent (250 Ok 0102016e4a0cb9d3-4e242ae3-783b-45ea-8289-843b68dc98c7-000000)
Nov  8 09:06:18 ip-172-34-5-23 postfix/qmgr[5370]: 29D48C0201: removed
Nov  8 09:06:18 ip-172-34-5-23 postfix/smtpd[9251]: B3E82C0201: client=ip-172-34-46-243.eu-west-1.compute.internal[172.34.46.243]
Nov  8 09:06:18 ip-172-34-5-23 postfix/cleanup[2390]: B3E82C0201: message-id=<4F69247BD115A4F564A7295E2502F9CE894DB3FE@EC2AMAZ02TUE9GT>
Nov  8 09:06:18 ip-172-34-5-23 postfix/cleanup[2390]: B3E82C0201: warning: header Subject: 3 ans ! Joyeux anniversaire from ip-172-34-46-243.eu-west-1.compute.internal[172.34.46.243]; from=<edmBE.nutricia@nutricia.com> to=<elodie.surain13@gmail.com> proto=ESMTP helo=<EC2AMAZ-2TUE9GT>
Nov  8 09:06:18 ip-172-34-5-23 postfix/qmgr[5370]: B3E82C0201: from=<edmBE.nutricia@nutricia.com>, size=63806, nrcpt=1 (queue active)
Nov  8 09:06:19 ip-172-34-5-23 postfix/smtp[17666]: B3E82C0201: to=<elodie.surain
Nov  8 09:06:17 ip-172-34-5-23 postfix/smtpd[9251]: A7540C0201: client=ip-172-34-46-243.eu-west-1.compute.internal[172.34.46.243]
Nov  8 09:06:17 ip-172-34-5-23 postfix/cleanup[3351]: A7540C0201: message-id=<1E878F23383F268DB7575F3F05A3A689A3B9DDD2@EC2AMAZ02TUE9GT>
Nov  8 09:06:17 ip-172-34-5-23 postfix/cleanup[3351]: A7540C0201: warning: header Subject: 3 ans ! Joyeux anniversaire from ip-172-34-46-243.eu-west-1.compute.internal[172.34.46.243]; from=<edmBE.nutricia@nutricia.com> to=<wendytrotin05@gmail.com> proto=ESMTP helo=<EC2AMAZ-2TUE9GT>
Nov  8 09:06:17 ip-172-34-5-23 postfix/qmgr[5370]: A7540C0201: from=<edmBE.nutricia@nutricia.com>, size=63851, nrcpt=1 (queue active)
Nov  8 09:06:17 ip-172-34-5-23 postfix/smtp[27246]: A7540C0201: to=<wendytrotin05@gmail.com>, relay=email-smtp.eu-west-1.amazonaws.com[52.17.212.138]:587, delay=0.25, delays=0.06/0/0.07/0.11, dsn=2.0.0, status=sent (250 Ok 0102016e4a0cb7ea-f4519cb5-8f33-4685-83c7-80a041f3b086-000000)
Nov  8 09:06:17 ip-172-34-5-23 postfix/qmgr[5370]: A7540C0201: removed
Nov  8 09:06:18 ip-172-34-5-23 postfix/smtpd[9251]: 29D48C0201: client=ip-172-34-46-243.eu-west-1.compute.internal[172.34.46.243]
Nov  8 09:06:18 ip-172-34-5-23 postfix/cleanup[2390]: 29D48C0201: message-id=<A95D77CBF5AB32AE02E9A56FFE93885F7F6CC2B2@EC2AMAZ02TUE9GT>
Nov  8 09:06:18 ip-172-34-5-23 postfix/cleanup[2390]: 29D48C0201: warning: header Subject: 3 ans ! Joyeux anniversaire from ip-172-34-46-243.eu-west-1.compute.internal[172.34.46.243]; from=<edmBE.nutricia@nutricia.com> to=<celine.lebrun01@gmail.com> proto=ESMTP helo=<EC2AMAZ-2TUE9GT>
Nov  8 09:06:18 ip-172-34-5-23 postfix/qmgr[5370]: 29D48C0201: from=<edmBE.nutricia@nutricia.com>, size=63768, nrcpt=1 (queue active)
Nov  8 09:06:18 ip-172-34-5-23 postfix/smtp[3522]: 29D48C0201: to=<celine.lebrun01@gmail.com>, relay=email-smtp.eu-west-1.amazonaws.com[52.48.248.62]:587, delay=0.28, delays=0.07/0/0.07/0.14, dsn=2.0.0, status=sent (250 Ok 0102016e4a0cb9d3-4e242ae3-783b-45ea-8289-843b68dc98c7-000000)
Nov  8 09:06:18 ip-172-34-5-23 postfix/qmgr[5370]: 29D48C0201: removed
Nov  8 09:06:18 ip-172-34-5-23 postfix/smtpd[9251]: B3E82C0201: client=ip-172-34-46-243.eu-west-1.compute.internal[172.34.46.243]
Nov  8 09:06:18 ip-172-34-5-23 postfix/cleanup[2390]: B3E82C0201: message-id=<4F69247BD115A4F564A7295E2502F9CE894DB3FE@EC2AMAZ02TUE9GT>
Nov  8 09:06:18 ip-172-34-5-23 postfix/cleanup[2390]: B3E82C0201: warning: header Subject: 3 ans ! Joyeux anniversaire from ip-172-34-46-243.eu-west-1.compute.internal[172.34.46.243]; from=<edmBE.nutricia@nutricia.com> to=<elodie.surain13@gmail.com> proto=ESMTP helo=<EC2AMAZ-2TUE9GT>
Nov  8 09:06:18 ip-172-34-5-23 postfix/qmgr[5370]: B3E82C0201: from=<edmBE.nutricia@nutricia.com>, size=63806, nrcpt=1 (queue active)
Nov  8 09:06:19 ip-172-34-5-23 postfix/smtp[17666]: B3E82C0201: to=<elodie.surainNov  8 09:06:17 ip-172-34-5-23 postfix/smtpd[9251]: A7540C0201: client=ip-172-34-46-243.eu-west-1.compute.internal[172.34.46.243]
Nov  8 09:06:17 ip-172-34-5-23 postfix/cleanup[3351]: A7540C0201: message-id=<1E878F23383F268DB7575F3F05A3A689A3B9DDD2@EC2AMAZ02TUE9GT>
Nov  8 09:06:17 ip-172-34-5-23 postfix/cleanup[3351]: A7540C0201: warning: header Subject: 3 ans ! Joyeux anniversaire from ip-172-34-46-243.eu-west-1.compute.internal[172.34.46.243]; from=<edmBE.nutricia@nutricia.com> to=<wendytrotin05@gmail.com> proto=ESMTP helo=<EC2AMAZ-2TUE9GT>
Nov  8 09:06:17 ip-172-34-5-23 postfix/qmgr[5370]: A7540C0201: from=<edmBE.nutricia@nutricia.com>, size=63851, nrcpt=1 (queue active)
Nov  8 09:06:17 ip-172-34-5-23 postfix/smtp[27246]: A7540C0201: to=<wendytrotin05@gmail.com>, relay=email-smtp.eu-west-1.amazonaws.com[52.17.212.138]:587, delay=0.25, delays=0.06/0/0.07/0.11, dsn=2.0.0, status=sent (250 Ok 0102016e4a0cb7ea-f4519cb5-8f33-4685-83c7-80a041f3b086-000000)
Nov  8 09:06:17 ip-172-34-5-23 postfix/qmgr[5370]: A7540C0201: removed
Nov  8 09:06:18 ip-172-34-5-23 postfix/smtpd[9251]: 29D48C0201: client=ip-172-34-46-243.eu-west-1.compute.internal[172.34.46.243]
Nov  8 09:06:18 ip-172-34-5-23 postfix/cleanup[2390]: 29D48C0201: message-id=<A95D77CBF5AB32AE02E9A56FFE93885F7F6CC2B2@EC2AMAZ02TUE9GT>
Nov  8 09:06:18 ip-172-34-5-23 postfix/cleanup[2390]: 29D48C0201: warning: header Subject: 3 ans ! Joyeux anniversaire from ip-172-34-46-243.eu-west-1.compute.internal[172.34.46.243]; from=<edmBE.nutricia@nutricia.com> to=<celine.lebrun01@gmail.com> proto=ESMTP helo=<EC2AMAZ-2TUE9GT>
Nov  8 09:06:18 ip-172-34-5-23 postfix/qmgr[5370]: 29D48C0201: from=<edmBE.nutricia@nutricia.com>, size=63768, nrcpt=1 (queue active)
Nov  8 09:06:18 ip-172-34-5-23 postfix/smtp[3522]: 29D48C0201: to=<celine.lebrun01@gmail.com>, relay=email-smtp.eu-west-1.amazonaws.com[52.48.248.62]:587, delay=0.28, delays=0.07/0/0.07/0.14, dsn=2.0.0, status=sent (250 Ok 0102016e4a0cb9d3-4e242ae3-783b-45ea-8289-843b68dc98c7-000000)
Nov  8 09:06:18 ip-172-34-5-23 postfix/qmgr[5370]: 29D48C0201: removed
Nov  8 09:06:18 ip-172-34-5-23 postfix/smtpd[9251]: B3E82C0201: client=ip-172-34-46-243.eu-west-1.compute.internal[172.34.46.243]
Nov  8 09:06:18 ip-172-34-5-23 postfix/cleanup[2390]: B3E82C0201: message-id=<4F69247BD115A4F564A7295E2502F9CE894DB3FE@EC2AMAZ02TUE9GT>
Nov  8 09:06:18 ip-172-34-5-23 postfix/cleanup[2390]: B3E82C0201: warning: header Subject: 3 ans ! Joyeux anniversaire from ip-172-34-46-243.eu-west-1.compute.internal[172.34.46.243]; from=<edmBE.nutricia@nutricia.com> to=<elodie.surain13@gmail.com> proto=ESMTP helo=<EC2AMAZ-2TUE9GT>
Nov  8 09:06:18 ip-172-34-5-23 postfix/qmgr[5370]: B3E82C0201: from=<edmBE.nutricia@nutricia.com>, size=63806, nrcpt=1 (queue active)
Nov  8 09:06:19 ip-172-34-5-23 postfix/smtp[17666]: B3E82C0201: to=<elodie.surain
Nov  8 09:06:17 ip-172-34-5-23 postfix/smtpd[9251]: A7540C0201: client=ip-172-34-46-243.eu-west-1.compute.internal[172.34.46.243]
Nov  8 09:06:17 ip-172-34-5-23 postfix/cleanup[3351]: A7540C0201: message-id=<1E878F23383F268DB7575F3F05A3A689A3B9DDD2@EC2AMAZ02TUE9GT>
Nov  8 09:06:17 ip-172-34-5-23 postfix/cleanup[3351]: A7540C0201: warning: header Subject: 3 ans ! Joyeux anniversaire from ip-172-34-46-243.eu-west-1.compute.internal[172.34.46.243]; from=<edmBE.nutricia@nutricia.com> to=<wendytrotin05@gmail.com> proto=ESMTP helo=<EC2AMAZ-2TUE9GT>
Nov  8 09:06:17 ip-172-34-5-23 postfix/qmgr[5370]: A7540C0201: from=<edmBE.nutricia@nutricia.com>, size=63851, nrcpt=1 (queue active)
Nov  8 09:06:17 ip-172-34-5-23 postfix/smtp[27246]: A7540C0201: to=<wendytrotin05@gmail.com>, relay=email-smtp.eu-west-1.amazonaws.com[52.17.212.138]:587, delay=0.25, delays=0.06/0/0.07/0.11, dsn=2.0.0, status=sent (250 Ok 0102016e4a0cb7ea-f4519cb5-8f33-4685-83c7-80a041f3b086-000000)
Nov  8 09:06:17 ip-172-34-5-23 postfix/qmgr[5370]: A7540C0201: removed
Nov  8 09:06:18 ip-172-34-5-23 postfix/smtpd[9251]: 29D48C0201: client=ip-172-34-46-243.eu-west-1.compute.internal[172.34.46.243]
Nov  8 09:06:18 ip-172-34-5-23 postfix/cleanup[2390]: 29D48C0201: message-id=<A95D77CBF5AB32AE02E9A56FFE93885F7F6CC2B2@EC2AMAZ02TUE9GT>
Nov  8 09:06:18 ip-172-34-5-23 postfix/cleanup[2390]: 29D48C0201: warning: header Subject: 3 ans ! Joyeux anniversaire from ip-172-34-46-243.eu-west-1.compute.internal[172.34.46.243]; from=<edmBE.nutricia@nutricia.com> to=<celine.lebrun01@gmail.com> proto=ESMTP helo=<EC2AMAZ-2TUE9GT>
Nov  8 09:06:18 ip-172-34-5-23 postfix/qmgr[5370]: 29D48C0201: from=<edmBE.nutricia@nutricia.com>, size=63768, nrcpt=1 (queue active)
Nov  8 09:06:18 ip-172-34-5-23 postfix/smtp[3522]: 29D48C0201: to=<celine.lebrun01@gmail.com>, relay=email-smtp.eu-west-1.amazonaws.com[52.48.248.62]:587, delay=0.28, delays=0.07/0/0.07/0.14, dsn=2.0.0, status=sent (250 Ok 0102016e4a0cb9d3-4e242ae3-783b-45ea-8289-843b68dc98c7-000000)
Nov  8 09:06:18 ip-172-34-5-23 postfix/qmgr[5370]: 29D48C0201: removed
Nov  8 09:06:18 ip-172-34-5-23 postfix/smtpd[9251]: B3E82C0201: client=ip-172-34-46-243.eu-west-1.compute.internal[172.34.46.243]
Nov  8 09:06:18 ip-172-34-5-23 postfix/cleanup[2390]: B3E82C0201: message-id=<4F69247BD115A4F564A7295E2502F9CE894DB3FE@EC2AMAZ02TUE9GT>
Nov  8 09:06:18 ip-172-34-5-23 postfix/cleanup[2390]: B3E82C0201: warning: header Subject: 3 ans ! Joyeux anniversaire from ip-172-34-46-243.eu-west-1.compute.internal[172.34.46.243]; from=<edmBE.nutricia@nutricia.com> to=<elodie.surain13@gmail.com> proto=ESMTP helo=<EC2AMAZ-2TUE9GT>
Nov  8 09:06:18 ip-172-34-5-23 postfix/qmgr[5370]: B3E82C0201: from=<edmBE.nutricia@nutricia.com>, size=63806, nrcpt=1 (queue active)
Nov  8 09:06:19 ip-172-34-5-23 postfix/smtp[17666]: B3E82C0201: to=<elodie.surain
Nov  8 09:06:17 ip-172-34-5-23 postfix/smtpd[9251]: A7540C0201: client=ip-172-34-46-243.eu-west-1.compute.internal[172.34.46.243]
Nov  8 09:06:17 ip-172-34-5-23 postfix/cleanup[3351]: A7540C0201: message-id=<1E878F23383F268DB7575F3F05A3A689A3B9DDD2@EC2AMAZ02TUE9GT>
Nov  8 09:06:17 ip-172-34-5-23 postfix/cleanup[3351]: A7540C0201: warning: header Subject: 3 ans ! Joyeux anniversaire from ip-172-34-46-243.eu-west-1.compute.internal[172.34.46.243]; from=<edmBE.nutricia@nutricia.com> to=<wendytrotin05@gmail.com> proto=ESMTP helo=<EC2AMAZ-2TUE9GT>
Nov  8 09:06:17 ip-172-34-5-23 postfix/qmgr[5370]: A7540C0201: from=<edmBE.nutricia@nutricia.com>, size=63851, nrcpt=1 (queue active)
Nov  8 09:06:17 ip-172-34-5-23 postfix/smtp[27246]: A7540C0201: to=<wendytrotin05@gmail.com>, relay=email-smtp.eu-west-1.amazonaws.com[52.17.212.138]:587, delay=0.25, delays=0.06/0/0.07/0.11, dsn=2.0.0, status=sent (250 Ok 0102016e4a0cb7ea-f4519cb5-8f33-4685-83c7-80a041f3b086-000000)
Nov  8 09:06:17 ip-172-34-5-23 postfix/qmgr[5370]: A7540C0201: removed
Nov  8 09:06:18 ip-172-34-5-23 postfix/smtpd[9251]: 29D48C0201: client=ip-172-34-46-243.eu-west-1.compute.internal[172.34.46.243]
Nov  8 09:06:18 ip-172-34-5-23 postfix/cleanup[2390]: 29D48C0201: message-id=<A95D77CBF5AB32AE02E9A56FFE93885F7F6CC2B2@EC2AMAZ02TUE9GT>
Nov  8 09:06:18 ip-172-34-5-23 postfix/cleanup[2390]: 29D48C0201: warning: header Subject: 3 ans ! Joyeux anniversaire from ip-172-34-46-243.eu-west-1.compute.internal[172.34.46.243]; from=<edmBE.nutricia@nutricia.com> to=<celine.lebrun01@gmail.com> proto=ESMTP helo=<EC2AMAZ-2TUE9GT>
Nov  8 09:06:18 ip-172-34-5-23 postfix/qmgr[5370]: 29D48C0201: from=<edmBE.nutricia@nutricia.com>, size=63768, nrcpt=1 (queue active)
Nov  8 09:06:18 ip-172-34-5-23 postfix/smtp[3522]: 29D48C0201: to=<celine.lebrun01@gmail.com>, relay=email-smtp.eu-west-1.amazonaws.com[52.48.248.62]:587, delay=0.28, delays=0.07/0/0.07/0.14, dsn=2.0.0, status=sent (250 Ok 0102016e4a0cb9d3-4e242ae3-783b-45ea-8289-843b68dc98c7-000000)
Nov  8 09:06:18 ip-172-34-5-23 postfix/qmgr[5370]: 29D48C0201: removed
Nov  8 09:06:18 ip-172-34-5-23 postfix/smtpd[9251]: B3E82C0201: client=ip-172-34-46-243.eu-west-1.compute.internal[172.34.46.243]
Nov  8 09:06:18 ip-172-34-5-23 postfix/cleanup[2390]: B3E82C0201: message-id=<4F69247BD115A4F564A7295E2502F9CE894DB3FE@EC2AMAZ02TUE9GT>
Nov  8 09:06:18 ip-172-34-5-23 postfix/cleanup[2390]: B3E82C0201: warning: header Subject: 3 ans ! Joyeux anniversaire from ip-172-34-46-243.eu-west-1.compute.internal[172.34.46.243]; from=<edmBE.nutricia@nutricia.com> to=<elodie.surain13@gmail.com> proto=ESMTP helo=<EC2AMAZ-2TUE9GT>
Nov  8 09:06:18 ip-172-34-5-23 postfix/qmgr[5370]: B3E82C0201: from=<edmBE.nutricia@nutricia.com>, size=63806, nrcpt=1 (queue active)
Nov  8 09:06:19 ip-172-34-5-23 postfix/smtp[17666]: B3E82C0201: to=<elodie.surain
Nov  8 09:06:17 ip-172-34-5-23 postfix/smtpd[9251]: A7540C0201: client=ip-172-34-46-243.eu-west-1.compute.internal[172.34.46.243]
Nov  8 09:06:17 ip-172-34-5-23 postfix/cleanup[3351]: A7540C0201: message-id=<1E878F23383F268DB7575F3F05A3A689A3B9DDD2@EC2AMAZ02TUE9GT>
Nov  8 09:06:17 ip-172-34-5-23 postfix/cleanup[3351]: A7540C0201: warning: header Subject: 3 ans ! Joyeux anniversaire from ip-172-34-46-243.eu-west-1.compute.internal[172.34.46.243]; from=<edmBE.nutricia@nutricia.com> to=<wendytrotin05@gmail.com> proto=ESMTP helo=<EC2AMAZ-2TUE9GT>
Nov  8 09:06:17 ip-172-34-5-23 postfix/qmgr[5370]: A7540C0201: from=<edmBE.nutricia@nutricia.com>, size=63851, nrcpt=1 (queue active)
Nov  8 09:06:17 ip-172-34-5-23 postfix/smtp[27246]: A7540C0201: to=<wendytrotin05@gmail.com>, relay=email-smtp.eu-west-1.amazonaws.com[52.17.212.138]:587, delay=0.25, delays=0.06/0/0.07/0.11, dsn=2.0.0, status=sent (250 Ok 0102016e4a0cb7ea-f4519cb5-8f33-4685-83c7-80a041f3b086-000000)
Nov  8 09:06:17 ip-172-34-5-23 postfix/qmgr[5370]: A7540C0201: removed
Nov  8 09:06:18 ip-172-34-5-23 postfix/smtpd[9251]: 29D48C0201: client=ip-172-34-46-243.eu-west-1.compute.internal[172.34.46.243]
Nov  8 09:06:18 ip-172-34-5-23 postfix/cleanup[2390]: 29D48C0201: message-id=<A95D77CBF5AB32AE02E9A56FFE93885F7F6CC2B2@EC2AMAZ02TUE9GT>
Nov  8 09:06:18 ip-172-34-5-23 postfix/cleanup[2390]: 29D48C0201: warning: header Subject: 3 ans ! Joyeux anniversaire from ip-172-34-46-243.eu-west-1.compute.internal[172.34.46.243]; from=<edmBE.nutricia@nutricia.com> to=<celine.lebrun01@gmail.com> proto=ESMTP helo=<EC2AMAZ-2TUE9GT>
Nov  8 09:06:18 ip-172-34-5-23 postfix/qmgr[5370]: 29D48C0201: from=<edmBE.nutricia@nutricia.com>, size=63768, nrcpt=1 (queue active)
Nov  8 09:06:18 ip-172-34-5-23 postfix/smtp[3522]: 29D48C0201: to=<celine.lebrun01@gmail.com>, relay=email-smtp.eu-west-1.amazonaws.com[52.48.248.62]:587, delay=0.28, delays=0.07/0/0.07/0.14, dsn=2.0.0, status=sent (250 Ok 0102016e4a0cb9d3-4e242ae3-783b-45ea-8289-843b68dc98c7-000000)
Nov  8 09:06:18 ip-172-34-5-23 postfix/qmgr[5370]: 29D48C0201: removed
Nov  8 09:06:18 ip-172-34-5-23 postfix/smtpd[9251]: B3E82C0201: client=ip-172-34-46-243.eu-west-1.compute.internal[172.34.46.243]
Nov  8 09:06:18 ip-172-34-5-23 postfix/cleanup[2390]: B3E82C0201: message-id=<4F69247BD115A4F564A7295E2502F9CE894DB3FE@EC2AMAZ02TUE9GT>
Nov  8 09:06:18 ip-172-34-5-23 postfix/cleanup[2390]: B3E82C0201: warning: header Subject: 3 ans ! Joyeux anniversaire from ip-172-34-46-243.eu-west-1.compute.internal[172.34.46.243]; from=<edmBE.nutricia@nutricia.com> to=<elodie.surain13@gmail.com> proto=ESMTP helo=<EC2AMAZ-2TUE9GT>
Nov  8 09:06:18 ip-172-34-5-23 postfix/qmgr[5370]: B3E82C0201: from=<edmBE.nutricia@nutricia.com>, size=63806, nrcpt=1 (queue active)
Nov  8 09:06:19 ip-172-34-5-23 postfix/smtp[17666]: B3E82C0201: to=<elodie.surain
Nov  8 09:06:17 ip-172-34-5-23 postfix/smtpd[9251]: A7540C0201: client=ip-172-34-46-243.eu-west-1.compute.internal[172.34.46.243]
Nov  8 09:06:17 ip-172-34-5-23 postfix/cleanup[3351]: A7540C0201: message-id=<1E878F23383F268DB7575F3F05A3A689A3B9DDD2@EC2AMAZ02TUE9GT>
Nov  8 09:06:17 ip-172-34-5-23 postfix/cleanup[3351]: A7540C0201: warning: header Subject: 3 ans ! Joyeux anniversaire from ip-172-34-46-243.eu-west-1.compute.internal[172.34.46.243]; from=<edmBE.nutricia@nutricia.com> to=<wendytrotin05@gmail.com> proto=ESMTP helo=<EC2AMAZ-2TUE9GT>
Nov  8 09:06:17 ip-172-34-5-23 postfix/qmgr[5370]: A7540C0201: from=<edmBE.nutricia@nutricia.com>, size=63851, nrcpt=1 (queue active)
Nov  8 09:06:17 ip-172-34-5-23 postfix/smtp[27246]: A7540C0201: to=<wendytrotin05@gmail.com>, relay=email-smtp.eu-west-1.amazonaws.com[52.17.212.138]:587, delay=0.25, delays=0.06/0/0.07/0.11, dsn=2.0.0, status=sent (250 Ok 0102016e4a0cb7ea-f4519cb5-8f33-4685-83c7-80a041f3b086-000000)
Nov  8 09:06:17 ip-172-34-5-23 postfix/qmgr[5370]: A7540C0201: removed
Nov  8 09:06:18 ip-172-34-5-23 postfix/smtpd[9251]: 29D48C0201: client=ip-172-34-46-243.eu-west-1.compute.internal[172.34.46.243]
Nov  8 09:06:18 ip-172-34-5-23 postfix/cleanup[2390]: 29D48C0201: message-id=<A95D77CBF5AB32AE02E9A56FFE93885F7F6CC2B2@EC2AMAZ02TUE9GT>
Nov  8 09:06:18 ip-172-34-5-23 postfix/cleanup[2390]: 29D48C0201: warning: header Subject: 3 ans ! Joyeux anniversaire from ip-172-34-46-243.eu-west-1.compute.internal[172.34.46.243]; from=<edmBE.nutricia@nutricia.com> to=<celine.lebrun01@gmail.com> proto=ESMTP helo=<EC2AMAZ-2TUE9GT>
Nov  8 09:06:18 ip-172-34-5-23 postfix/qmgr[5370]: 29D48C0201: from=<edmBE.nutricia@nutricia.com>, size=63768, nrcpt=1 (queue active)
Nov  8 09:06:18 ip-172-34-5-23 postfix/smtp[3522]: 29D48C0201: to=<celine.lebrun01@gmail.com>, relay=email-smtp.eu-west-1.amazonaws.com[52.48.248.62]:587, delay=0.28, delays=0.07/0/0.07/0.14, dsn=2.0.0, status=sent (250 Ok 0102016e4a0cb9d3-4e242ae3-783b-45ea-8289-843b68dc98c7-000000)
Nov  8 09:06:18 ip-172-34-5-23 postfix/qmgr[5370]: 29D48C0201: removed
Nov  8 09:06:18 ip-172-34-5-23 postfix/smtpd[9251]: B3E82C0201: client=ip-172-34-46-243.eu-west-1.compute.internal[172.34.46.243]
Nov  8 09:06:18 ip-172-34-5-23 postfix/cleanup[2390]: B3E82C0201: message-id=<4F69247BD115A4F564A7295E2502F9CE894DB3FE@EC2AMAZ02TUE9GT>
Nov  8 09:06:18 ip-172-34-5-23 postfix/cleanup[2390]: B3E82C0201: warning: header Subject: 3 ans ! Joyeux anniversaire from ip-172-34-46-243.eu-west-1.compute.internal[172.34.46.243]; from=<edmBE.nutricia@nutricia.com> to=<elodie.surain13@gmail.com> proto=ESMTP helo=<EC2AMAZ-2TUE9GT>
Nov  8 09:06:18 ip-172-34-5-23 postfix/qmgr[5370]: B3E82C0201: from=<edmBE.nutricia@nutricia.com>, size=63806, nrcpt=1 (queue active)
Nov  8 09:06:19 ip-172-34-5-23 postfix/smtp[17666]: B3E82C0201: to=<elodie.surain
Nov  8 09:05:51 ip-172-34-5-23 postfix/smtpd[9251]: 8A7FEC0201: client=ip-172-34-46-243.eu-west-1.compute.internal[172.34.46.243]
Nov  8 09:05:51 ip-172-34-5-23 postfix/cleanup[3351]: 8A7FEC0201: message-id=<DFE15DD2CC1DD6A5495F0D53F71B284189426A3D@EC2AMAZ02TUE9GT>
Nov  8 09:05:51 ip-172-34-5-23 postfix/cleanup[3351]: 8A7FEC0201: warning: header Subject: 3 ans ! Joyeux anniversaire from ip-172-34-46-243.eu-west-1.compute.internal[172.34.46.243]; from=<edmBE.nutricia@nutricia.com> to=<alisonhelas93@gmail.com> proto=ESMTP helo=<EC2AMAZ-2TUE9GT>
Nov  8 09:05:51 ip-172-34-5-23 postfix/qmgr[5370]: 8A7FEC0201: from=<edmBE.nutricia@nutricia.com>, size=63882, nrcpt=1 (queue active)
Nov  8 09:05:51 ip-172-34-5-23 postfix/smtp[3522]: 8A7FEC0201: to=<alisonhelas93@gmail.com>, relay=email-smtp.eu-west-1.amazonaws.com[34.250.212.134]:587, delay=0.28, delays=0.07/0/0.09/0.13, dsn=2.0.0, status=sent (250 Ok 0102016e4a0c51ff-41507b85-031e-497a-8bef-ef5eae1be989-000000)
Nov  8 09:05:51 ip-172-34-5-23 postfix/qmgr[5370]: 8A7FEC0201: removed
Nov  8 09:05:51 ip-172-34-5-23 postfix/smtpd[9251]: 8A7FEC0201: client=ip-172-34-46-243.eu-west-1.compute.internal[172.34.46.243]
Nov  8 09:05:51 ip-172-34-5-23 postfix/cleanup[3351]: 8A7FEC0201: message-id=<DFE15DD2CC1DD6A5495F0D53F71B284189426A3D@EC2AMAZ02TUE9GT>
Nov  8 09:05:51 ip-172-34-5-23 postfix/cleanup[3351]: 8A7FEC0201: warning: header Subject: 3 ans ! Joyeux anniversaire from ip-172-34-46-243.eu-west-1.compute.internal[172.34.46.243]; from=<edmBE.nutricia@nutricia.com> to=<alisonhelas93@gmail.com> proto=ESMTP helo=<EC2AMAZ-2TUE9GT>
Nov  8 09:05:51 ip-172-34-5-23 postfix/qmgr[5370]: 8A7FEC0201: from=<edmBE.nutricia@nutricia.com>, size=63882, nrcpt=1 (queue active)
Nov  8 09:05:51 ip-172-34-5-23 postfix/smtp[3522]: 8A7FEC0201: to=<alisonhelas93@gmail.com>, relay=email-smtp.eu-west-1.amazonaws.com[34.250.212.134]:587, delay=0.28, delays=0.07/0/0.09/0.13, dsn=2.0.0, status=sent (250 Ok 0102016e4a0c51ff-41507b85-031e-497a-8bef-ef5eae1be989-000000)
Nov  8 09:05:51 ip-172-34-5-23 postfix/qmgr[5370]: 8A7FEC0201: removed
Nov  8 09:05:51 ip-172-34-5-23 postfix/smtpd[9251]: 8A7FEC0201: client=ip-172-34-46-243.eu-west-1.compute.internal[172.34.46.243]
Nov  8 09:05:51 ip-172-34-5-23 postfix/cleanup[3351]: 8A7FEC0201: message-id=<DFE15DD2CC1DD6A5495F0D53F71B284189426A3D@EC2AMAZ02TUE9GT>
Nov  8 09:05:51 ip-172-34-5-23 postfix/cleanup[3351]: 8A7FEC0201: warning: header Subject: 3 ans ! Joyeux anniversaire from ip-172-34-46-243.eu-west-1.compute.internal[172.34.46.243]; from=<edmBE.nutricia@nutricia.com> to=<alisonhelas93@gmail.com> proto=ESMTP helo=<EC2AMAZ-2TUE9GT>
Nov  8 09:05:51 ip-172-34-5-23 postfix/qmgr[5370]: 8A7FEC0201: from=<edmBE.nutricia@nutricia.com>, size=63882, nrcpt=1 (queue active)
Nov  8 09:05:51 ip-172-34-5-23 postfix/smtp[3522]: 8A7FEC0201: to=<alisonhelas93@gmail.com>, relay=email-smtp.eu-west-1.amazonaws.com[34.250.212.134]:587, delay=0.28, delays=0.07/0/0.09/0.13, dsn=2.0.0, status=sent (250 Ok 0102016e4a0c51ff-41507b85-031e-497a-8bef-ef5eae1be989-000000)
Nov  8 09:05:51 ip-172-34-5-23 postfix/qmgr[5370]: 8A7FEC0201: removed
Nov  8 09:05:51 ip-172-34-5-23 postfix/smtpd[9251]: 8A7FEC0201: client=ip-172-34-46-243.eu-west-1.compute.internal[172.34.46.243]
Nov  8 09:05:51 ip-172-34-5-23 postfix/cleanup[3351]: 8A7FEC0201: message-id=<DFE15DD2CC1DD6A5495F0D53F71B284189426A3D@EC2AMAZ02TUE9GT>
Nov  8 09:05:51 ip-172-34-5-23 postfix/cleanup[3351]: 8A7FEC0201: warning: header Subject: 3 ans ! Joyeux anniversaire from ip-172-34-46-243.eu-west-1.compute.internal[172.34.46.243]; from=<edmBE.nutricia@nutricia.com> to=<alisonhelas93@gmail.com> proto=ESMTP helo=<EC2AMAZ-2TUE9GT>
Nov  8 09:05:51 ip-172-34-5-23 postfix/qmgr[5370]: 8A7FEC0201: from=<edmBE.nutricia@nutricia.com>, size=63882, nrcpt=1 (queue active)
Nov  8 09:05:51 ip-172-34-5-23 postfix/smtp[3522]: 8A7FEC0201: to=<alisonhelas93@gmail.com>, relay=email-smtp.eu-west-1.amazonaws.com[34.250.212.134]:587, delay=0.28, delays=0.07/0/0.09/0.13, dsn=2.0.0, status=sent (250 Ok 0102016e4a0c51ff-41507b85-031e-497a-8bef-ef5eae1be989-000000)
Nov  8 09:05:51 ip-172-34-5-23 postfix/qmgr[5370]: 8A7FEC0201: removed
Nov  8 09:05:51 ip-172-34-5-23 postfix/smtpd[9251]: 8A7FEC0201: client=ip-172-34-46-243.eu-west-1.compute.internal[172.34.46.243]
Nov  8 09:05:51 ip-172-34-5-23 postfix/cleanup[3351]: 8A7FEC0201: message-id=<DFE15DD2CC1DD6A5495F0D53F71B284189426A3D@EC2AMAZ02TUE9GT>
Nov  8 09:05:51 ip-172-34-5-23 postfix/cleanup[3351]: 8A7FEC0201: warning: header Subject: 3 ans ! Joyeux anniversaire from ip-172-34-46-243.eu-west-1.compute.internal[172.34.46.243]; from=<edmBE.nutricia@nutricia.com> to=<alisonhelas93@gmail.com> proto=ESMTP helo=<EC2AMAZ-2TUE9GT>
Nov  8 09:05:51 ip-172-34-5-23 postfix/qmgr[5370]: 8A7FEC0201: from=<edmBE.nutricia@nutricia.com>, size=63882, nrcpt=1 (queue active)
Nov  8 09:05:51 ip-172-34-5-23 postfix/smtp[3522]: 8A7FEC0201: to=<alisonhelas93@gmail.com>, relay=email-smtp.eu-west-1.amazonaws.com[34.250.212.134]:587, delay=0.28, delays=0.07/0/0.09/0.13, dsn=2.0.0, status=sent (250 Ok 0102016e4a0c51ff-41507b85-031e-497a-8bef-ef5eae1be989-000000)
Nov  8 09:05:51 ip-172-34-5-23 postfix/qmgr[5370]: 8A7FEC0201: removed
Nov  8 09:05:51 ip-172-34-5-23 postfix/smtpd[9251]: 8A7FEC0201: client=ip-172-34-46-243.eu-west-1.compute.internal[172.34.46.243]
Nov  8 09:05:51 ip-172-34-5-23 postfix/cleanup[3351]: 8A7FEC0201: message-id=<DFE15DD2CC1DD6A5495F0D53F71B284189426A3D@EC2AMAZ02TUE9GT>
Nov  8 09:05:51 ip-172-34-5-23 postfix/cleanup[3351]: 8A7FEC0201: warning: header Subject: 3 ans ! Joyeux anniversaire from ip-172-34-46-243.eu-west-1.compute.internal[172.34.46.243]; from=<edmBE.nutricia@nutricia.com> to=<alisonhelas93@gmail.com> proto=ESMTP helo=<EC2AMAZ-2TUE9GT>
Nov  8 09:05:51 ip-172-34-5-23 postfix/qmgr[5370]: 8A7FEC0201: from=<edmBE.nutricia@nutricia.com>, size=63882, nrcpt=1 (queue active)
Nov  8 09:05:51 ip-172-34-5-23 postfix/smtp[3522]: 8A7FEC0201: to=<alisonhelas93@gmail.com>, relay=email-smtp.eu-west-1.amazonaws.com[34.250.212.134]:587, delay=0.28, delays=0.07/0/0.09/0.13, dsn=2.0.0, status=sent (250 Ok 0102016e4a0c51ff-41507b85-031e-497a-8bef-ef5eae1be989-000000)
Nov  8 09:05:51 ip-172-34-5-23 postfix/qmgr[5370]: 8A7FEC0201: removed
