Nov  8 09:06:03 ip-172-34-5-23 postfix/cleanup[17616]: 0BD58C0201: warning: header Subject: 3 ans ! Joyeux anniversaire from ip-172-34-46-243.eu-west-1.compute.internal[172.34.46.243]; from=<edmBE.nutricia@nutricia.com> to=<christelledobbelaere@hotmail.com> proto=ESMTP helo=<EC2AMAZ-2TUE9GT>
Nov  8 09:06:03 ip-172-34-5-23 postfix/qmgr[5370]: 0BD58C0201: from=<edmBE.nutricia@nutricia.com>, size=71362, nrcpt=1 (queue active)
Nov  8 09:06:03 ip-172-34-5-23 postfix/smtp[27246]: 0BD58C0201: to=<christelledobbelaere@hotmail.com>, relay=email-smtp.eu-west-1.amazonaws.com[52.208.89.120]:587, delay=0.31, delays=0.06/0/0.09/0.16, dsn=2.0.0, status=sent (250 Ok 0102016e4a0c7ecf-d38b27ee-60eb-483c-b088-07f12f3f08a6-000000)
Nov  8 09:06:03 ip-172-34-5-23 postfix/qmgr[5370]: 0BD58C0201: removed
Nov  8 09:06:03 ip-172-34-5-23 postfix/smtpd[9251]: B8120C0201: client=ip-172-34-46-243.eu-west-1.compute.internal[172.34.46.243]
Nov  8 09:06:03 ip-172-34-5-23 postfix/cleanup[3351]: B8120C0201: message-id=<6CE468E5B3BEC9BBF08569B24CEADAD3B239A750@EC2AMAZ02TUE9GT>
Nov  8 09:06:03 ip-172-34-5-23 postfix/cleanup[3351]: B8120C0201: warning: header Subject: 3 ans ! Joyeux anniversaire from ip-172-34-46-243.eu-west-1.compute.internal[172.34.46.243]; from=<edmBE.nutricia@nutricia.com> to=<hendrick.dewez@gmail.com> proto=ESMTP helo=<EC2AMAZ-2TUE9GT>
Nov  8 09:06:03 ip-172-34-5-23 postfix/qmgr[5370]: B8120C0201: from=<edmBE.nutricia@nutricia.com>, size=63861, nrcpt=1 (queue active)
Nov  8 09:06:04 ip-172-34-5-23 postfix/smtp[17666]: B8120C0201: to=<hendrick.dewez@gmail.com>, relay=email-smtp.eu-west-1.amazonaws.com[52.17.212.138]:587, delay=0.28, delays=0.06/0/0.07/0.15, dsn=2.0.0, status=sent (250 Ok 0102016e4a0c8183-f9768b08-90a6-40c1-bdd5-9c90adbe3a10-000000)
Nov  8 09:06:04 ip-172-34-5-23 postfix/qmgr[5370]: B8120C0201: removed
Nov  8 09:06:04 ip-172-34-5-23 postfix/smtpd[9251]: 373D9C0201: client=ip-172-34-46-243.eu-west-1.compute.internal[172.34.46.243]
Nov  8 09:06:04 ip-172-34-5-23 postfix/cleanup[17616]: 373D9C0201: message-id=<BF67845105D5F71648ABDED3C887E313B8EF6EE9@EC2AMAZ02TUE9GT>
Nov  8 09:06:04 ip-172-34-5-23 postfix/cleanup[17616]: 373D9C0201: warning: header Subject: 3 ans ! Joyeux anniversaire from ip-172-34-46-243.eu-west-1.compute.internal[172.34.46.243]; from=<edmBE.nutricia@nutricia.com> to=<mariecharlottepiot@hotmail.fr> proto=ESMTP helo=<EC2AMAZ-2TUE9GT>
Nov  8 09:06:04 ip-172-34-5-23 postfix/qmgr[5370]: 373D9C0201: from=<edmBE.nutricia@nutricia.com>, size=63754, nrcpt=1 (queue active)
Nov  8 09:06:04 ip-172-34-5-23 postfix/smtp[3522]: 373D9C0201: to=<mariecharlottepiot@hotmail.fr>, relay=email-smtp.eu-west-1.amazonaws.com[52.208.64.115]:587, delay=0.31, delays=0.07/0/0.07/0.17, dsn=2.0.0, status=sent (250 Ok 0102016e4a0c835b-cdea26ce-f38e-46af-82b4-71452d8788ed-000000)
Nov  8 09:06:04 ip-172-34-5-23 postfix/qmgr[5370]: 373D9C0201: removed
Nov  8 09:06:04 ip-172-34-5-23 postfix/smtpd[9251]: DF137C0201: client=ip-172-34-46-243.eu-west-1.compute.internal[172.34.46.243]
Nov  8 09:06:04 ip-172-34-5-23 postfix/cleanup[3351]: DF137C0201: message-id=<32CDB84A50BBD76DFFCC0A42BD5376A50B86457E@EC2AMAZ02TUE9GT>
Nov  8 09:06:04 ip-172-34-5-23 postfix/cleanup[3351]: DF137C0201: warning: header Subject: 3 ans ! Joyeux anniversaire from ip-172-34-46-243.eu-west-1.compute.internal[172.34.46.243]; from=<edmBE.nutricia@nutricia.com> to=<pierard.ludo@gmail.com> proto=ESMTP helo=<EC2AMAZ-2TUE9GT>
Nov  8 09:06:04 ip-172-34-5-23 postfix/qmgr[5370]: DF137C0201: from=<edmBE.nutricia@nutricia.com>, size=63798, nrcpt=1 (queue active)
Nov  8 09:06:05 ip-172-34-5-23 postfix/smtp[27246]: DF137C0201: to=<pierard.ludo@gmail.com>, relay=email-smtp.eu-west-1.amazonaws.com[52.208.64.115]:587, delay=0.34, delays=0.07/0/0.14/0.13, dsn=2.0.0, status=sent (250 Ok 0102016e4a0c8655-2bb0e97a-a9ed-4237-9121-72064e4b6624-000000)
Nov  8 09:06:05 ip-172-34-5-23 postfix/qmgr[5370]: DF137C0201: removed
Nov  8 09:06:05 ip-172-34-5-23 postfix/smtpd[9251]: 88537C0201: client=ip-172-34-46-243.eu-west-1.compute.internal[172.34.46.243]
Nov  8 09:06:05 ip-172-34-5-23 postfix/cleanup[17616]: 88537C0201: message-id=<841A19A3FB2C70AF9391FF761276F6D61E1A8AC9@EC2AMAZ02TUE9GT>
Nov  8 09:06:05 ip-172-34-5-23 postfix/cleanup[17616]: 88537C0201: warning: header Subject: 3 ans ! Joyeux anniversaire from ip-172-34-46-243.eu-west-1.compute.internal[172.34.46.243]; from=<edmBE.nutricia@nutricia.com> to=<psychologie06@gmail.com> proto=ESMTP helo=<EC2AMAZ-2TUE9GT>
Nov  8 09:06:05 ip-172-34-5-23 postfix/qmgr[5370]: 88537C0201: from=<edmBE.nutricia@nutricia.com>, size=63788, nrcpt=1 (queue active)
Nov  8 09:06:05 ip-172-34-5-23 postfix/smtp[3522]: 88537C0201: to=<psychologie06@gmail.com>, relay=email-smtp.eu-west-1.amazonaws.com[52.49.62.10]:587, delay=0.3, delays=0.07/0/0.08/0.15, dsn=2.0.0, status=sent (250 Ok 0102016e4a0c8897-09979a5f-5754-41a3-b907-cdae4ea24847-000000)
Nov  8 09:06:05 ip-172-34-5-23 postfix/qmgr[5370]: 88537C0201: removed
Nov  8 09:06:06 ip-172-34-5-23 postfix/smtpd[9251]: 17C8BC0201: client=ip-172-34-46-243.eu-west-1.compute.internal[172.34.46.243]
Nov  8 09:06:06 ip-172-34-5-23 postfix/cleanup[3351]: 17C8BC0201: message-id=<7DDCC10F11450D021D34E507EF6A78D84E51F677@EC2AMAZ02TUE9GT>
Nov  8 09:06:06 ip-172-34-5-23 postfix/cleanup[3351]: 17C8BC0201: warning: header Subject: 3 ans ! Joyeux anniversaire from ip-172-34-46-243.eu-west-1.compute.internal[172.34.46.243]; from=<edmBE.nutricia@nutricia.com> to=<clairedumont@hotmail.be> proto=ESMTP helo=<EC2AMAZ-2TUE9GT>
Nov  8 09:06:06 ip-172-34-5-23 postfix/qmgr[5370]: 17C8BC0201: from=<edmBE.nutricia@nutricia.com>, size=63782, nrcpt=1 (queue active)
Nov  8 09:06:06 ip-172-34-5-23 postfix/smtp[27246]: 17C8BC0201: to=<clairedumont@hotmail.be>, relay=email-smtp.eu-west-1.amazonaws.com[52.208.64.115]:587, delay=0.27, delays=0.06/0/0.1/0.11, dsn=2.0.0, status=sent (250 Ok 0102016e4a0c8abf-ddb94388-f543-4734-be7f-73974fa6db41-000000)
Nov  8 09:06:06 ip-172-34-5-23 postfix/qmgr[5370]: 17C8BC0201: removed
Nov  8 09:06:06 ip-172-34-5-23 postfix/smtpd[9251]: 98BB6C0201: client=ip-172-34-46-243.eu-west-1.compute.internal[172.34.46.243]
Nov  8 09:06:06 ip-172-34-5-23 postfix/cleanup[17616]: 98BB6C0201: message-id=<12B9079020E7494F5B78FFC23E92970B131ACAB3@EC2AMAZ02TUE9GT>
Nov  8 09:06:06 ip-172-34-5-23 postfix/cleanup[17616]: 98BB6C0201: warning: header Subject: 3 ans ! Joyeux anniversaire from ip-172-34-46-243.eu-west-1.compute.internal[172.34.46.243]; from=<edmBE.nutricia@nutricia.com> to=<alisonhelas14@gmail.com> proto=ESMTP helo=<EC2AMAZ-2TUE9GT>
Nov  8 09:06:06 ip-172-34-5-23 postfix/qmgr[5370]: 98BB6C0201: from=<edmBE.nutricia@nutricia.com>, size=63848, nrcpt=1 (queue active)
Nov  8 09:06:06 ip-172-34-5-23 postfix/smtp[17666]: 98BB6C0201: to=<alisonhelas14@gmail.com>, relay=email-smtp.eu-west-1.amazonaws.com[52.49.62.10]:587, delay=0.29, delays=0.06/0/0.08/0.14, dsn=2.0.0, status=sent (250 Ok 0102016e4a0c8cbf-206d61b4-fa14-4100-b106-f80b4cae9d2d-000000)
Nov  8 09:06:06 ip-172-34-5-23 postfix/qmgr[5370]: 98BB6C0201: removed
Nov  8 09:06:07 ip-172-34-5-23 postfix/smtpd[9251]: 1EDFDC0201: client=ip-172-34-46-243.eu-west-1.compute.internal[172.34.46.243]
Nov  8 09:06:07 ip-172-34-5-23 postfix/cleanup[3351]: 1EDFDC0201: message-id=<792C8F74C123D2659751F40D1B87B49D9BD822D7@EC2AMAZ02TUE9GT>
Nov  8 09:06:07 ip-172-34-5-23 postfix/cleanup[3351]: 1EDFDC0201: warning: header Subject: 3 ans ! Joyeux anniversaire from ip-172-34-46-243.eu-west-1.compute.internal[172.34.46.243]; from=<edmBE.nutricia@nutricia.com> to=<prisou14@hotmail.com> proto=ESMTP helo=<EC2AMAZ-2TUE9GT>
Nov  8 09:06:07 ip-172-34-5-23 postfix/qmgr[5370]: 1EDFDC0201: from=<edmBE.nutricia@nutricia.com>, size=71279, nrcpt=1 (queue active)
Nov  8 09:06:07 ip-172-34-5-23 postfix/smtp[27246]: 1EDFDC0201: to=<prisou14@hotmail.com>, relay=email-smtp.eu-west-1.amazonaws.com[52.49.62.10]:587, delay=0.24, delays=0.06/0/0.09/0.1, dsn=2.0.0, status=sent (250 Ok 0102016e4a0c8eb9-b8a9f1d0-cb29-4180-a201-5b633c84c3f3-000000)
Nov  8 09:06:07 ip-172-34-5-23 postfix/qmgr[5370]: 1EDFDC0201: removed
Nov  8 09:06:07 ip-172-34-5-23 postfix/smtpd[9251]: A11FFC0201: client=ip-172-34-46-243.eu-west-1.compute.internal[172.34.46.243]
Nov  8 09:06:07 ip-172-34-5-23 postfix/cleanup[17616]: A11FFC0201: message-id=<B7A251E85AB841DFAE29BB051594E1F1D7351F46@EC2AMAZ02TUE9GT>
Nov  8 09:06:07 ip-172-34-5-23 postfix/cleanup[17616]: A11FFC0201: warning: header Subject: 3 ans ! Joyeux anniversaire from ip-172-34-46-243.eu-west-1.compute.internal[172.34.46.243]; from=<edmBE.nutricia@nutricia.com> to=<carionariane@gmail.com> proto=ESMTP helo=<EC2AMAZ-2TUE9GT>
Nov  8 09:06:07 ip-172-34-5-23 postfix/qmgr[5370]: A11FFC0201: from=<edmBE.nutricia@nutricia.com>, size=63771, nrcpt=1 (queue active)
Nov  8 09:06:07 ip-172-34-5-23 postfix/smtp[3522]: A11FFC0201: to=<carionariane@gmail.com>, relay=email-smtp.eu-west-1.amazonaws.com[52.48.248.62]:587, delay=0.29, delays=0.06/0/0.08/0.15, dsn=2.0.0, status=sent (250 Ok 0102016e4a0c90c1-11802e36-6774-4f1a-9483-974c2cfd21f3-000000)
Nov  8 09:06:07 ip-172-34-5-23 postfix/qmgr[5370]: A11FFC0201: removed
Nov  8 09:06:08 ip-172-34-5-23 postfix/smtpd[9251]: 51897C0201: client=ip-172-34-46-243.eu-west-1.compute.internal[172.34.46.243]
Nov  8 09:06:08 ip-172-34-5-23 postfix/cleanup[3351]: 51897C0201: message-id=<47D206C5B17830B659CFC9F42A524FF1FA6DABCA@EC2AMAZ02TUE9GT>
Nov  8 09:06:08 ip-172-34-5-23 postfix/cleanup[3351]: 51897C0201: warning: header Subject: 3 ans ! Joyeux anniversaire from ip-172-34-46-243.eu-west-1.compute.internal[172.34.46.243]; from=<edmBE.nutricia@nutricia.com> to=<arnaud325@outlook.fr> proto=ESMTP helo=<EC2AMAZ-2TUE9GT>
Nov  8 09:06:08 ip-172-34-5-23 postfix/qmgr[5370]: 51897C0201: from=<edmBE.nutricia@nutricia.com>, size=63847, nrcpt=1 (queue active)
Nov  8 09:06:08 ip-172-34-5-23 postfix/smtp[27246]: 51897C0201: to=<arnaud325@outlook.fr>, relay=email-smtp.eu-west-1.amazonaws.com[34.253.94.53]:587, delay=0.22, delays=0.06/0/0.09/0.08, dsn=2.0.0, status=sent (250 Ok 0102016e4a0c936a-6254a78b-a0f3-415b-a914-ca00580c96b9-000000)
Nov  8 09:06:08 ip-172-34-5-23 postfix/qmgr[5370]: 51897C0201: removed
Nov  8 09:06:09 ip-172-34-5-23 postfix/smtpd[9251]: 0319DC0201: client=ip-172-34-46-243.eu-west-1.compute.internal[172.34.46.243]
Nov  8 09:06:09 ip-172-34-5-23 postfix/cleanup[17616]: 0319DC0201: message-id=<F543EBE683A268B19FEFE68BFA28291CA4B59159@EC2AMAZ02TUE9GT>
Nov  8 09:06:09 ip-172-34-5-23 postfix/cleanup[17616]: 0319DC0201: warning: header Subject: 3 ans ! Joyeux anniversaire from ip-172-34-46-243.eu-west-1.compute.internal[172.34.46.243]; from=<edmBE.nutricia@nutricia.com> to=<wagnerangelique@yahoo.fr> proto=ESMTP helo=<EC2AMAZ-2TUE9GT>
Nov  8 09:06:09 ip-172-34-5-23 postfix/qmgr[5370]: 0319DC0201: from=<edmBE.nutricia@nutricia.com>, size=63781, nrcpt=1 (queue active)
Nov  8 09:06:09 ip-172-34-5-23 postfix/smtp[17666]: 0319DC0201: to=<wagnerangelique@yahoo.fr>, relay=email-smtp.eu-west-1.amazonaws.com[34.250.83.23]:587, delay=0.27, delays=0.06/0/0.1/0.11, dsn=2.0.0, status=sent (250 Ok 0102016e4a0c9620-1f874116-4b66-48a9-b305-9595228ac5b6-000000)
Nov  8 09:06:09 ip-172-34-5-23 postfix/qmgr[5370]: 0319DC0201: removed
Nov  8 09:06:09 ip-172-34-5-23 postfix/smtpd[9251]: 80BFBC0201: client=ip-172-34-46-243.eu-west-1.compute.internal[172.34.46.243]
Nov  8 09:06:09 ip-172-34-5-23 postfix/cleanup[3351]: 80BFBC0201: message-id=<8FB9205A97436FEE8D845EABA6B59DD64C35CEFA@EC2AMAZ02TUE9GT>
Nov  8 09:06:09 ip-172-34-5-23 postfix/cleanup[3351]: 80BFBC0201: warning: header Subject: 3 ans ! Joyeux anniversaire from ip-172-34-46-243.eu-west-1.compute.internal[172.34.46.243]; from=<edmBE.nutricia@nutricia.com> to=<caroline.bartholome@gmail.com> proto=ESMTP helo=<EC2AMAZ-2TUE9GT>
Nov  8 09:06:09 ip-172-34-5-23 postfix/qmgr[5370]: 80BFBC0201: from=<edmBE.nutricia@nutricia.com>, size=63788, nrcpt=1 (queue active)
Nov  8 09:06:09 ip-172-34-5-23 postfix/smtp[3522]: 80BFBC0201: to=<caroline.bartholome@gmail.com>, relay=email-smtp.eu-west-1.amazonaws.com[52.31.79.222]:587, delay=0.28, delays=0.07/0/0.09/0.13, dsn=2.0.0, status=sent (250 Ok 0102016e4a0c9825-dad02ee2-4fad-4624-b88c-2957bf3107ce-000000)
Nov  8 09:06:09 ip-172-34-5-23 postfix/qmgr[5370]: 80BFBC0201: removed
Nov  8 09:06:10 ip-172-34-5-23 postfix/smtpd[9251]: 3AC98C0201: client=ip-172-34-46-243.eu-west-1.compute.internal[172.34.46.243]
Nov  8 09:06:10 ip-172-34-5-23 postfix/cleanup[3351]: 3AC98C0201: message-id=<13029ED6FB8536039E535E40904EB4CBE8A27124@EC2AMAZ02TUE9GT>
Nov  8 09:06:10 ip-172-34-5-23 postfix/cleanup[3351]: 3AC98C0201: warning: header Subject: 3 ans ! Joyeux anniversaire from ip-172-34-46-243.eu-west-1.compute.internal[172.34.46.243]; from=<edmBE.nutricia@nutricia.com> to=<hichamchaachouaa@outlook.com> proto=ESMTP helo=<EC2AMAZ-2TUE9GT>
Nov  8 09:06:10 ip-172-34-5-23 postfix/qmgr[5370]: 3AC98C0201: from=<edmBE.nutricia@nutricia.com>, size=63801, nrcpt=1 (queue active)
Nov  8 09:06:10 ip-172-34-5-23 postfix/smtp[17666]: 3AC98C0201: to=<hichamchaachouaa@outlook.com>, relay=email-smtp.eu-west-1.amazonaws.com[52.208.89.120]:587, delay=0.24, delays=0.06/0/0.07/0.12, dsn=2.0.0, status=sent (250 Ok 0102016e4a0c9ac8-0753bd70-554f-460c-8a1b-d1c9f91f478e-000000)
Nov  8 09:06:10 ip-172-34-5-23 postfix/qmgr[5370]: 3AC98C0201: removed
Nov  8 09:06:10 ip-172-34-5-23 postfix/smtpd[9251]: BBA2FC0201: client=ip-172-34-46-243.eu-west-1.compute.internal[172.34.46.243]
Nov  8 09:06:10 ip-172-34-5-23 postfix/cleanup[3351]: BBA2FC0201: message-id=<658F9EB7234C56E53C0FA4950C041DCF9DABFE08@EC2AMAZ02TUE9GT>
Nov  8 09:06:10 ip-172-34-5-23 postfix/cleanup[3351]: BBA2FC0201: warning: header Subject: 3 ans ! Joyeux anniversaire from ip-172-34-46-243.eu-west-1.compute.internal[172.34.46.243]; from=<edmBE.nutricia@nutricia.com> to=<colinsi78@gmail.com> proto=ESMTP helo=<EC2AMAZ-2TUE9GT>
Nov  8 09:06:10 ip-172-34-5-23 postfix/qmgr[5370]: BBA2FC0201: from=<edmBE.nutricia@nutricia.com>, size=63768, nrcpt=1 (queue active)
Nov  8 09:06:11 ip-172-34-5-23 postfix/smtp[3522]: BBA2FC0201: to=<colinsi78@gmail.com>, relay=email-smtp.eu-west-1.amazonaws.com[52.31.79.222]:587, delay=0.24, delays=0.06/0/0.07/0.11, dsn=2.0.0, status=sent (250 Ok 0102016e4a0c9ce1-ab05c04c-5f22-476d-bb40-e5d933e1e332-000000)
Nov  8 09:06:11 ip-172-34-5-23 postfix/qmgr[5370]: BBA2FC0201: removed
Nov  8 09:06:11 ip-172-34-5-23 postfix/smtpd[9251]: 58482C0201: client=ip-172-34-46-243.eu-west-1.compute.internal[172.34.46.243]
Nov  8 09:06:11 ip-172-34-5-23 postfix/cleanup[3351]: 58482C0201: message-id=<D6BB4EE44F4C4407005FD029D6D4B5BAC06FF5D7@EC2AMAZ02TUE9GT>
Nov  8 09:06:11 ip-172-34-5-23 postfix/cleanup[3351]: 58482C0201: warning: header Subject: 3 ans ! Joyeux anniversaire from ip-172-34-46-243.eu-west-1.compute.internal[172.34.46.243]; from=<edmBE.nutricia@nutricia.com> to=<roxane.delhez@gmail.com> proto=ESMTP helo=<EC2AMAZ-2TUE9GT>
Nov  8 09:06:11 ip-172-34-5-23 postfix/qmgr[5370]: 58482C0201: from=<edmBE.nutricia@nutricia.com>, size=63793, nrcpt=1 (queue active)
Nov  8 09:06:11 ip-172-34-5-23 postfix/smtp[17666]: 58482C0201: to=<roxane.delhez@gmail.com>, relay=email-smtp.eu-west-1.amazonaws.com[34.250.83.23]:587, delay=0.25, delays=0.06/0/0.08/0.11, dsn=2.0.0, status=sent (250 Ok 0102016e4a0c9f39-2fd07c71-b482-416f-861d-5750d89652d4-000000)
Nov  8 09:06:11 ip-172-34-5-23 postfix/qmgr[5370]: 58482C0201: removed
Nov  8 09:06:12 ip-172-34-5-23 postfix/smtpd[9251]: 16D35C0201: client=ip-172-34-46-243.eu-west-1.compute.internal[172.34.46.243]
Nov  8 09:06:12 ip-172-34-5-23 postfix/cleanup[3351]: 16D35C0201: message-id=<F1950E0BA9D02464C414C36573CD3089CF0F8C4F@EC2AMAZ02TUE9GT>
Nov  8 09:06:12 ip-172-34-5-23 postfix/cleanup[3351]: 16D35C0201: warning: header Subject: 3 ans ! Joyeux anniversaire from ip-172-34-46-243.eu-west-1.compute.internal[172.34.46.243]; from=<edmBE.nutricia@nutricia.com> to=<sferrazzacatanancy@gmail.com> proto=ESMTP helo=<EC2AMAZ-2TUE9GT>
Nov  8 09:06:12 ip-172-34-5-23 postfix/qmgr[5370]: 16D35C0201: from=<edmBE.nutricia@nutricia.com>, size=63857, nrcpt=1 (queue active)
Nov  8 09:06:12 ip-172-34-5-23 postfix/smtp[27246]: 16D35C0201: to=<sferrazzacatanancy@gmail.com>, relay=email-smtp.eu-west-1.amazonaws.com[34.253.94.53]:587, delay=0.28, delays=0.06/0/0.07/0.15, dsn=2.0.0, status=sent (250 Ok 0102016e4a0ca20d-cf362156-6770-4c68-82c6-3424bd9bcc5f-000000)
Nov  8 09:06:12 ip-172-34-5-23 postfix/qmgr[5370]: 16D35C0201: removed
Nov  8 09:06:12 ip-172-34-5-23 postfix/smtpd[9251]: 902F2C0201: client=ip-172-34-46-243.eu-west-1.compute.internal[172.34.46.243]
Nov  8 09:06:12 ip-172-34-5-23 postfix/cleanup[3351]: 902F2C0201: message-id=<52B241D96DFF1ECA445F1415913EC947A283B296@EC2AMAZ02TUE9GT>
Nov  8 09:06:12 ip-172-34-5-23 postfix/cleanup[3351]: 902F2C0201: warning: header Subject: 3 ans ! Joyeux anniversaire from ip-172-34-46-243.eu-west-1.compute.internal[172.34.46.243]; from=<edmBE.nutricia@nutricia.com> to=<somjamireille@hotmail.com> proto=ESMTP helo=<EC2AMAZ-2TUE9GT>
Nov  8 09:06:12 ip-172-34-5-23 postfix/qmgr[5370]: 902F2C0201: from=<edmBE.nutricia@nutricia.com>, size=63774, nrcpt=1 (queue active)
Nov  8 09:06:12 ip-172-34-5-23 postfix/smtp[17666]: 902F2C0201: to=<somjamireille@hotmail.com>, relay=email-smtp.eu-west-1.amazonaws.com[34.253.94.53]:587, delay=0.26, delays=0.07/0/0.11/0.08, dsn=2.0.0, status=sent (250 Ok 0102016e4a0ca426-7e8a4583-dfdb-4bcf-aff0-18de277a52f5-000000)
Nov  8 09:06:12 ip-172-34-5-23 postfix/qmgr[5370]: 902F2C0201: removed
Nov  8 09:06:13 ip-172-34-5-23 postfix/smtpd[9251]: 61AFEC0201: client=ip-172-34-46-243.eu-west-1.compute.internal[172.34.46.243]
Nov  8 09:06:13 ip-172-34-5-23 postfix/cleanup[3351]: 61AFEC0201: message-id=<41FF06EF51C8622240B5FAD2ABFFABA3FDC5AEB8@EC2AMAZ02TUE9GT>
Nov  8 09:06:13 ip-172-34-5-23 postfix/cleanup[3351]: 61AFEC0201: warning: header Subject: 3 ans ! Joyeux anniversaire from ip-172-34-46-243.eu-west-1.compute.internal[172.34.46.243]; from=<edmBE.nutricia@nutricia.com> to=<soumaoro.fatou@yahoo.com> proto=ESMTP helo=<EC2AMAZ-2TUE9GT>
Nov  8 09:06:13 ip-172-34-5-23 postfix/qmgr[5370]: 61AFEC0201: from=<edmBE.nutricia@nutricia.com>, size=63855, nrcpt=1 (queue active)
Nov  8 09:06:13 ip-172-34-5-23 postfix/smtp[27246]: 61AFEC0201: to=<soumaoro.fatou@yahoo.com>, relay=email-smtp.eu-west-1.amazonaws.com[52.48.248.62]:587, delay=0.23, delays=0.07/0/0.07/0.09, dsn=2.0.0, status=sent (250 Ok 0102016e4a0ca72e-fedfe84a-27c9-40d5-a959-d40e41e892d1-000000)
Nov  8 09:06:13 ip-172-34-5-23 postfix/qmgr[5370]: 61AFEC0201: removed
Nov  8 09:06:14 ip-172-34-5-23 postfix/smtpd[9251]: 15196C0201: client=ip-172-34-46-243.eu-west-1.compute.internal[172.34.46.243]
Nov  8 09:06:14 ip-172-34-5-23 postfix/cleanup[3351]: 15196C0201: message-id=<D2C2DA739E44D905C50AEC25398FB7B75A903508@EC2AMAZ02TUE9GT>
Nov  8 09:06:14 ip-172-34-5-23 postfix/cleanup[3351]: 15196C0201: warning: header Subject: 3 ans ! Joyeux anniversaire from ip-172-34-46-243.eu-west-1.compute.internal[172.34.46.243]; from=<edmBE.nutricia@nutricia.com> to=<oi_styl3_alg3ria@hotmail.com> proto=ESMTP helo=<EC2AMAZ-2TUE9GT>
Nov  8 09:06:14 ip-172-34-5-23 postfix/qmgr[5370]: 15196C0201: from=<edmBE.nutricia@nutricia.com>, size=63778, nrcpt=1 (queue active)
Nov  8 09:06:14 ip-172-34-5-23 postfix/smtp[3522]: 15196C0201: to=<oi_styl3_alg3ria@hotmail.com>, relay=email-smtp.eu-west-1.amazonaws.com[34.250.83.23]:587, delay=0.23, delays=0.07/0/0.06/0.1, dsn=2.0.0, status=sent (250 Ok 0102016e4a0ca9d6-578a1181-ee80-4f2d-8cd0-5bfe43a06fa8-000000)
Nov  8 09:06:14 ip-172-34-5-23 postfix/qmgr[5370]: 15196C0201: removed
Nov  8 09:06:14 ip-172-34-5-23 postfix/smtpd[9251]: BFF33C0201: client=ip-172-34-46-243.eu-west-1.compute.internal[172.34.46.243]
Nov  8 09:06:14 ip-172-34-5-23 postfix/cleanup[3351]: BFF33C0201: message-id=<FCBC1047E4FDD9461E1449920DD245D49E6EF8BE@EC2AMAZ02TUE9GT>
Nov  8 09:06:14 ip-172-34-5-23 postfix/cleanup[3351]: BFF33C0201: warning: header Subject: 3 ans ! Joyeux anniversaire from ip-172-34-46-243.eu-west-1.compute.internal[172.34.46.243]; from=<edmBE.nutricia@nutricia.com> to=<hafiddisiz@hotmail.com> proto=ESMTP helo=<EC2AMAZ-2TUE9GT>
Nov  8 09:06:14 ip-172-34-5-23 postfix/qmgr[5370]: BFF33C0201: from=<edmBE.nutricia@nutricia.com>, size=63826, nrcpt=1 (queue active)
Nov  8 09:06:15 ip-172-34-5-23 postfix/smtp[17666]: BFF33C0201: to=<hafiddisiz@hotmail.com>, relay=email-smtp.eu-west-1.amazonaws.com[52.17.212.138]:587, delay=0.28, delays=0.06/0/0.08/0.14, dsn=2.0.0, status=sent (250 Ok 0102016e4a0cac94-e3e22b53-b176-4efb-a7dc-712e87edfdcc-000000)
Nov  8 09:06:15 ip-172-34-5-23 postfix/qmgr[5370]: BFF33C0201: removed
Nov  8 09:06:15 ip-172-34-5-23 postfix/smtpd[9251]: 85EF3C0201: client=ip-172-34-46-243.eu-west-1.compute.internal[172.34.46.243]
Nov  8 09:06:15 ip-172-34-5-23 postfix/cleanup[3351]: 85EF3C0201: message-id=<B2BA81F1440B4361E096E3DB06E38A7E752E029A@EC2AMAZ02TUE9GT>
Nov  8 09:06:15 ip-172-34-5-23 postfix/cleanup[3351]: 85EF3C0201: warning: header Subject: 3 ans ! Joyeux anniversaire from ip-172-34-46-243.eu-west-1.compute.internal[172.34.46.243]; from=<edmBE.nutricia@nutricia.com> to=<poussinette954@hotmail.com> proto=ESMTP helo=<EC2AMAZ-2TUE9GT>
Nov  8 09:06:15 ip-172-34-5-23 postfix/qmgr[5370]: 85EF3C0201: from=<edmBE.nutricia@nutricia.com>, size=63797, nrcpt=1 (queue active)
Nov  8 09:06:15 ip-172-34-5-23 postfix/smtp[3522]: 85EF3C0201: to=<poussinette954@hotmail.com>, relay=email-smtp.eu-west-1.amazonaws.com[52.48.248.62]:587, delay=0.33, delays=0.06/0/0.17/0.1, dsn=2.0.0, status=sent (250 Ok 0102016e4a0caff0-db2b945f-abb2-4e7f-b8b4-457bf9f6f6a2-000000)
Nov  8 09:06:15 ip-172-34-5-23 postfix/qmgr[5370]: 85EF3C0201: removed
Nov  8 09:06:16 ip-172-34-5-23 postfix/smtpd[9251]: 58424C0201: client=ip-172-34-46-243.eu-west-1.compute.internal[172.34.46.243]
Nov  8 09:06:16 ip-172-34-5-23 postfix/cleanup[3351]: 58424C0201: message-id=<2CD6E52E887C75E75D9CB104F5446F2BFCE07283@EC2AMAZ02TUE9GT>
Nov  8 09:06:16 ip-172-34-5-23 postfix/cleanup[3351]: 58424C0201: warning: header Subject: 3 ans ! Joyeux anniversaire from ip-172-34-46-243.eu-west-1.compute.internal[172.34.46.243]; from=<edmBE.nutricia@nutricia.com> to=<alicenauld@gmail.com> proto=ESMTP helo=<EC2AMAZ-2TUE9GT>
Nov  8 09:06:16 ip-172-34-5-23 postfix/qmgr[5370]: 58424C0201: from=<edmBE.nutricia@nutricia.com>, size=63886, nrcpt=1 (queue active)
Nov  8 09:06:16 ip-172-34-5-23 postfix/smtp[27246]: 58424C0201: to=<alicenauld@gmail.com>, relay=email-smtp.eu-west-1.amazonaws.com[34.253.94.53]:587, delay=0.28, delays=0.06/0/0.09/0.13, dsn=2.0.0, status=sent (250 Ok 0102016e4a0cb2cb-2e9691fa-2528-42c5-8343-944d843835a3-000000)
Nov  8 09:06:16 ip-172-34-5-23 postfix/qmgr[5370]: 58424C0201: removed
Nov  8 09:06:17 ip-172-34-5-23 postfix/smtpd[9251]: 26F91C0201: client=ip-172-34-46-243.eu-west-1.compute.internal[172.34.46.243]
Nov  8 09:06:17 ip-172-34-5-23 postfix/cleanup[3351]: 26F91C0201: message-id=<55209F5269E898A351C37435484FE8B9283B67C6@EC2AMAZ02TUE9GT>
Nov  8 09:06:17 ip-172-34-5-23 postfix/cleanup[3351]: 26F91C0201: warning: header Subject: 3 ans ! Joyeux anniversaire from ip-172-34-46-243.eu-west-1.compute.internal[172.34.46.243]; from=<edmBE.nutricia@nutricia.com> to=<sa.seb@hotmail.fr> proto=ESMTP helo=<EC2AMAZ-2TUE9GT>
Nov  8 09:06:17 ip-172-34-5-23 postfix/qmgr[5370]: 26F91C0201: from=<edmBE.nutricia@nutricia.com>, size=63801, nrcpt=1 (queue active)
Nov  8 09:06:17 ip-172-34-5-23 postfix/smtp[17666]: 26F91C0201: to=<sa.seb@hotmail.fr>, relay=email-smtp.eu-west-1.amazonaws.com[52.17.212.138]:587, delay=0.29, delays=0.06/0/0.08/0.15, dsn=2.0.0, status=sent (250 Ok 0102016e4a0cb5e3-ded9c4a7-259b-42ca-8eed-c1c51d4eb057-000000)
Nov  8 09:06:17 ip-172-34-5-23 postfix/qmgr[5370]: 26F91C0201: removed
Nov  8 09:06:17 ip-172-34-5-23 postfix/smtpd[9251]: A7540C0201: client=ip-172-34-46-243.eu-west-1.compute.internal[172.34.46.243]
Nov  8 09:06:17 ip-172-34-5-23 postfix/cleanup[3351]: A7540C0201: message-id=<1E878F23383F268DB7575F3F05A3A689A3B9DDD2@EC2AMAZ02TUE9GT>
Nov  8 09:06:17 ip-172-34-5-23 postfix/cleanup[3351]: A7540C0201: warning: header Subject: 3 ans ! Joyeux anniversaire from ip-172-34-46-243.eu-west-1.compute.internal[172.34.46.243]; from=<edmBE.nutricia@nutricia.com> to=<wendytrotin05@gmail.com> proto=ESMTP helo=<EC2AMAZ-2TUE9GT>
Nov  8 09:06:17 ip-172-34-5-23 postfix/qmgr[5370]: A7540C0201: from=<edmBE.nutricia@nutricia.com>, size=63851, nrcpt=1 (queue active)
Nov  8 09:06:17 ip-172-34-5-23 postfix/smtp[27246]: A7540C0201: to=<wendytrotin05@gmail.com>, relay=email-smtp.eu-west-1.amazonaws.com[52.17.212.138]:587, delay=0.25, delays=0.06/0/0.07/0.11, dsn=2.0.0, status=sent (250 Ok 0102016e4a0cb7ea-f4519cb5-8f33-4685-83c7-80a041f3b086-000000)
Nov  8 09:06:17 ip-172-34-5-23 postfix/qmgr[5370]: A7540C0201: removed
Nov  8 09:06:18 ip-172-34-5-23 postfix/smtpd[9251]: 29D48C0201: client=ip-172-34-46-243.eu-west-1.compute.internal[172.34.46.243]
Nov  8 09:06:18 ip-172-34-5-23 postfix/cleanup[2390]: 29D48C0201: message-id=<A95D77CBF5AB32AE02E9A56FFE93885F7F6CC2B2@EC2AMAZ02TUE9GT>
Nov  8 09:06:18 ip-172-34-5-23 postfix/cleanup[2390]: 29D48C0201: warning: header Subject: 3 ans ! Joyeux anniversaire from ip-172-34-46-243.eu-west-1.compute.internal[172.34.46.243]; from=<edmBE.nutricia@nutricia.com> to=<celine.lebrun01@gmail.com> proto=ESMTP helo=<EC2AMAZ-2TUE9GT>
Nov  8 09:06:18 ip-172-34-5-23 postfix/qmgr[5370]: 29D48C0201: from=<edmBE.nutricia@nutricia.com>, size=63768, nrcpt=1 (queue active)
Nov  8 09:06:18 ip-172-34-5-23 postfix/smtp[3522]: 29D48C0201: to=<celine.lebrun01@gmail.com>, relay=email-smtp.eu-west-1.amazonaws.com[52.48.248.62]:587, delay=0.28, delays=0.07/0/0.07/0.14, dsn=2.0.0, status=sent (250 Ok 0102016e4a0cb9d3-4e242ae3-783b-45ea-8289-843b68dc98c7-000000)
Nov  8 09:06:18 ip-172-34-5-23 postfix/qmgr[5370]: 29D48C0201: removed
Nov  8 09:06:18 ip-172-34-5-23 postfix/smtpd[9251]: B3E82C0201: client=ip-172-34-46-243.eu-west-1.compute.internal[172.34.46.243]
Nov  8 09:06:18 ip-172-34-5-23 postfix/cleanup[2390]: B3E82C0201: message-id=<4F69247BD115A4F564A7295E2502F9CE894DB3FE@EC2AMAZ02TUE9GT>
Nov  8 09:06:18 ip-172-34-5-23 postfix/cleanup[2390]: B3E82C0201: warning: header Subject: 3 ans ! Joyeux anniversaire from ip-172-34-46-243.eu-west-1.compute.internal[172.34.46.243]; from=<edmBE.nutricia@nutricia.com> to=<elodie.surain13@gmail.com> proto=ESMTP helo=<EC2AMAZ-2TUE9GT>
Nov  8 09:06:18 ip-172-34-5-23 postfix/qmgr[5370]: B3E82C0201: from=<edmBE.nutricia@nutricia.com>, size=63806, nrcpt=1 (queue active)
Nov  8 09:06:19 ip-172-34-5-23 postfix/smtp[17666]: B3E82C0201: to=<elodie.surain13@gmail.com>, relay=email-smtp.eu-west-1.amazonaws.com[34.250.212.134]:587, delay=0.37, delays=0.06/0/0.08/0.23, dsn=2.0.0, status=sent (250 Ok 0102016e4a0cbc08-ef39d7ec-0262-4e28-97bb-e5808a7f335f-000000)
Nov  8 09:06:19 ip-172-34-5-23 postfix/qmgr[5370]: B3E82C0201: removed
Nov  8 09:06:19 ip-172-34-5-23 postfix/smtpd[9251]: 36AD3C0201: client=ip-172-34-46-243.eu-west-1.compute.internal[172.34.46.243]
Nov  8 09:06:19 ip-172-34-5-23 postfix/cleanup[2390]: 36AD3C0201: message-id=<3CD3E590FDD6FF5CAD8378732E66C7D21527FEC2@EC2AMAZ02TUE9GT>
Nov  8 09:06:19 ip-172-34-5-23 postfix/cleanup[2390]: 36AD3C0201: warning: header Subject: 3 ans ! Joyeux anniversaire from ip-172-34-46-243.eu-west-1.compute.internal[172.34.46.243]; from=<edmBE.nutricia@nutricia.com> to=<cedvirglardinois@hotmail.fr> proto=ESMTP helo=<EC2AMAZ-2TUE9GT>
Nov  8 09:06:19 ip-172-34-5-23 postfix/qmgr[5370]: 36AD3C0201: from=<edmBE.nutricia@nutricia.com>, size=63848, nrcpt=1 (queue active)
Nov  8 09:06:19 ip-172-34-5-23 postfix/smtp[27246]: 36AD3C0201: to=<cedvirglardinois@hotmail.fr>, relay=email-smtp.eu-west-1.amazonaws.com[52.208.64.115]:587, delay=0.23, delays=0.06/0/0.07/0.1, dsn=2.0.0, status=sent (250 Ok 0102016e4a0cbde8-b2d01a9d-33d9-4724-a6a9-58025c5694fd-000000)
Nov  8 09:06:19 ip-172-34-5-23 postfix/qmgr[5370]: 36AD3C0201: removed
Nov  8 09:06:19 ip-172-34-5-23 postfix/smtpd[9251]: DAE9EC0201: client=ip-172-34-46-243.eu-west-1.compute.internal[172.34.46.243]
Nov  8 09:06:19 ip-172-34-5-23 postfix/cleanup[2390]: DAE9EC0201: message-id=<7DB50DBEC2013386542E86C22D09440E04AAD3A8@EC2AMAZ02TUE9GT>
Nov  8 09:06:19 ip-172-34-5-23 postfix/cleanup[2390]: DAE9EC0201: warning: header Subject: 3 ans ! Joyeux anniversaire from ip-172-34-46-243.eu-west-1.compute.internal[172.34.46.243]; from=<edmBE.nutricia@nutricia.com> to=<bbeyy_niiniie@hotmail.fr> proto=ESMTP helo=<EC2AMAZ-2TUE9GT>
Nov  8 09:06:19 ip-172-34-5-23 postfix/qmgr[5370]: DAE9EC0201: from=<edmBE.nutricia@nutricia.com>, size=63846, nrcpt=1 (queue active)
Nov  8 09:06:20 ip-172-34-5-23 postfix/smtp[3522]: DAE9EC0201: to=<bbeyy_niiniie@hotmail.fr>, relay=email-smtp.eu-west-1.amazonaws.com[52.31.79.222]:587, delay=0.23, delays=0.06/0/0.07/0.1, dsn=2.0.0, status=sent (250 Ok 0102016e4a0cc083-a5476acf-c868-4e9c-b4a0-a91e11246372-000000)
Nov  8 09:06:20 ip-172-34-5-23 postfix/qmgr[5370]: DAE9EC0201: removed
Nov  8 09:06:20 ip-172-34-5-23 postfix/smtpd[9251]: 7F1FCC0201: client=ip-172-34-46-243.eu-west-1.compute.internal[172.34.46.243]
Nov  8 09:06:20 ip-172-34-5-23 postfix/cleanup[2390]: 7F1FCC0201: message-id=<8E5557B868633239F942D0D4BB4B75CC5B372487@EC2AMAZ02TUE9GT>
Nov  8 09:06:20 ip-172-34-5-23 postfix/cleanup[2390]: 7F1FCC0201: warning: header Subject: 3 ans ! Joyeux anniversaire from ip-172-34-46-243.eu-west-1.compute.internal[172.34.46.243]; from=<edmBE.nutricia@nutricia.com> to=<dadyfio@hotmail.com> proto=ESMTP helo=<EC2AMAZ-2TUE9GT>
Nov  8 09:06:20 ip-172-34-5-23 postfix/qmgr[5370]: 7F1FCC0201: from=<edmBE.nutricia@nutricia.com>, size=63740, nrcpt=1 (queue active)
Nov  8 09:06:20 ip-172-34-5-23 postfix/smtp[17666]: 7F1FCC0201: to=<dadyfio@hotmail.com>, relay=email-smtp.eu-west-1.amazonaws.com[34.250.83.23]:587, delay=0.25, delays=0.06/0/0.07/0.11, dsn=2.0.0, status=sent (250 Ok 0102016e4a0cc2fa-3edc152a-2a4a-4792-a210-d13a9a2c46bb-000000)
Nov  8 09:06:20 ip-172-34-5-23 postfix/qmgr[5370]: 7F1FCC0201: removed
Nov  8 09:06:21 ip-172-34-5-23 postfix/smtpd[9251]: 112ACC0201: client=ip-172-34-46-243.eu-west-1.compute.internal[172.34.46.243]
Nov  8 09:06:21 ip-172-34-5-23 postfix/cleanup[2390]: 112ACC0201: message-id=<A8E531EA4B3DF90C9277634D0E0C4E35CCCDD54F@EC2AMAZ02TUE9GT>
Nov  8 09:06:21 ip-172-34-5-23 postfix/cleanup[2390]: 112ACC0201: warning: header Subject: 3 ans ! Joyeux anniversaire from ip-172-34-46-243.eu-west-1.compute.internal[172.34.46.243]; from=<edmBE.nutricia@nutricia.com> to=<fathia1589@hotmail.com> proto=ESMTP helo=<EC2AMAZ-2TUE9GT>
Nov  8 09:06:21 ip-172-34-5-23 postfix/qmgr[5370]: 112ACC0201: from=<edmBE.nutricia@nutricia.com>, size=63802, nrcpt=1 (queue active)
Nov  8 09:06:21 ip-172-34-5-23 postfix/smtp[27246]: 112ACC0201: to=<fathia1589@hotmail.com>, relay=email-smtp.eu-west-1.amazonaws.com[52.208.64.115]:587, delay=0.35, delays=0.07/0/0.09/0.19, dsn=2.0.0, status=sent (250 Ok 0102016e4a0cc538-27f765d7-2590-4a5d-8fb7-6eea19ec96af-000000)
Nov  8 09:06:21 ip-172-34-5-23 postfix/qmgr[5370]: 112ACC0201: removed
Nov  8 09:06:23 ip-172-34-5-23 postfix/smtpd[29717]: connect from ip-172-34-46-243.eu-west-1.compute.internal[172.34.46.243]
Nov  8 09:06:23 ip-172-34-5-23 postfix/smtpd[29717]: disconnect from ip-172-34-46-243.eu-west-1.compute.internal[172.34.46.243] ehlo=2 starttls=1 quit=1 commands=4
Nov  8 09:10:33 ip-172-34-5-23 postfix/smtpd[20986]: timeout after END-OF-MESSAGE from ip-172-34-46-243.eu-west-1.compute.internal[172.34.46.243]
Nov  8 09:11:24 ip-172-34-5-23 postfix/smtpd[9251]: timeout after END-OF-MESSAGE from ip-172-34-46-243.eu-west-1.compute.internal[172.34.46.243]
Nov  8 09:12:51 ip-172-34-5-23 postfix/smtpd[9251]: disconnect from ip-172-34-46-243.eu-west-1.compute.internal[172.34.46.243] ehlo=2 starttls=1 mail=197 rcpt=197 data=197 commands=594
Nov  8 09:12:51 ip-172-34-5-23 postfix/smtpd[20986]: disconnect from ip-172-34-46-243.eu-west-1.compute.internal[172.34.46.243] ehlo=2 starttls=1 mail=10 rcpt=10 data=10 commands=33
Nov  8 10:01:45 ip-172-34-5-23 postfix/pickup[3058]: 0E29EC022A: uid=0 from=<postfix-prd@nutriciavoorjou.nl>
Nov  8 10:01:45 ip-172-34-5-23 postfix/cleanup[28032]: 0E29EC022A: warning: header Subject: 20191108-100001:Nutricia production postfix server summary for 7 Nov from local; from=<postfix-prd@nutriciavoorjou.nl>
Nov  8 10:01:45 ip-172-34-5-23 postfix/cleanup[28032]: 0E29EC022A: message-id=<20191108090145.0E29EC022A@ip-172-34-5-23.eu-west-1.compute.internal>
Nov  8 10:01:45 ip-172-34-5-23 postfix/qmgr[5370]: 0E29EC022A: from=<postfix-prd@nutriciavoorjou.nl>, size=2981, nrcpt=6 (queue active)
Nov  8 10:01:45 ip-172-34-5-23 postfix/smtp[28046]: 0E29EC022A: to=<e.prinsen@lukkien.com>, relay=email-smtp.eu-west-1.amazonaws.com[52.31.79.222]:587, delay=0.73, delays=0.03/0.27/0.15/0.29, dsn=2.0.0, status=sent (250 Ok 0102016e4a3f7e9a-9952cd9a-7ea9-4c9a-a835-785454d22f28-000000)
Nov  8 10:01:45 ip-172-34-5-23 postfix/smtp[28046]: 0E29EC022A: to=<p.derks@lukkien.com>, relay=email-smtp.eu-west-1.amazonaws.com[52.31.79.222]:587, delay=0.73, delays=0.03/0.27/0.15/0.29, dsn=2.0.0, status=sent (250 Ok 0102016e4a3f7e9a-9952cd9a-7ea9-4c9a-a835-785454d22f28-000000)
Nov  8 10:01:45 ip-172-34-5-23 postfix/smtp[28046]: 0E29EC022A: to=<r.wink@lukkien.com>, relay=email-smtp.eu-west-1.amazonaws.com[52.31.79.222]:587, delay=0.73, delays=0.03/0.27/0.15/0.29, dsn=2.0.0, status=sent (250 Ok 0102016e4a3f7e9a-9952cd9a-7ea9-4c9a-a835-785454d22f28-000000)
Nov  8 10:01:45 ip-172-34-5-23 postfix/smtp[28046]: 0E29EC022A: to=<s.satpathy@lukkien.com>, relay=email-smtp.eu-west-1.amazonaws.com[52.31.79.222]:587, delay=0.73, delays=0.03/0.27/0.15/0.29, dsn=2.0.0, status=sent (250 Ok 0102016e4a3f7e9a-9952cd9a-7ea9-4c9a-a835-785454d22f28-000000)
Nov  8 10:01:45 ip-172-34-5-23 postfix/smtp[28046]: 0E29EC022A: to=<t.burton@lukkien.com>, relay=email-smtp.eu-west-1.amazonaws.com[52.31.79.222]:587, delay=0.73, delays=0.03/0.27/0.15/0.29, dsn=2.0.0, status=sent (250 Ok 0102016e4a3f7e9a-9952cd9a-7ea9-4c9a-a835-785454d22f28-000000)
Nov  8 10:01:45 ip-172-34-5-23 postfix/smtp[28046]: 0E29EC022A: to=<t.glastra@lukkien.com>, relay=email-smtp.eu-west-1.amazonaws.com[52.31.79.222]:587, delay=0.73, delays=0.03/0.27/0.15/0.29, dsn=2.0.0, status=sent (250 Ok 0102016e4a3f7e9a-9952cd9a-7ea9-4c9a-a835-785454d22f28-000000)
Nov  8 10:01:45 ip-172-34-5-23 postfix/qmgr[5370]: 0E29EC022A: removed
Nov  8 10:09:07 ip-172-34-5-23 postfix/smtpd[5961]: connect from ip-172-34-14-146.eu-west-1.compute.internal[172.34.14.146]
Nov  8 10:09:07 ip-172-34-5-23 postfix/smtpd[5961]: 8A01FC022A: client=ip-172-34-14-146.eu-west-1.compute.internal[172.34.14.146]
Nov  8 10:09:07 ip-172-34-5-23 postfix/cleanup[6293]: 8A01FC022A: warning: header Subject: Contactformulier Nutriciavoorjou.nl from ip-172-34-14-146.eu-west-1.compute.internal[172.34.14.146]; from=<kindervoeding@nutriciavoorjou.nl> to=<kindervoeding@nutricia.com> proto=ESMTP helo=<EC2AMAZ-S4HD630>
Nov  8 10:09:07 ip-172-34-5-23 postfix/cleanup[6293]: 8A01FC022A: message-id=<>
Nov  8 10:09:07 ip-172-34-5-23 postfix/qmgr[5370]: 8A01FC022A: from=<kindervoeding@nutriciavoorjou.nl>, size=1597, nrcpt=1 (queue active)
Nov  8 10:09:07 ip-172-34-5-23 postfix/smtpd[5961]: 9A265C022C: client=ip-172-34-14-146.eu-west-1.compute.internal[172.34.14.146]
Nov  8 10:09:07 ip-172-34-5-23 postfix/cleanup[6293]: 9A265C022C: warning: header Subject: Contactformulier Nutriciavoorjou.nl from ip-172-34-14-146.eu-west-1.compute.internal[172.34.14.146]; from=<kindervoeding@nutriciavoorjou.nl> to=<bvaniersel@verloskundigedenbosch.nl> proto=ESMTP helo=<EC2AMAZ-S4HD630>
Nov  8 10:09:07 ip-172-34-5-23 postfix/cleanup[6293]: 9A265C022C: message-id=<>
Nov  8 10:09:07 ip-172-34-5-23 postfix/qmgr[5370]: 9A265C022C: from=<kindervoeding@nutriciavoorjou.nl>, size=23768, nrcpt=1 (queue active)
Nov  8 10:09:07 ip-172-34-5-23 postfix/smtp[6294]: 8A01FC022A: to=<kindervoeding@nutricia.com>, relay=email-smtp.eu-west-1.amazonaws.com[54.72.184.119]:587, delay=0.29, delays=0.01/0.02/0.15/0.11, dsn=2.0.0, status=sent (250 Ok 0102016e4a463e21-dab58dbe-6404-43c2-a028-ab699a9ed7fe-000000)
Nov  8 10:09:07 ip-172-34-5-23 postfix/qmgr[5370]: 8A01FC022A: removed
Nov  8 10:09:07 ip-172-34-5-23 postfix/smtp[6356]: 9A265C022C: to=<bvaniersel@verloskundigedenbosch.nl>, relay=email-smtp.eu-west-1.amazonaws.com[52.208.89.120]:587, delay=0.29, delays=0.01/0.02/0.1/0.17, dsn=2.0.0, status=sent (250 Ok 0102016e4a463e32-e35c765d-e65c-4756-a610-2a234d0d80af-000000)
Nov  8 10:09:07 ip-172-34-5-23 postfix/qmgr[5370]: 9A265C022C: removed
Nov  8 10:09:59 ip-172-34-5-23 postfix/smtpd[5961]: disconnect from ip-172-34-14-146.eu-west-1.compute.internal[172.34.14.146] ehlo=2 starttls=1 mail=2 rcpt=2 data=2 quit=1 commands=10
Nov  8 10:19:36 ip-172-34-5-23 postfix/smtpd[18381]: connect from ip-172-34-42-51.eu-west-1.compute.internal[172.34.42.51]
Nov  8 10:19:36 ip-172-34-5-23 postfix/smtpd[18381]: 5609FC022A: client=ip-172-34-42-51.eu-west-1.compute.internal[172.34.42.51]
Nov  8 10:19:36 ip-172-34-5-23 postfix/cleanup[18412]: 5609FC022A: warning: header Subject: Contactformulier Nutriciavoorjou.nl from ip-172-34-42-51.eu-west-1.compute.internal[172.34.42.51]; from=<kindervoeding@nutriciavoorjou.nl> to=<kindervoeding@nutricia.com> proto=ESMTP helo=<EC2AMAZ-56VSD8R>
Nov  8 10:19:36 ip-172-34-5-23 postfix/cleanup[18412]: 5609FC022A: message-id=<>
Nov  8 10:19:36 ip-172-34-5-23 postfix/qmgr[5370]: 5609FC022A: from=<kindervoeding@nutriciavoorjou.nl>, size=1917, nrcpt=1 (queue active)
Nov  8 10:19:36 ip-172-34-5-23 postfix/smtpd[18381]: 6DEC1C022C: client=ip-172-34-42-51.eu-west-1.compute.internal[172.34.42.51]
Nov  8 10:19:36 ip-172-34-5-23 postfix/cleanup[18412]: 6DEC1C022C: warning: header Subject: Contactformulier Nutriciavoorjou.nl from ip-172-34-42-51.eu-west-1.compute.internal[172.34.42.51]; from=<kindervoeding@nutriciavoorjou.nl> to=<miexje@hotmail.com> proto=ESMTP helo=<EC2AMAZ-56VSD8R>
Nov  8 10:19:36 ip-172-34-5-23 postfix/cleanup[18412]: 6DEC1C022C: message-id=<>
Nov  8 10:19:36 ip-172-34-5-23 postfix/qmgr[5370]: 6DEC1C022C: from=<kindervoeding@nutriciavoorjou.nl>, size=24049, nrcpt=1 (queue active)
Nov  8 10:19:36 ip-172-34-5-23 postfix/smtp[18424]: 5609FC022A: to=<kindervoeding@nutricia.com>, relay=email-smtp.eu-west-1.amazonaws.com[52.17.212.138]:587, delay=0.33, delays=0.02/0.02/0.1/0.2, dsn=2.0.0, status=sent (250 Ok 0102016e4a4fd62d-988eb9cb-d061-4e6b-b01c-7406659f1436-000000)
Nov  8 10:19:36 ip-172-34-5-23 postfix/qmgr[5370]: 5609FC022A: removed
Nov  8 10:19:36 ip-172-34-5-23 postfix/smtp[18506]: 6DEC1C022C: to=<miexje@hotmail.com>, relay=email-smtp.eu-west-1.amazonaws.com[52.48.248.62]:587, delay=0.25, delays=0.01/0.02/0.1/0.13, dsn=2.0.0, status=sent (250 Ok 0102016e4a4fd686-1a076847-8329-45c9-b245-86216a745961-000000)
Nov  8 10:19:36 ip-172-34-5-23 postfix/qmgr[5370]: 6DEC1C022C: removed
Nov  8 10:21:14 ip-172-34-5-23 postfix/smtpd[18381]: disconnect from ip-172-34-42-51.eu-west-1.compute.internal[172.34.42.51] ehlo=2 starttls=1 mail=2 rcpt=2 data=2 quit=1 commands=10
Nov  8 10:34:10 ip-172-34-5-23 postfix/smtpd[5452]: connect from ip-172-34-14-146.eu-west-1.compute.internal[172.34.14.146]
Nov  8 10:34:10 ip-172-34-5-23 postfix/smtpd[5452]: AF621C022A: client=ip-172-34-14-146.eu-west-1.compute.internal[172.34.14.146]
Nov  8 10:34:10 ip-172-34-5-23 postfix/cleanup[5467]: AF621C022A: warning: header Subject: Contactformulier Nutriciababy.be from ip-172-34-14-146.eu-west-1.compute.internal[172.34.14.146]; from=<info.nutrition@nutricia.be> to=<info.nutrition@nutricia.be> proto=ESMTP helo=<EC2AMAZ-S4HD630>
Nov  8 10:34:10 ip-172-34-5-23 postfix/cleanup[5467]: AF621C022A: message-id=<>
Nov  8 10:34:10 ip-172-34-5-23 postfix/qmgr[5370]: AF621C022A: from=<info.nutrition@nutricia.be>, size=1325, nrcpt=1 (queue active)
Nov  8 10:34:10 ip-172-34-5-23 postfix/smtpd[5452]: C0D9CC022C: client=ip-172-34-14-146.eu-west-1.compute.internal[172.34.14.146]
Nov  8 10:34:10 ip-172-34-5-23 postfix/cleanup[5467]: C0D9CC022C: warning: header Subject: Contactformulier Nutriciababy.be from ip-172-34-14-146.eu-west-1.compute.internal[172.34.14.146]; from=<info.nutrition@nutricia.be> to=<doriengeudens1@gmail.com> proto=ESMTP helo=<EC2AMAZ-S4HD630>
Nov  8 10:34:10 ip-172-34-5-23 postfix/cleanup[5467]: C0D9CC022C: message-id=<>
Nov  8 10:34:10 ip-172-34-5-23 postfix/qmgr[5370]: C0D9CC022C: from=<info.nutrition@nutricia.be>, size=22169, nrcpt=1 (queue active)
Nov  8 10:34:11 ip-172-34-5-23 postfix/smtp[5539]: C0D9CC022C: to=<doriengeudens1@gmail.com>, relay=email-smtp.eu-west-1.amazonaws.com[34.250.83.23]:587, delay=0.26, delays=0.01/0.02/0.1/0.14, dsn=2.0.0, status=sent (250 Ok 0102016e4a5d2de8-5d06acb7-cd1b-451d-ba23-71a1daa90dec-000000)
Nov  8 10:34:11 ip-172-34-5-23 postfix/qmgr[5370]: C0D9CC022C: removed
Nov  8 10:34:11 ip-172-34-5-23 postfix/smtp[5483]: AF621C022A: to=<info.nutrition@nutricia.be>, relay=email-smtp.eu-west-1.amazonaws.com[52.208.89.120]:587, delay=0.39, delays=0.01/0.02/0.11/0.24, dsn=2.0.0, status=sent (250 Ok 0102016e4a5d2daf-e0323e00-36a2-4fae-9c28-f19f5a239524-000000)
Nov  8 10:34:11 ip-172-34-5-23 postfix/qmgr[5370]: AF621C022A: removed
Nov  8 10:35:49 ip-172-34-5-23 postfix/smtpd[5452]: disconnect from ip-172-34-14-146.eu-west-1.compute.internal[172.34.14.146] ehlo=2 starttls=1 mail=2 rcpt=2 data=2 quit=1 commands=10
Nov  8 09:05:38 ip-172-34-5-23 postfix/smtpd[9251]: 7B81CC0201: client=ip-172-34-46-243.eu-west-1.compute.internal[172.34.46.243]
Nov  8 09:05:38 ip-172-34-5-23 postfix/cleanup[3351]: 7B81CC0201: message-id=<51947E5E51A264357E629F552ECDC246990F08A2@EC2AMAZ02TUE9GT>
Nov  8 09:05:38 ip-172-34-5-23 postfix/cleanup[3351]: 7B81CC0201: warning: header Subject: 3 ans ! Joyeux anniversaire from ip-172-34-46-243.eu-west-1.compute.internal[172.34.46.243]; from=<edmBE.nutricia@nutricia.com> to=<anaishoyas@hotmail.com> proto=ESMTP helo=<EC2AMAZ-2TUE9GT>
Nov  8 09:05:38 ip-172-34-5-23 postfix/qmgr[5370]: 7B81CC0201: from=<edmBE.nutricia@nutricia.com>, size=71313, nrcpt=1 (queue active)
Nov  8 09:05:38 ip-172-34-5-23 postfix/smtp[27246]: 7B81CC0201: to=<anaishoyas@hotmail.com>, relay=email-smtp.eu-west-1.amazonaws.com[34.253.94.53]:587, delay=0.24, delays=0.07/0/0.07/0.1, dsn=2.0.0, status=sent (250 Ok 0102016e4a0c1ee5-8fc78cac-2ee7-461b-84a8-35ca3bb9d5e5-000000)
Nov  8 09:05:38 ip-172-34-5-23 postfix/qmgr[5370]: 7B81CC0201: removedNov  8 09:05:38 ip-172-34-5-23 postfix/smtpd[9251]: 7B81CC0201: client=ip-172-34-46-243.eu-west-1.compute.internal[172.34.46.243]
Nov  8 09:05:38 ip-172-34-5-23 postfix/cleanup[3351]: 7B81CC0201: message-id=<51947E5E51A264357E629F552ECDC246990F08A2@EC2AMAZ02TUE9GT>
Nov  8 09:05:38 ip-172-34-5-23 postfix/cleanup[3351]: 7B81CC0201: warning: header Subject: 3 ans ! Joyeux anniversaire from ip-172-34-46-243.eu-west-1.compute.internal[172.34.46.243]; from=<edmBE.nutricia@nutricia.com> to=<anaishoyas@hotmail.com> proto=ESMTP helo=<EC2AMAZ-2TUE9GT>
Nov  8 09:05:38 ip-172-34-5-23 postfix/qmgr[5370]: 7B81CC0201: from=<edmBE.nutricia@nutricia.com>, size=71313, nrcpt=1 (queue active)
Nov  8 09:05:38 ip-172-34-5-23 postfix/smtp[27246]: 7B81CC0201: to=<anaishoyas@hotmail.com>, relay=email-smtp.eu-west-1.amazonaws.com[34.253.94.53]:587, delay=0.24, delays=0.07/0/0.07/0.1, dsn=2.0.0, status=sent (250 Ok 0102016e4a0c1ee5-8fc78cac-2ee7-461b-84a8-35ca3bb9d5e5-000000)
Nov  8 09:05:38 ip-172-34-5-23 postfix/qmgr[5370]: 7B81CC0201: removedNov  8 09:05:38 ip-172-34-5-23 postfix/smtpd[9251]: 7B81CC0201: client=ip-172-34-46-243.eu-west-1.compute.internal[172.34.46.243]
Nov  8 09:05:38 ip-172-34-5-23 postfix/cleanup[3351]: 7B81CC0201: message-id=<51947E5E51A264357E629F552ECDC246990F08A2@EC2AMAZ02TUE9GT>
Nov  8 09:05:38 ip-172-34-5-23 postfix/cleanup[3351]: 7B81CC0201: warning: header Subject: 3 ans ! Joyeux anniversaire from ip-172-34-46-243.eu-west-1.compute.internal[172.34.46.243]; from=<edmBE.nutricia@nutricia.com> to=<anaishoyas@hotmail.com> proto=ESMTP helo=<EC2AMAZ-2TUE9GT>
Nov  8 09:05:38 ip-172-34-5-23 postfix/qmgr[5370]: 7B81CC0201: from=<edmBE.nutricia@nutricia.com>, size=71313, nrcpt=1 (queue active)
Nov  8 09:05:38 ip-172-34-5-23 postfix/smtp[27246]: 7B81CC0201: to=<anaishoyas@hotmail.com>, relay=email-smtp.eu-west-1.amazonaws.com[34.253.94.53]:587, delay=0.24, delays=0.07/0/0.07/0.1, dsn=2.0.0, status=sent (250 Ok 0102016e4a0c1ee5-8fc78cac-2ee7-461b-84a8-35ca3bb9d5e5-000000)
Nov  8 09:05:38 ip-172-34-5-23 postfix/qmgr[5370]: 7B81CC0201: removedNov  8 09:05:38 ip-172-34-5-23 postfix/smtpd[9251]: 7B81CC0201: client=ip-172-34-46-243.eu-west-1.compute.internal[172.34.46.243]
Nov  8 09:05:38 ip-172-34-5-23 postfix/cleanup[3351]: 7B81CC0201: message-id=<51947E5E51A264357E629F552ECDC246990F08A2@EC2AMAZ02TUE9GT>
Nov  8 09:05:38 ip-172-34-5-23 postfix/cleanup[3351]: 7B81CC0201: warning: header Subject: 3 ans ! Joyeux anniversaire from ip-172-34-46-243.eu-west-1.compute.internal[172.34.46.243]; from=<edmBE.nutricia@nutricia.com> to=<anaishoyas@hotmail.com> proto=ESMTP helo=<EC2AMAZ-2TUE9GT>
Nov  8 09:05:38 ip-172-34-5-23 postfix/qmgr[5370]: 7B81CC0201: from=<edmBE.nutricia@nutricia.com>, size=71313, nrcpt=1 (queue active)
Nov  8 09:05:38 ip-172-34-5-23 postfix/smtp[27246]: 7B81CC0201: to=<anaishoyas@hotmail.com>, relay=email-smtp.eu-west-1.amazonaws.com[34.253.94.53]:587, delay=0.24, delays=0.07/0/0.07/0.1, dsn=2.0.0, status=sent (250 Ok 0102016e4a0c1ee5-8fc78cac-2ee7-461b-84a8-35ca3bb9d5e5-000000)
Nov  8 09:05:38 ip-172-34-5-23 postfix/qmgr[5370]: 7B81CC0201: removed
Nov  8 09:05:38 ip-172-34-5-23 postfix/qmgr[5370]: 7B81CC0201: from=<edmBE.nutricia@nutricia.com>, size=71313, nrcpt=1 (queue active)
Nov  8 09:05:38 ip-172-34-5-23 postfix/smtp[27246]: 7B81CC0201: to=<anaishoyas@hotmail.com>, relay=email-smtp.eu-west-1.amazonaws.com[34.253.94.53]:587, delay=0.24, delays=0.07/0/0.07/0.1, dsn=2.0.0, status=sent (250 Ok 0102016e4a0c1ee5-8fc78cac-2ee7-461b-84a8-35ca3bb9d5e5-000000)
Nov  8 09:05:38 ip-172-34-5-23 postfix/qmgr[5370]: 7B81CC0201: removedNov  8 09:05:38 ip-172-34-5-23 postfix/smtpd[9251]: 7B81CC0201: client=ip-172-34-46-243.eu-west-1.compute.internal[172.34.46.243]
Nov  8 09:05:38 ip-172-34-5-23 postfix/cleanup[3351]: 7B81CC0201: message-id=<51947E5E51A264357E629F552ECDC246990F08A2@EC2AMAZ02TUE9GT>
Nov  8 09:05:38 ip-172-34-5-23 postfix/cleanup[3351]: 7B81CC0201: warning: header Subject: 3 ans ! Joyeux anniversaire from ip-172-34-46-243.eu-west-1.compute.internal[172.34.46.243]; from=<edmBE.nutricia@nutricia.com> to=<anaishoyas@hotmail.com> proto=ESMTP helo=<EC2AMAZ-2TUE9GT>
Nov  8 09:05:38 ip-172-34-5-23 postfix/qmgr[5370]: 7B81CC0201: from=<edmBE.nutricia@nutricia.com>, size=71313, nrcpt=1 (queue active)
Nov  8 09:05:38 ip-172-34-5-23 postfix/smtp[27246]: 7B81CC0201: to=<anaishoyas@hotmail.com>, relay=email-smtp.eu-west-1.amazonaws.com[34.253.94.53]:587, delay=0.24, delays=0.07/0/0.07/0.1, dsn=2.0.0, status=sent (250 Ok 0102016e4a0c1ee5-8fc78cac-2ee7-461b-84a8-35ca3bb9d5e5-000000)
Nov  8 09:05:38 ip-172-34-5-23 postfix/qmgr[5370]: 7B81CC0201: removedNov  8 09:05:38 ip-172-34-5-23 postfix/smtpd[9251]: 7B81CC0201: client=ip-172-34-46-243.eu-west-1.compute.internal[172.34.46.243]
Nov  8 09:05:38 ip-172-34-5-23 postfix/cleanup[3351]: 7B81CC0201: message-id=<51947E5E51A264357E629F552ECDC246990F08A2@EC2AMAZ02TUE9GT>
Nov  8 09:05:38 ip-172-34-5-23 postfix/cleanup[3351]: 7B81CC0201: warning: header Subject: 3 ans ! Joyeux anniversaire from ip-172-34-46-243.eu-west-1.compute.internal[172.34.46.243]; from=<edmBE.nutricia@nutricia.com> to=<anaishoyas@hotmail.com> proto=ESMTP helo=<EC2AMAZ-2TUE9GT>
Nov  8 09:05:38 ip-172-34-5-23 postfix/qmgr[5370]: 7B81CC0201: from=<edmBE.nutricia@nutricia.com>, size=71313, nrcpt=1 (queue active)
Nov  8 09:05:38 ip-172-34-5-23 postfix/smtp[27246]: 7B81CC0201: to=<anaishoyas@hotmail.com>, relay=email-smtp.eu-west-1.amazonaws.com[34.253.94.53]:587, delay=0.24, delays=0.07/0/0.07/0.1, dsn=2.0.0, status=sent (250 Ok 0102016e4a0c1ee5-8fc78cac-2ee7-461b-84a8-35ca3bb9d5e5-000000)
Nov  8 09:05:38 ip-172-34-5-23 postfix/qmgr[5370]: 7B81CC0201: removedNov  8 09:05:38 ip-172-34-5-23 postfix/smtpd[9251]: 7B81CC0201: client=ip-172-34-46-243.eu-west-1.compute.internal[172.34.46.243]
Nov  8 09:05:38 ip-172-34-5-23 postfix/cleanup[3351]: 7B81CC0201: message-id=<51947E5E51A264357E629F552ECDC246990F08A2@EC2AMAZ02TUE9GT>
Nov  8 09:05:38 ip-172-34-5-23 postfix/cleanup[3351]: 7B81CC0201: warning: header Subject: 3 ans ! Joyeux anniversaire from ip-172-34-46-243.eu-west-1.compute.internal[172.34.46.243]; from=<edmBE.nutricia@nutricia.com> to=<anaishoyas@hotmail.com> proto=ESMTP helo=<EC2AMAZ-2TUE9GT>
Nov  8 09:05:38 ip-172-34-5-23 postfix/qmgr[5370]: 7B81CC0201: from=<edmBE.nutricia@nutricia.com>, size=71313, nrcpt=1 (queue active)
Nov  8 09:05:38 ip-172-34-5-23 postfix/smtp[27246]: 7B81CC0201: to=<anaishoyas@hotmail.com>, relay=email-smtp.eu-west-1.amazonaws.com[34.253.94.53]:587, delay=0.24, delays=0.07/0/0.07/0.1, dsn=2.0.0, status=sent (250 Ok 0102016e4a0c1ee5-8fc78cac-2ee7-461b-84a8-35ca3bb9d5e5-000000)
Nov  8 09:05:38 ip-172-34-5-23 postfix/qmgr[5370]: 7B81CC0201: removed
Nov  8 09:05:38 ip-172-34-5-23 postfix/qmgr[5370]: 7B81CC0201: from=<edmBE.nutricia@nutricia.com>, size=71313, nrcpt=1 (queue active)
Nov  8 09:05:38 ip-172-34-5-23 postfix/smtp[27246]: 7B81CC0201: to=<anaishoyas@hotmail.com>, relay=email-smtp.eu-west-1.amazonaws.com[34.253.94.53]:587, delay=0.24, delays=0.07/0/0.07/0.1, dsn=2.0.0, status=sent (250 Ok 0102016e4a0c1ee5-8fc78cac-2ee7-461b-84a8-35ca3bb9d5e5-000000)
Nov  8 09:05:38 ip-172-34-5-23 postfix/qmgr[5370]: 7B81CC0201: removedNov  8 09:05:38 ip-172-34-5-23 postfix/smtpd[9251]: 7B81CC0201: client=ip-172-34-46-243.eu-west-1.compute.internal[172.34.46.243]
Nov  8 09:05:38 ip-172-34-5-23 postfix/cleanup[3351]: 7B81CC0201: message-id=<51947E5E51A264357E629F552ECDC246990F08A2@EC2AMAZ02TUE9GT>
Nov  8 09:05:38 ip-172-34-5-23 postfix/cleanup[3351]: 7B81CC0201: warning: header Subject: 3 ans ! Joyeux anniversaire from ip-172-34-46-243.eu-west-1.compute.internal[172.34.46.243]; from=<edmBE.nutricia@nutricia.com> to=<anaishoyas@hotmail.com> proto=ESMTP helo=<EC2AMAZ-2TUE9GT>
