Nov  8 09:05:38 ip-172-34-5-23 postfix/cleanup[3351]: 7B81CC0201: warning: header Subject: 3 ans ! Joyeux anniversaire from ip-172-34-46-243.eu-west-1.compute.internal[172.34.46.243]; from=<edmBE.nutricia@nutricia.com> to=<anaishoyas@hotmail.com> proto=ESMTP helo=<EC2AMAZ-2TUE9GT>
Nov  8 09:05:38 ip-172-34-5-23 postfix/qmgr[5370]: 7B81CC0201: from=<edmBE.nutricia@nutricia.com>, size=71313, nrcpt=1 (queue active)
Nov  8 09:05:38 ip-172-34-5-23 postfix/smtp[27246]: 7B81CC0201: to=<anaishoyas@hotmail.com>, relay=email-smtp.eu-west-1.amazonaws.com[34.253.94.53]:587, delay=0.24, delays=0.07/0/0.07/0.1, dsn=2.0.0, status=sent (250 Ok 0102016e4a0c1ee5-8fc78cac-2ee7-461b-84a8-35ca3bb9d5e5-000000)
Nov  8 09:05:38 ip-172-34-5-23 postfix/qmgr[5370]: 7B81CC0201: removedNov  8 09:05:38 ip-172-34-5-23 postfix/smtpd[9251]: 7B81CC0201: client=ip-172-34-46-243.eu-west-1.compute.internal[172.34.46.243]
Nov  8 09:05:38 ip-172-34-5-23 postfix/cleanup[3351]: 7B81CC0201: message-id=<51947E5E51A264357E629F552ECDC246990F08A2@EC2AMAZ02TUE9GT>
Nov  8 09:05:38 ip-172-34-5-23 postfix/cleanup[3351]: 7B81CC0201: warning: header Subject: 3 ans ! Joyeux anniversaire from ip-172-34-46-243.eu-west-1.compute.internal[172.34.46.243]; from=<edmBE.nutricia@nutricia.com> to=<anaishoyas@hotmail.com> proto=ESMTP helo=<EC2AMAZ-2TUE9GT>
Nov  8 09:05:38 ip-172-34-5-23 postfix/qmgr[5370]: 7B81CC0201: from=<edmBE.nutricia@nutricia.com>, size=71313, nrcpt=1 (queue active)
Nov  8 09:05:38 ip-172-34-5-23 postfix/smtp[27246]: 7B81CC0201: to=<anaishoyas@hotmail.com>, relay=email-smtp.eu-west-1.amazonaws.com[34.253.94.53]:587, delay=0.24, delays=0.07/0/0.07/0.1, dsn=2.0.0, status=sent (250 Ok 0102016e4a0c1ee5-8fc78cac-2ee7-461b-84a8-35ca3bb9d5e5-000000)
Nov  8 09:05:38 ip-172-34-5-23 postfix/qmgr[5370]: 7B81CC0201: removed
Nov  8 09:05:38 ip-172-34-5-23 postfix/qmgr[5370]: 7B81CC0201: from=<edmBE.nutricia@nutricia.com>, size=71313, nrcpt=1 (queue active)
Nov  8 09:05:38 ip-172-34-5-23 postfix/smtp[27246]: 7B81CC0201: to=<anaishoyas@hotmail.com>, relay=email-smtp.eu-west-1.amazonaws.com[34.253.94.53]:587, delay=0.24, delays=0.07/0/0.07/0.1, dsn=2.0.0, status=sent (250 Ok 0102016e4a0c1ee5-8fc78cac-2ee7-461b-84a8-35ca3bb9d5e5-000000)
Nov  8 09:05:38 ip-172-34-5-23 postfix/qmgr[5370]: 7B81CC0201: removedNov  8 09:05:38 ip-172-34-5-23 postfix/smtpd[9251]: 7B81CC0201: client=ip-172-34-46-243.eu-west-1.compute.internal[172.34.46.243]
Nov  8 09:05:38 ip-172-34-5-23 postfix/cleanup[3351]: 7B81CC0201: message-id=<51947E5E51A264357E629F552ECDC246990F08A2@EC2AMAZ02TUE9GT>
Nov  8 09:05:38 ip-172-34-5-23 postfix/cleanup[3351]: 7B81CC0201: warning: header Subject: 3 ans ! Joyeux anniversaire from ip-172-34-46-243.eu-west-1.compute.internal[172.34.46.243]; from=<edmBE.nutricia@nutricia.com> to=<anaishoyas@hotmail.com> proto=ESMTP helo=<EC2AMAZ-2TUE9GT>
Nov  8 09:05:38 ip-172-34-5-23 postfix/qmgr[5370]: 7B81CC0201: from=<edmBE.nutricia@nutricia.com>, size=71313, nrcpt=1 (queue active)
Nov  8 09:05:38 ip-172-34-5-23 postfix/smtp[27246]: 7B81CC0201: to=<anaishoyas@hotmail.com>, relay=email-smtp.eu-west-1.amazonaws.com[34.253.94.53]:587, delay=0.24, delays=0.07/0/0.07/0.1, dsn=2.0.0, status=sent (250 Ok 0102016e4a0c1ee5-8fc78cac-2ee7-461b-84a8-35ca3bb9d5e5-000000)
Nov  8 09:05:38 ip-172-34-5-23 postfix/qmgr[5370]: 7B81CC0201: removedNov  8 09:05:38 ip-172-34-5-23 postfix/smtpd[9251]: 7B81CC0201: client=ip-172-34-46-243.eu-west-1.compute.internal[172.34.46.243]
Nov  8 09:05:38 ip-172-34-5-23 postfix/cleanup[3351]: 7B81CC0201: message-id=<51947E5E51A264357E629F552ECDC246990F08A2@EC2AMAZ02TUE9GT>
Nov  8 09:05:38 ip-172-34-5-23 postfix/cleanup[3351]: 7B81CC0201: warning: header Subject: 3 ans ! Joyeux anniversaire from ip-172-34-46-243.eu-west-1.compute.internal[172.34.46.243]; from=<edmBE.nutricia@nutricia.com> to=<anaishoyas@hotmail.com> proto=ESMTP helo=<EC2AMAZ-2TUE9GT>
Nov  8 09:05:38 ip-172-34-5-23 postfix/qmgr[5370]: 7B81CC0201: from=<edmBE.nutricia@nutricia.com>, size=71313, nrcpt=1 (queue active)
Nov  8 09:05:38 ip-172-34-5-23 postfix/smtp[27246]: 7B81CC0201: to=<anaishoyas@hotmail.com>, relay=email-smtp.eu-west-1.amazonaws.com[34.253.94.53]:587, delay=0.24, delays=0.07/0/0.07/0.1, dsn=2.0.0, status=sent (250 Ok 0102016e4a0c1ee5-8fc78cac-2ee7-461b-84a8-35ca3bb9d5e5-000000)
Nov  8 09:05:38 ip-172-34-5-23 postfix/qmgr[5370]: 7B81CC0201: removedNov  8 09:05:38 ip-172-34-5-23 postfix/smtpd[9251]: 7B81CC0201: client=ip-172-34-46-243.eu-west-1.compute.internal[172.34.46.243]
Nov  8 09:05:38 ip-172-34-5-23 postfix/cleanup[3351]: 7B81CC0201: message-id=<51947E5E51A264357E629F552ECDC246990F08A2@EC2AMAZ02TUE9GT>
Nov  8 09:05:38 ip-172-34-5-23 postfix/cleanup[3351]: 7B81CC0201: warning: header Subject: 3 ans ! Joyeux anniversaire from ip-172-34-46-243.eu-west-1.compute.internal[172.34.46.243]; from=<edmBE.nutricia@nutricia.com> to=<anaishoyas@hotmail.com> proto=ESMTP helo=<EC2AMAZ-2TUE9GT>
Nov  8 09:05:38 ip-172-34-5-23 postfix/qmgr[5370]: 7B81CC0201: from=<edmBE.nutricia@nutricia.com>, size=71313, nrcpt=1 (queue active)
Nov  8 09:05:38 ip-172-34-5-23 postfix/smtp[27246]: 7B81CC0201: to=<anaishoyas@hotmail.com>, relay=email-smtp.eu-west-1.amazonaws.com[34.253.94.53]:587, delay=0.24, delays=0.07/0/0.07/0.1, dsn=2.0.0, status=sent (250 Ok 0102016e4a0c1ee5-8fc78cac-2ee7-461b-84a8-35ca3bb9d5e5-000000)
Nov  8 09:05:38 ip-172-34-5-23 postfix/qmgr[5370]: 7B81CC0201: removed
Nov  8 09:05:36 ip-172-34-5-23 postfix/cleanup[17616]: 5092DC022A: message-id=<8FA419C39390A7BC807F89CF2904ED7F617C9B69@EC2AMAZ02TUE9GT>
Nov  8 09:05:36 ip-172-34-5-23 postfix/cleanup[17616]: 5092DC022A: warning: header Subject: 3 ans ! Joyeux anniversaire from ip-172-34-46-243.eu-west-1.compute.internal[172.34.46.243]; from=<edmBE.nutricia@nutricia.com> to=<nour___eddine-00@hotmail.fr> proto=ESMTP helo=<EC2AMAZ-2TUE9GT>
Nov  8 09:05:36 ip-172-34-5-23 postfix/qmgr[5370]: 5092DC022A: from=<edmBE.nutricia@nutricia.com>, size=63881, nrcpt=1 (queue active)
Nov  8 09:05:36 ip-172-34-5-23 postfix/smtp[17666]: 29425C0201: to=<sara.van.der.paelt@telenet.be>, relay=email-smtp.eu-west-1.amazonaws.com[34.250.83.23]:587, delay=0.28, delays=0.06/0/0.07/0.14, dsn=2.0.0, status=sent (250 Ok 0102016e4a0c15c0-68827f3a-b5f5-49a9-b1f3-040abb2a2716-000000)
Nov  8 09:05:36 ip-172-34-5-23 postfix/qmgr[5370]: 29425C0201: removed
Nov  8 09:05:36 ip-172-34-5-23 postfix/smtp[3522]: 5092DC022A: to=<nour___eddine-00@hotmail.fr>, relay=email-smtp.eu-west-1.amazonaws.com[52.17.212.138]:587, delay=0.31, delays=0.06/0/0.08/0.17, dsn=2.0.0, status=sent (250 Ok 0102016e4a0c1664-feb4df82-1573-4f9d-8e4a-b1b74877f498-000000)
Nov  8 09:05:36 ip-172-34-5-23 postfix/qmgr[5370]: 5092DC022A: removed
Nov  8 09:05:36 ip-172-34-5-23 postfix/smtpd[9251]: 0A342C0201: client=ip-172-34-46-243.eu-west-1.compute.internal[172.34.46.243]
Nov  8 09:05:36 ip-172-34-5-23 postfix/cleanup[3351]: 0A342C0201: message-id=<9553A0A33C6F6DCAB92E45DF5C83214E9F60C7C4@EC2AMAZ02TUE9GT>
Nov  8 09:05:36 ip-172-34-5-23 postfix/cleanup[3351]: 0A342C0201: warning: header Subject: 3 ans ! Joyeux anniversaire from ip-172-34-46-243.eu-west-1.compute.internal[172.34.46.243]; from=<edmBE.nutricia@nutricia.com> to=<rebecca_krischer@hotmail.com> proto=ESMTP helo=<EC2AMAZ-2TUE9GT>
Nov  8 09:05:36 ip-172-34-5-23 postfix/qmgr[5370]: 0A342C0201: from=<edmBE.nutricia@nutricia.com>, size=71333, nrcpt=1 (queue active)
Nov  8 09:05:37 ip-172-34-5-23 postfix/smtp[27246]: 0A342C0201: to=<rebecca_krischer@hotmail.com>, relay=email-smtp.eu-west-1.amazonaws.com[34.247.236.9]:587, delay=0.27, delays=0.06/0/0.09/0.12, dsn=2.0.0, status=sent (250 Ok 0102016e4a0c18be-3c4ecc5d-a21b-4198-974c-ecf84561fe86-000000)
Nov  8 09:05:37 ip-172-34-5-23 postfix/qmgr[5370]: 0A342C0201: removed
Nov  8 09:05:37 ip-172-34-5-23 postfix/smtpd[9251]: D139EC0201: client=ip-172-34-46-243.eu-west-1.compute.internal[172.34.46.243]
Nov  8 09:05:37 ip-172-34-5-23 postfix/cleanup[17616]: D139EC0201: message-id=<A95549089C52AD70AC0807525B6ACEB20DB24418@EC2AMAZ02TUE9GT>
Nov  8 09:05:37 ip-172-34-5-23 postfix/cleanup[17616]: D139EC0201: warning: header Subject: 3 ans ! Joyeux anniversaire from ip-172-34-46-243.eu-west-1.compute.internal[172.34.46.243]; from=<edmBE.nutricia@nutricia.com> to=<juliesikora@hotmail.com> proto=ESMTP helo=<EC2AMAZ-2TUE9GT>
Nov  8 09:05:37 ip-172-34-5-23 postfix/qmgr[5370]: D139EC0201: from=<edmBE.nutricia@nutricia.com>, size=63800, nrcpt=1 (queue active)
Nov  8 09:05:38 ip-172-34-5-23 postfix/smtp[3522]: D139EC0201: to=<juliesikora@hotmail.com>, relay=email-smtp.eu-west-1.amazonaws.com[52.208.64.115]:587, delay=0.25, delays=0.06/0/0.08/0.1, dsn=2.0.0, status=sent (250 Ok 0102016e4a0c1c64-4695fddc-23dd-450e-adc3-1ccf55cc56f7-000000)
Nov  8 09:05:38 ip-172-34-5-23 postfix/qmgr[5370]: D139EC0201: removed
Nov  8 09:05:38 ip-172-34-5-23 postfix/smtpd[9251]: 7B81CC0201: client=ip-172-34-46-243.eu-west-1.compute.internal[172.34.46.243]
Nov  8 09:05:38 ip-172-34-5-23 postfix/cleanup[3351]: 7B81CC0201: message-id=<51947E5E51A264357E629F552ECDC246990F08A2@EC2AMAZ02TUE9GT>
Nov  8 09:05:38 ip-172-34-5-23 postfix/cleanup[3351]: 7B81CC0201: warning: header Subject: 3 ans ! Joyeux anniversaire from ip-172-34-46-243.eu-west-1.compute.internal[172.34.46.243]; from=<edmBE.nutricia@nutricia.com> to=<anaishoyas@hotmail.com> proto=ESMTP helo=<EC2AMAZ-2TUE9GT>
Nov  8 09:05:38 ip-172-34-5-23 postfix/qmgr[5370]: 7B81CC0201: from=<edmBE.nutricia@nutricia.com>, size=71313, nrcpt=1 (queue active)
Nov  8 09:05:38 ip-172-34-5-23 postfix/smtp[27246]: 7B81CC0201: to=<anaishoyas@hotmail.com>, relay=email-smtp.eu-west-1.amazonaws.com[34.253.94.53]:587, delay=0.24, delays=0.07/0/0.07/0.1, dsn=2.0.0, status=sent (250 Ok 0102016e4a0c1ee5-8fc78cac-2ee7-461b-84a8-35ca3bb9d5e5-000000)
Nov  8 09:05:38 ip-172-34-5-23 postfix/qmgr[5370]: 7B81CC0201: removed
Nov  8 09:05:38 ip-172-34-5-23 postfix/smtpd[29717]: connect from ip-172-34-46-243.eu-west-1.compute.internal[172.34.46.243]
Nov  8 09:05:38 ip-172-34-5-23 postfix/smtpd[29717]: disconnect from ip-172-34-46-243.eu-west-1.compute.internal[172.34.46.243] ehlo=2 starttls=1 quit=1 commands=4
Nov  8 09:05:38 ip-172-34-5-23 postfix/smtpd[9251]: E085FC0201: client=ip-172-34-46-243.eu-west-1.compute.internal[172.34.46.243]
Nov  8 09:05:38 ip-172-34-5-23 postfix/cleanup[17616]: E085FC0201: message-id=<F9AC02B754889718881161658B97BE996B44CD2D@EC2AMAZ02TUE9GT>
Nov  8 09:05:38 ip-172-34-5-23 postfix/cleanup[17616]: E085FC0201: warning: header Subject: The dispatch process is completed from ip-172-34-46-243.eu-west-1.compute.internal[172.34.46.243]; from=<info@nutriciavoorjou.nl> to=<edmBE.nutricia@nutricia.com> proto=ESMTP helo=<EC2AMAZ-2TUE9GT>
Nov  8 09:05:38 ip-172-34-5-23 postfix/qmgr[5370]: E085FC0201: from=<info@nutriciavoorjou.nl>, size=2198, nrcpt=1 (queue active)
Nov  8 09:05:39 ip-172-34-5-23 postfix/smtpd[9251]: DA8ADC0201: client=ip-172-34-46-243.eu-west-1.compute.internal[172.34.46.243]
Nov  8 09:05:39 ip-172-34-5-23 postfix/cleanup[3351]: DA8ADC0201: message-id=<011F7C8C52AE5B4C5D6980E12E95BA1B8ED243D9@EC2AMAZ02TUE9GT>
Nov  8 09:05:39 ip-172-34-5-23 postfix/cleanup[3351]: DA8ADC0201: warning: header Subject: 3 ans ! Joyeux anniversaire from ip-172-34-46-243.eu-west-1.compute.internal[172.34.46.243]; from=<edmBE.nutricia@nutricia.com> to=<simone.janssens@hotmail.com> proto=ESMTP helo=<EC2AMAZ-2TUE9GT>
Nov  8 09:05:39 ip-172-34-5-23 postfix/qmgr[5370]: DA8ADC0201: from=<edmBE.nutricia@nutricia.com>, size=63859, nrcpt=1 (queue active)
Nov  8 09:05:39 ip-172-34-5-23 postfix/smtp[17666]: E085FC0201: to=<edmBE.nutricia@nutricia.com>, relay=email-smtp.eu-west-1.amazonaws.com[34.250.212.134]:587, delay=0.33, delays=0.06/0/0.08/0.19, dsn=2.0.0, status=sent (250 Ok 0102016e4a0c207e-37c2a2fa-04bf-4606-99bb-95513b693611-000000)
Nov  8 09:05:39 ip-172-34-5-23 postfix/qmgr[5370]: E085FC0201: removed
Nov  8 09:05:39 ip-172-34-5-23 postfix/smtp[3522]: DA8ADC0201: to=<simone.janssens@hotmail.com>, relay=email-smtp.eu-west-1.amazonaws.com[52.17.212.138]:587, delay=0.24, delays=0.06/0/0.07/0.11, dsn=2.0.0, status=sent (250 Ok 0102016e4a0c2178-9367a854-733e-4d9a-89f8-71245004ab16-000000)
Nov  8 09:05:39 ip-172-34-5-23 postfix/qmgr[5370]: DA8ADC0201: removed
Nov  8 09:05:39 ip-172-34-5-23 postfix/smtpd[9251]: BF556C0201: client=ip-172-34-46-243.eu-west-1.compute.internal[172.34.46.243]
Nov  8 09:05:39 ip-172-34-5-23 postfix/cleanup[17616]: BF556C0201: message-id=<981C3A9136F043FD65CCDF592623898F836367AC@EC2AMAZ02TUE9GT>
Nov  8 09:05:39 ip-172-34-5-23 postfix/cleanup[17616]: BF556C0201: warning: header Subject: 3 ans ! Joyeux anniversaire from ip-172-34-46-243.eu-west-1.compute.internal[172.34.46.243]; from=<edmBE.nutricia@nutricia.com> to=<merimadu81@gmail.com> proto=ESMTP helo=<EC2AMAZ-2TUE9GT>
Nov  8 09:05:39 ip-172-34-5-23 postfix/qmgr[5370]: BF556C0201: from=<edmBE.nutricia@nutricia.com>, size=63834, nrcpt=1 (queue active)
Nov  8 09:05:40 ip-172-34-5-23 postfix/smtp[27246]: BF556C0201: to=<merimadu81@gmail.com>, relay=email-smtp.eu-west-1.amazonaws.com[52.208.89.120]:587, delay=0.26, delays=0.06/0/0.07/0.13, dsn=2.0.0, status=sent (250 Ok 0102016e4a0c23d7-a46ef03f-b1ef-4525-adc1-aa9e4e387692-000000)
Nov  8 09:05:40 ip-172-34-5-23 postfix/qmgr[5370]: BF556C0201: removed
Nov  8 09:05:40 ip-172-34-5-23 postfix/smtpd[9251]: 45233C0201: client=ip-172-34-46-243.eu-west-1.compute.internal[172.34.46.243]
Nov  8 09:05:40 ip-172-34-5-23 postfix/cleanup[3351]: 45233C0201: message-id=<57F27EB3860C049ABFB5C418C6BAE0BA65ACED84@EC2AMAZ02TUE9GT>
Nov  8 09:05:40 ip-172-34-5-23 postfix/cleanup[3351]: 45233C0201: warning: header Subject: 3 ans ! Joyeux anniversaire from ip-172-34-46-243.eu-west-1.compute.internal[172.34.46.243]; from=<edmBE.nutricia@nutricia.com> to=<el_porquinha@hotmail.com> proto=ESMTP helo=<EC2AMAZ-2TUE9GT>
Nov  8 09:05:40 ip-172-34-5-23 postfix/qmgr[5370]: 45233C0201: from=<edmBE.nutricia@nutricia.com>, size=63802, nrcpt=1 (queue active)
Nov  8 09:05:40 ip-172-34-5-23 postfix/smtp[17666]: 45233C0201: to=<el_porquinha@hotmail.com>, relay=email-smtp.eu-west-1.amazonaws.com[52.31.79.222]:587, delay=0.23, delays=0.06/0/0.07/0.1, dsn=2.0.0, status=sent (250 Ok 0102016e4a0c25c9-3f43e046-9f05-4d68-b730-0638aeedd039-000000)
Nov  8 09:05:40 ip-172-34-5-23 postfix/qmgr[5370]: 45233C0201: removed
Nov  8 09:05:40 ip-172-34-5-23 postfix/smtpd[9251]: E55E4C0201: client=ip-172-34-46-243.eu-west-1.compute.internal[172.34.46.243]
Nov  8 09:05:40 ip-172-34-5-23 postfix/cleanup[17616]: E55E4C0201: message-id=<C68E92C493DD4DF53269879140147A6245002D23@EC2AMAZ02TUE9GT>
Nov  8 09:05:40 ip-172-34-5-23 postfix/cleanup[17616]: E55E4C0201: warning: header Subject: 3 ans ! Joyeux anniversaire from ip-172-34-46-243.eu-west-1.compute.internal[172.34.46.243]; from=<edmBE.nutricia@nutricia.com> to=<selnes@hotmail.fr> proto=ESMTP helo=<EC2AMAZ-2TUE9GT>
Nov  8 09:05:40 ip-172-34-5-23 postfix/qmgr[5370]: E55E4C0201: from=<edmBE.nutricia@nutricia.com>, size=63812, nrcpt=1 (queue active)
Nov  8 09:05:41 ip-172-34-5-23 postfix/smtp[27246]: E55E4C0201: to=<selnes@hotmail.fr>, relay=email-smtp.eu-west-1.amazonaws.com[34.253.94.53]:587, delay=0.4, delays=0.06/0/0.08/0.26, dsn=2.0.0, status=sent (250 Ok 0102016e4a0c2860-104edc6e-2101-4b03-9604-a4b8b03dce57-000000)
Nov  8 09:05:41 ip-172-34-5-23 postfix/qmgr[5370]: E55E4C0201: removed
Nov  8 09:05:41 ip-172-34-5-23 postfix/smtpd[9251]: A1ACBC0201: client=ip-172-34-46-243.eu-west-1.compute.internal[172.34.46.243]
Nov  8 09:05:41 ip-172-34-5-23 postfix/cleanup[3351]: A1ACBC0201: message-id=<1D414C5D7913314D2F60A159EAB55BDB6B5F97E7@EC2AMAZ02TUE9GT>
Nov  8 09:05:41 ip-172-34-5-23 postfix/cleanup[3351]: A1ACBC0201: warning: header Subject: 3 ans ! Joyeux anniversaire from ip-172-34-46-243.eu-west-1.compute.internal[172.34.46.243]; from=<edmBE.nutricia@nutricia.com> to=<berengerevano@hotmail.com> proto=ESMTP helo=<EC2AMAZ-2TUE9GT>
Nov  8 09:05:41 ip-172-34-5-23 postfix/qmgr[5370]: A1ACBC0201: from=<edmBE.nutricia@nutricia.com>, size=63831, nrcpt=1 (queue active)
Nov  8 09:05:42 ip-172-34-5-23 postfix/smtp[3522]: A1ACBC0201: to=<berengerevano@hotmail.com>, relay=email-smtp.eu-west-1.amazonaws.com[52.31.79.222]:587, delay=0.34, delays=0.07/0/0.09/0.18, dsn=2.0.0, status=sent (250 Ok 0102016e4a0c2b4d-0e1bb7bc-327b-4056-b85d-68cfbf2a909e-000000)
Nov  8 09:05:42 ip-172-34-5-23 postfix/qmgr[5370]: A1ACBC0201: removed
Nov  8 09:05:42 ip-172-34-5-23 postfix/smtpd[9251]: 28502C0201: client=ip-172-34-46-243.eu-west-1.compute.internal[172.34.46.243]
Nov  8 09:05:42 ip-172-34-5-23 postfix/cleanup[17616]: 28502C0201: message-id=<9B304E6DFEE6791AE6DBA0053D670B7884593102@EC2AMAZ02TUE9GT>
Nov  8 09:05:42 ip-172-34-5-23 postfix/cleanup[17616]: 28502C0201: warning: header Subject: 3 ans ! Joyeux anniversaire from ip-172-34-46-243.eu-west-1.compute.internal[172.34.46.243]; from=<edmBE.nutricia@nutricia.com> to=<aure99@hotmail.com> proto=ESMTP helo=<EC2AMAZ-2TUE9GT>
Nov  8 09:05:42 ip-172-34-5-23 postfix/qmgr[5370]: 28502C0201: from=<edmBE.nutricia@nutricia.com>, size=63831, nrcpt=1 (queue active)
Nov  8 09:05:42 ip-172-34-5-23 postfix/smtp[17666]: 28502C0201: to=<aure99@hotmail.com>, relay=email-smtp.eu-west-1.amazonaws.com[52.31.79.222]:587, delay=0.51, delays=0.07/0/0.09/0.35, dsn=2.0.0, status=sent (250 Ok 0102016e4a0c2d44-1285547f-1dee-48b5-ab2f-92e9213315a6-000000)
Nov  8 09:05:42 ip-172-34-5-23 postfix/qmgr[5370]: 28502C0201: removed
Nov  8 09:05:42 ip-172-34-5-23 postfix/smtpd[9251]: DA8ADC0201: client=ip-172-34-46-243.eu-west-1.compute.internal[172.34.46.243]
Nov  8 09:05:42 ip-172-34-5-23 postfix/cleanup[3351]: DA8ADC0201: message-id=<A440F35511A4CC49DE64D0BE79E0812B3891A403@EC2AMAZ02TUE9GT>
Nov  8 09:05:42 ip-172-34-5-23 postfix/cleanup[3351]: DA8ADC0201: warning: header Subject: 3 ans ! Joyeux anniversaire from ip-172-34-46-243.eu-west-1.compute.internal[172.34.46.243]; from=<edmBE.nutricia@nutricia.com> to=<jania_187@hotmail.com> proto=ESMTP helo=<EC2AMAZ-2TUE9GT>
Nov  8 09:05:42 ip-172-34-5-23 postfix/qmgr[5370]: DA8ADC0201: from=<edmBE.nutricia@nutricia.com>, size=71158, nrcpt=1 (queue active)
Nov  8 09:05:43 ip-172-34-5-23 postfix/smtp[27246]: DA8ADC0201: to=<jania_187@hotmail.com>, relay=email-smtp.eu-west-1.amazonaws.com[52.208.64.115]:587, delay=0.26, delays=0.06/0/0.07/0.13, dsn=2.0.0, status=sent (250 Ok 0102016e4a0c2fff-a6309aba-7dbb-43b7-b0a8-6cf5bc75c7f5-000000)
Nov  8 09:05:43 ip-172-34-5-23 postfix/qmgr[5370]: DA8ADC0201: removed
Nov  8 09:05:43 ip-172-34-5-23 postfix/smtpd[9251]: 6C94FC0201: client=ip-172-34-46-243.eu-west-1.compute.internal[172.34.46.243]
Nov  8 09:05:43 ip-172-34-5-23 postfix/cleanup[17616]: 6C94FC0201: message-id=<B2BD2E136B433CDF929222DD4619467A630A2322@EC2AMAZ02TUE9GT>
Nov  8 09:05:43 ip-172-34-5-23 postfix/cleanup[17616]: 6C94FC0201: warning: header Subject: 3 ans ! Joyeux anniversaire from ip-172-34-46-243.eu-west-1.compute.internal[172.34.46.243]; from=<edmBE.nutricia@nutricia.com> to=<pierrenafilyan@hotmail.fr> proto=ESMTP helo=<EC2AMAZ-2TUE9GT>
Nov  8 09:05:43 ip-172-34-5-23 postfix/qmgr[5370]: 6C94FC0201: from=<edmBE.nutricia@nutricia.com>, size=63828, nrcpt=1 (queue active)
Nov  8 09:05:43 ip-172-34-5-23 postfix/smtp[3522]: 6C94FC0201: to=<pierrenafilyan@hotmail.fr>, relay=email-smtp.eu-west-1.amazonaws.com[34.247.236.9]:587, delay=0.24, delays=0.07/0/0.07/0.1, dsn=2.0.0, status=sent (250 Ok 0102016e4a0c322c-b57db41d-b04d-44df-80c4-993d9f614934-000000)
Nov  8 09:05:43 ip-172-34-5-23 postfix/qmgr[5370]: 6C94FC0201: removed
Nov  8 09:05:44 ip-172-34-5-23 postfix/smtpd[9251]: 0A342C0201: client=ip-172-34-46-243.eu-west-1.compute.internal[172.34.46.243]
Nov  8 09:05:44 ip-172-34-5-23 postfix/cleanup[3351]: 0A342C0201: message-id=<6CBD43368D6A813F244092B69CF000787C08156F@EC2AMAZ02TUE9GT>
Nov  8 09:05:44 ip-172-34-5-23 postfix/cleanup[3351]: 0A342C0201: warning: header Subject: 3 ans ! Joyeux anniversaire from ip-172-34-46-243.eu-west-1.compute.internal[172.34.46.243]; from=<edmBE.nutricia@nutricia.com> to=<charlene.stoz@gmail.com> proto=ESMTP helo=<EC2AMAZ-2TUE9GT>
Nov  8 09:05:44 ip-172-34-5-23 postfix/qmgr[5370]: 0A342C0201: from=<edmBE.nutricia@nutricia.com>, size=63815, nrcpt=1 (queue active)
Nov  8 09:05:44 ip-172-34-5-23 postfix/smtp[17666]: 0A342C0201: to=<charlene.stoz@gmail.com>, relay=email-smtp.eu-west-1.amazonaws.com[34.250.83.23]:587, delay=0.24, delays=0.07/0/0.08/0.09, dsn=2.0.0, status=sent (250 Ok 0102016e4a0c348b-d4928206-ad2e-443e-9311-356c395e7a9c-000000)
Nov  8 09:05:44 ip-172-34-5-23 postfix/qmgr[5370]: 0A342C0201: removed
Nov  8 09:05:44 ip-172-34-5-23 postfix/smtpd[9251]: DA7E6C0201: client=ip-172-34-46-243.eu-west-1.compute.internal[172.34.46.243]
Nov  8 09:05:44 ip-172-34-5-23 postfix/cleanup[17616]: DA7E6C0201: message-id=<CCA5A388E72EF1F4A9302A252BA726E779C5CF08@EC2AMAZ02TUE9GT>
Nov  8 09:05:44 ip-172-34-5-23 postfix/cleanup[17616]: DA7E6C0201: warning: header Subject: 3 ans ! Joyeux anniversaire from ip-172-34-46-243.eu-west-1.compute.internal[172.34.46.243]; from=<edmBE.nutricia@nutricia.com> to=<lejal5980@gmail.com> proto=ESMTP helo=<EC2AMAZ-2TUE9GT>
Nov  8 09:05:44 ip-172-34-5-23 postfix/qmgr[5370]: DA7E6C0201: from=<edmBE.nutricia@nutricia.com>, size=63793, nrcpt=1 (queue active)
Nov  8 09:05:45 ip-172-34-5-23 postfix/smtp[27246]: DA7E6C0201: to=<lejal5980@gmail.com>, relay=email-smtp.eu-west-1.amazonaws.com[34.253.94.53]:587, delay=0.24, delays=0.06/0/0.07/0.11, dsn=2.0.0, status=sent (250 Ok 0102016e4a0c37d0-f7adb9cb-7dbd-426f-8f1a-f03bd7be5f5f-000000)
Nov  8 09:05:45 ip-172-34-5-23 postfix/qmgr[5370]: DA7E6C0201: removed
Nov  8 09:05:45 ip-172-34-5-23 postfix/smtpd[9251]: 0A342C0201: client=ip-172-34-46-243.eu-west-1.compute.internal[172.34.46.243]
Nov  8 09:05:45 ip-172-34-5-23 postfix/cleanup[3351]: 0A342C0201: message-id=<821920DC93F185B733F38696A38EEEA9094C4F96@EC2AMAZ02TUE9GT>
Nov  8 09:05:45 ip-172-34-5-23 postfix/cleanup[3351]: 0A342C0201: warning: header Subject: 3 ans ! Joyeux anniversaire from ip-172-34-46-243.eu-west-1.compute.internal[172.34.46.243]; from=<edmBE.nutricia@nutricia.com> to=<nathalie.bolland@gmail.com> proto=ESMTP helo=<EC2AMAZ-2TUE9GT>
Nov  8 09:05:45 ip-172-34-5-23 postfix/qmgr[5370]: 0A342C0201: from=<edmBE.nutricia@nutricia.com>, size=71301, nrcpt=1 (queue active)
Nov  8 09:05:45 ip-172-34-5-23 postfix/smtp[17666]: 0A342C0201: to=<nathalie.bolland@gmail.com>, relay=email-smtp.eu-west-1.amazonaws.com[52.31.79.222]:587, delay=0.25, delays=0.06/0/0.09/0.1, dsn=2.0.0, status=sent (250 Ok 0102016e4a0c39c6-df3b00b2-9447-4a8b-a489-39108cb0ec23-000000)
Nov  8 09:05:45 ip-172-34-5-23 postfix/qmgr[5370]: 0A342C0201: removed
Nov  8 09:05:46 ip-172-34-5-23 postfix/smtpd[9251]: 0AEBBC0201: client=ip-172-34-46-243.eu-west-1.compute.internal[172.34.46.243]
Nov  8 09:05:46 ip-172-34-5-23 postfix/cleanup[17616]: 0AEBBC0201: message-id=<7363A5A6346676C002F4AE9BC81F08701F6C2542@EC2AMAZ02TUE9GT>
Nov  8 09:05:46 ip-172-34-5-23 postfix/cleanup[17616]: 0AEBBC0201: warning: header Subject: 3 ans ! Joyeux anniversaire from ip-172-34-46-243.eu-west-1.compute.internal[172.34.46.243]; from=<edmBE.nutricia@nutricia.com> to=<nathaliefransolet@hotmail.com> proto=ESMTP helo=<EC2AMAZ-2TUE9GT>
Nov  8 09:05:46 ip-172-34-5-23 postfix/qmgr[5370]: 0AEBBC0201: from=<edmBE.nutricia@nutricia.com>, size=63806, nrcpt=1 (queue active)
Nov  8 09:05:46 ip-172-34-5-23 postfix/smtp[3522]: 0AEBBC0201: to=<nathaliefransolet@hotmail.com>, relay=email-smtp.eu-west-1.amazonaws.com[34.253.94.53]:587, delay=0.33, delays=0.06/0/0.09/0.18, dsn=2.0.0, status=sent (250 Ok 0102016e4a0c3c60-a63932a4-00b4-44ea-8d3b-50156cb9a1a2-000000)
Nov  8 09:05:46 ip-172-34-5-23 postfix/qmgr[5370]: 0AEBBC0201: removed
Nov  8 09:05:46 ip-172-34-5-23 postfix/smtpd[9251]: 8B65EC0201: client=ip-172-34-46-243.eu-west-1.compute.internal[172.34.46.243]
Nov  8 09:05:46 ip-172-34-5-23 postfix/cleanup[3351]: 8B65EC0201: message-id=<2825B09E99ABD34D4A9171751408F24D2D5E299E@EC2AMAZ02TUE9GT>
Nov  8 09:05:46 ip-172-34-5-23 postfix/cleanup[3351]: 8B65EC0201: warning: header Subject: 3 ans ! Joyeux anniversaire from ip-172-34-46-243.eu-west-1.compute.internal[172.34.46.243]; from=<edmBE.nutricia@nutricia.com> to=<vanjess_4@hotmail.com> proto=ESMTP helo=<EC2AMAZ-2TUE9GT>
Nov  8 09:05:46 ip-172-34-5-23 postfix/qmgr[5370]: 8B65EC0201: from=<edmBE.nutricia@nutricia.com>, size=63781, nrcpt=1 (queue active)
Nov  8 09:05:46 ip-172-34-5-23 postfix/smtp[27246]: 8B65EC0201: to=<vanjess_4@hotmail.com>, relay=email-smtp.eu-west-1.amazonaws.com[52.31.79.222]:587, delay=0.27, delays=0.07/0/0.07/0.13, dsn=2.0.0, status=sent (250 Ok 0102016e4a0c3e61-971a6e08-ff94-44c1-b87a-e83568f290ca-000000)
Nov  8 09:05:46 ip-172-34-5-23 postfix/qmgr[5370]: 8B65EC0201: removed
Nov  8 09:05:47 ip-172-34-5-23 postfix/smtpd[9251]: 2AE57C0201: client=ip-172-34-46-243.eu-west-1.compute.internal[172.34.46.243]
Nov  8 09:05:47 ip-172-34-5-23 postfix/cleanup[17616]: 2AE57C0201: message-id=<B48C24BC3F3C1DAF2D7DE71697134F0E2EA28041@EC2AMAZ02TUE9GT>
Nov  8 09:05:47 ip-172-34-5-23 postfix/cleanup[17616]: 2AE57C0201: warning: header Subject: 3 ans ! Joyeux anniversaire from ip-172-34-46-243.eu-west-1.compute.internal[172.34.46.243]; from=<edmBE.nutricia@nutricia.com> to=<audrey.bouquet62@gmail.com> proto=ESMTP helo=<EC2AMAZ-2TUE9GT>
Nov  8 09:05:47 ip-172-34-5-23 postfix/qmgr[5370]: 2AE57C0201: from=<edmBE.nutricia@nutricia.com>, size=63814, nrcpt=1 (queue active)
Nov  8 09:05:47 ip-172-34-5-23 postfix/smtp[17666]: 2AE57C0201: to=<audrey.bouquet62@gmail.com>, relay=email-smtp.eu-west-1.amazonaws.com[34.250.212.134]:587, delay=0.22, delays=0.06/0/0.08/0.08, dsn=2.0.0, status=sent (250 Ok 0102016e4a0c40bd-ea5e2c13-99f4-47a5-8425-5b8584642b6b-000000)
Nov  8 09:05:47 ip-172-34-5-23 postfix/qmgr[5370]: 2AE57C0201: removed
Nov  8 09:05:47 ip-172-34-5-23 postfix/smtpd[9251]: BF3E2C0201: client=ip-172-34-46-243.eu-west-1.compute.internal[172.34.46.243]
Nov  8 09:05:47 ip-172-34-5-23 postfix/cleanup[3351]: BF3E2C0201: message-id=<5F147328AEB7D1AD3A3274CE8B64C9096A5F5EB5@EC2AMAZ02TUE9GT>
Nov  8 09:05:47 ip-172-34-5-23 postfix/cleanup[3351]: BF3E2C0201: warning: header Subject: 3 ans ! Joyeux anniversaire from ip-172-34-46-243.eu-west-1.compute.internal[172.34.46.243]; from=<edmBE.nutricia@nutricia.com> to=<nadegenoel87@gmail.com> proto=ESMTP helo=<EC2AMAZ-2TUE9GT>
Nov  8 09:05:47 ip-172-34-5-23 postfix/qmgr[5370]: BF3E2C0201: from=<edmBE.nutricia@nutricia.com>, size=63803, nrcpt=1 (queue active)
Nov  8 09:05:48 ip-172-34-5-23 postfix/smtp[3522]: BF3E2C0201: to=<nadegenoel87@gmail.com>, relay=email-smtp.eu-west-1.amazonaws.com[34.253.94.53]:587, delay=0.24, delays=0.06/0/0.08/0.1, dsn=2.0.0, status=sent (250 Ok 0102016e4a0c431f-b345f4fd-3f4e-4c53-a115-5fcf30bdfd61-000000)
Nov  8 09:05:48 ip-172-34-5-23 postfix/qmgr[5370]: BF3E2C0201: removed
Nov  8 09:05:48 ip-172-34-5-23 postfix/smtpd[9251]: 47A61C0201: client=ip-172-34-46-243.eu-west-1.compute.internal[172.34.46.243]
Nov  8 09:05:48 ip-172-34-5-23 postfix/cleanup[17616]: 47A61C0201: message-id=<1D0985573F4B46D0855068B16C5E1A7A1A73AB88@EC2AMAZ02TUE9GT>
Nov  8 09:05:48 ip-172-34-5-23 postfix/cleanup[17616]: 47A61C0201: warning: header Subject: 3 ans ! Joyeux anniversaire from ip-172-34-46-243.eu-west-1.compute.internal[172.34.46.243]; from=<edmBE.nutricia@nutricia.com> to=<chechenka88aliya@gmail.com> proto=ESMTP helo=<EC2AMAZ-2TUE9GT>
Nov  8 09:05:48 ip-172-34-5-23 postfix/qmgr[5370]: 47A61C0201: from=<edmBE.nutricia@nutricia.com>, size=63884, nrcpt=1 (queue active)
Nov  8 09:05:48 ip-172-34-5-23 postfix/smtp[17666]: 47A61C0201: to=<chechenka88aliya@gmail.com>, relay=email-smtp.eu-west-1.amazonaws.com[52.208.64.115]:587, delay=0.27, delays=0.07/0/0.08/0.13, dsn=2.0.0, status=sent (250 Ok 0102016e4a0c4532-188368e9-430b-4749-b60f-e76cfd64d13b-000000)
Nov  8 09:05:48 ip-172-34-5-23 postfix/qmgr[5370]: 47A61C0201: removed
Nov  8 09:05:48 ip-172-34-5-23 postfix/smtpd[9251]: 0A342C0201: client=ip-172-34-46-243.eu-west-1.compute.internal[172.34.46.243]
Nov  8 09:05:48 ip-172-34-5-23 postfix/cleanup[3351]: 0A342C0201: message-id=<0DED27672DE7B8234164CECD43A84F5B6EBF3142@EC2AMAZ02TUE9GT>
Nov  8 09:05:48 ip-172-34-5-23 postfix/cleanup[3351]: 0A342C0201: warning: header Subject: 3 ans ! Joyeux anniversaire from ip-172-34-46-243.eu-west-1.compute.internal[172.34.46.243]; from=<edmBE.nutricia@nutricia.com> to=<tchounette01@hotmail.com> proto=ESMTP helo=<EC2AMAZ-2TUE9GT>
Nov  8 09:05:48 ip-172-34-5-23 postfix/qmgr[5370]: 0A342C0201: from=<edmBE.nutricia@nutricia.com>, size=63866, nrcpt=1 (queue active)
Nov  8 09:05:49 ip-172-34-5-23 postfix/smtp[27246]: 0A342C0201: to=<tchounette01@hotmail.com>, relay=email-smtp.eu-west-1.amazonaws.com[52.208.64.115]:587, delay=0.23, delays=0.06/0/0.09/0.09, dsn=2.0.0, status=sent (250 Ok 0102016e4a0c47af-17490391-69b4-4938-b503-92560e925949-000000)
Nov  8 09:05:49 ip-172-34-5-23 postfix/qmgr[5370]: 0A342C0201: removed
Nov  8 09:05:49 ip-172-34-5-23 postfix/smtpd[9251]: A1D14C0201: client=ip-172-34-46-243.eu-west-1.compute.internal[172.34.46.243]
Nov  8 09:05:49 ip-172-34-5-23 postfix/cleanup[17616]: A1D14C0201: message-id=<89A7391059EC89C6FC2C04F995F81472125692BE@EC2AMAZ02TUE9GT>
Nov  8 09:05:49 ip-172-34-5-23 postfix/cleanup[17616]: A1D14C0201: warning: header Subject: 3 ans ! Joyeux anniversaire from ip-172-34-46-243.eu-west-1.compute.internal[172.34.46.243]; from=<edmBE.nutricia@nutricia.com> to=<piech.christine@gmail.com> proto=ESMTP helo=<EC2AMAZ-2TUE9GT>
Nov  8 09:05:49 ip-172-34-5-23 postfix/qmgr[5370]: A1D14C0201: from=<edmBE.nutricia@nutricia.com>, size=63803, nrcpt=1 (queue active)
Nov  8 09:05:49 ip-172-34-5-23 postfix/smtp[3522]: A1D14C0201: to=<piech.christine@gmail.com>, relay=email-smtp.eu-west-1.amazonaws.com[52.31.79.222]:587, delay=0.27, delays=0.06/0/0.09/0.12, dsn=2.0.0, status=sent (250 Ok 0102016e4a0c4a81-510c86e0-fbc6-4b3d-b624-eb2da41bc937-000000)
Nov  8 09:05:49 ip-172-34-5-23 postfix/qmgr[5370]: A1D14C0201: removed
Nov  8 09:05:50 ip-172-34-5-23 postfix/smtpd[9251]: 29C5DC0201: client=ip-172-34-46-243.eu-west-1.compute.internal[172.34.46.243]
Nov  8 09:05:50 ip-172-34-5-23 postfix/cleanup[3351]: 29C5DC0201: message-id=<8925228210A71F05D71AA1467F57A0F43AD0709B@EC2AMAZ02TUE9GT>
Nov  8 09:05:50 ip-172-34-5-23 postfix/cleanup[3351]: 29C5DC0201: warning: header Subject: 3 ans ! Joyeux anniversaire from ip-172-34-46-243.eu-west-1.compute.internal[172.34.46.243]; from=<edmBE.nutricia@nutricia.com> to=<schee81@hotmail.com> proto=ESMTP helo=<EC2AMAZ-2TUE9GT>
Nov  8 09:05:50 ip-172-34-5-23 postfix/qmgr[5370]: 29C5DC0201: from=<edmBE.nutricia@nutricia.com>, size=63856, nrcpt=1 (queue active)
Nov  8 09:05:50 ip-172-34-5-23 postfix/smtp[17666]: 29C5DC0201: to=<schee81@hotmail.com>, relay=email-smtp.eu-west-1.amazonaws.com[34.250.212.134]:587, delay=0.23, delays=0.06/0/0.06/0.1, dsn=2.0.0, status=sent (250 Ok 0102016e4a0c4c67-c9255bbe-c3ae-4c49-9655-226cc0cabbb8-000000)
Nov  8 09:05:50 ip-172-34-5-23 postfix/qmgr[5370]: 29C5DC0201: removed
Nov  8 09:05:50 ip-172-34-5-23 postfix/smtpd[9251]: CB513C0201: client=ip-172-34-46-243.eu-west-1.compute.internal[172.34.46.243]
Nov  8 09:05:50 ip-172-34-5-23 postfix/cleanup[17616]: CB513C0201: message-id=<2C45547425791874C55E12F545F22B12E9512E26@EC2AMAZ02TUE9GT>
Nov  8 09:05:50 ip-172-34-5-23 postfix/cleanup[17616]: CB513C0201: warning: header Subject: 3 ans ! Joyeux anniversaire from ip-172-34-46-243.eu-west-1.compute.internal[172.34.46.243]; from=<edmBE.nutricia@nutricia.com> to=<priscilla@gowie.be> proto=ESMTP helo=<EC2AMAZ-2TUE9GT>
Nov  8 09:05:50 ip-172-34-5-23 postfix/qmgr[5370]: CB513C0201: from=<edmBE.nutricia@nutricia.com>, size=63771, nrcpt=1 (queue active)
Nov  8 09:05:51 ip-172-34-5-23 postfix/smtp[27246]: CB513C0201: to=<priscilla@gowie.be>, relay=email-smtp.eu-west-1.amazonaws.com[34.250.83.23]:587, delay=0.24, delays=0.06/0/0.07/0.12, dsn=2.0.0, status=sent (250 Ok 0102016e4a0c4ef9-85671426-b2f5-4c2b-b301-c1acb6f626d8-000000)
Nov  8 09:05:51 ip-172-34-5-23 postfix/qmgr[5370]: CB513C0201: removed
Nov  8 09:05:51 ip-172-34-5-23 postfix/smtpd[9251]: 8A7FEC0201: client=ip-172-34-46-243.eu-west-1.compute.internal[172.34.46.243]
Nov  8 09:05:51 ip-172-34-5-23 postfix/cleanup[3351]: 8A7FEC0201: message-id=<DFE15DD2CC1DD6A5495F0D53F71B284189426A3D@EC2AMAZ02TUE9GT>
Nov  8 09:05:51 ip-172-34-5-23 postfix/cleanup[3351]: 8A7FEC0201: warning: header Subject: 3 ans ! Joyeux anniversaire from ip-172-34-46-243.eu-west-1.compute.internal[172.34.46.243]; from=<edmBE.nutricia@nutricia.com> to=<alisonhelas93@gmail.com> proto=ESMTP helo=<EC2AMAZ-2TUE9GT>
Nov  8 09:05:51 ip-172-34-5-23 postfix/qmgr[5370]: 8A7FEC0201: from=<edmBE.nutricia@nutricia.com>, size=63882, nrcpt=1 (queue active)
Nov  8 09:05:51 ip-172-34-5-23 postfix/smtp[3522]: 8A7FEC0201: to=<alisonhelas93@gmail.com>, relay=email-smtp.eu-west-1.amazonaws.com[34.250.212.134]:587, delay=0.28, delays=0.07/0/0.09/0.13, dsn=2.0.0, status=sent (250 Ok 0102016e4a0c51ff-41507b85-031e-497a-8bef-ef5eae1be989-000000)
Nov  8 09:05:51 ip-172-34-5-23 postfix/qmgr[5370]: 8A7FEC0201: removed
Nov  8 09:05:52 ip-172-34-5-23 postfix/smtpd[9251]: 118ECC0201: client=ip-172-34-46-243.eu-west-1.compute.internal[172.34.46.243]
Nov  8 09:05:52 ip-172-34-5-23 postfix/cleanup[17616]: 118ECC0201: message-id=<49C9BBEF1D5EA72B360C8B9BE1836BD223E42172@EC2AMAZ02TUE9GT>
Nov  8 09:05:52 ip-172-34-5-23 postfix/cleanup[17616]: 118ECC0201: warning: header Subject: 3 ans ! Joyeux anniversaire from ip-172-34-46-243.eu-west-1.compute.internal[172.34.46.243]; from=<edmBE.nutricia@nutricia.com> to=<marie.glinne@gmail.com> proto=ESMTP helo=<EC2AMAZ-2TUE9GT>
Nov  8 09:05:52 ip-172-34-5-23 postfix/qmgr[5370]: 118ECC0201: from=<edmBE.nutricia@nutricia.com>, size=63784, nrcpt=1 (queue active)
Nov  8 09:05:52 ip-172-34-5-23 postfix/smtp[17666]: 118ECC0201: to=<marie.glinne@gmail.com>, relay=email-smtp.eu-west-1.amazonaws.com[34.250.83.23]:587, delay=0.29, delays=0.07/0/0.07/0.15, dsn=2.0.0, status=sent (250 Ok 0102016e4a0c53de-af558295-9cbc-476d-8d47-fb38f52adc24-000000)
Nov  8 09:05:52 ip-172-34-5-23 postfix/qmgr[5370]: 118ECC0201: removed
Nov  8 09:05:52 ip-172-34-5-23 postfix/smtpd[9251]: CB516C0201: client=ip-172-34-46-243.eu-west-1.compute.internal[172.34.46.243]
Nov  8 09:05:52 ip-172-34-5-23 postfix/cleanup[3351]: CB516C0201: message-id=<701067C5B56A2DC99C1BF1327A12A498D240D19B@EC2AMAZ02TUE9GT>
Nov  8 09:05:52 ip-172-34-5-23 postfix/cleanup[3351]: CB516C0201: warning: header Subject: 3 ans ! Joyeux anniversaire from ip-172-34-46-243.eu-west-1.compute.internal[172.34.46.243]; from=<edmBE.nutricia@nutricia.com> to=<mizgin_dag47@hotmail.fr> proto=ESMTP helo=<EC2AMAZ-2TUE9GT>
Nov  8 09:05:52 ip-172-34-5-23 postfix/qmgr[5370]: CB516C0201: from=<edmBE.nutricia@nutricia.com>, size=63854, nrcpt=1 (queue active)
Nov  8 09:05:53 ip-172-34-5-23 postfix/smtp[27246]: CB516C0201: to=<mizgin_dag47@hotmail.fr>, relay=email-smtp.eu-west-1.amazonaws.com[52.208.89.120]:587, delay=0.33, delays=0.06/0/0.07/0.2, dsn=2.0.0, status=sent (250 Ok 0102016e4a0c56cf-261879fb-d409-48f6-9c55-e26d120c6901-000000)
Nov  8 09:05:53 ip-172-34-5-23 postfix/qmgr[5370]: CB516C0201: removed
Nov  8 09:05:53 ip-172-34-5-23 postfix/smtpd[9251]: 6BE09C0201: client=ip-172-34-46-243.eu-west-1.compute.internal[172.34.46.243]
Nov  8 09:05:53 ip-172-34-5-23 postfix/cleanup[17616]: 6BE09C0201: message-id=<128102258EFDE0FBFBB9338E6A6767A109EA38A7@EC2AMAZ02TUE9GT>
Nov  8 09:05:53 ip-172-34-5-23 postfix/cleanup[17616]: 6BE09C0201: warning: header Subject: 3 ans ! Joyeux anniversaire from ip-172-34-46-243.eu-west-1.compute.internal[172.34.46.243]; from=<edmBE.nutricia@nutricia.com> to=<camille.gascard@hotmail.fr> proto=ESMTP helo=<EC2AMAZ-2TUE9GT>
Nov  8 09:05:53 ip-172-34-5-23 postfix/qmgr[5370]: 6BE09C0201: from=<edmBE.nutricia@nutricia.com>, size=63785, nrcpt=1 (queue active)
Nov  8 09:05:53 ip-172-34-5-23 postfix/smtp[3522]: 6BE09C0201: to=<camille.gascard@hotmail.fr>, relay=email-smtp.eu-west-1.amazonaws.com[34.250.83.23]:587, delay=0.34, delays=0.06/0/0.08/0.2, dsn=2.0.0, status=sent (250 Ok 0102016e4a0c593c-1f8797a7-474c-43fc-8f9c-2a7651de2d9a-000000)
Nov  8 09:05:53 ip-172-34-5-23 postfix/qmgr[5370]: 6BE09C0201: removed
Nov  8 09:05:54 ip-172-34-5-23 postfix/smtpd[9251]: 0E605C0201: client=ip-172-34-46-243.eu-west-1.compute.internal[172.34.46.243]
Nov  8 09:05:54 ip-172-34-5-23 postfix/cleanup[3351]: 0E605C0201: message-id=<A4F9108E0F3C8C72B14209A92478150F93024E17@EC2AMAZ02TUE9GT>
Nov  8 09:05:54 ip-172-34-5-23 postfix/cleanup[3351]: 0E605C0201: warning: header Subject: 3 ans ! Joyeux anniversaire from ip-172-34-46-243.eu-west-1.compute.internal[172.34.46.243]; from=<edmBE.nutricia@nutricia.com> to=<celine.demulder@hotmail.com> proto=ESMTP helo=<EC2AMAZ-2TUE9GT>
Nov  8 09:05:54 ip-172-34-5-23 postfix/qmgr[5370]: 0E605C0201: from=<edmBE.nutricia@nutricia.com>, size=63880, nrcpt=1 (queue active)
Nov  8 09:05:54 ip-172-34-5-23 postfix/smtp[17666]: 0E605C0201: to=<celine.demulder@hotmail.com>, relay=email-smtp.eu-west-1.amazonaws.com[34.250.83.23]:587, delay=0.25, delays=0.07/0/0.07/0.12, dsn=2.0.0, status=sent (250 Ok 0102016e4a0c5b98-f6ff09cc-ad8e-4e4d-b58f-fc74da138cad-000000)
Nov  8 09:05:54 ip-172-34-5-23 postfix/qmgr[5370]: 0E605C0201: removed
Nov  8 09:05:54 ip-172-34-5-23 postfix/smtpd[9251]: C675BC0201: client=ip-172-34-46-243.eu-west-1.compute.internal[172.34.46.243]
Nov  8 09:05:54 ip-172-34-5-23 postfix/cleanup[17616]: C675BC0201: message-id=<A787A2C36202992BC08C60018A17AB697FF104F1@EC2AMAZ02TUE9GT>
Nov  8 09:05:54 ip-172-34-5-23 postfix/cleanup[17616]: C675BC0201: warning: header Subject: 3 ans ! Joyeux anniversaire from ip-172-34-46-243.eu-west-1.compute.internal[172.34.46.243]; from=<edmBE.nutricia@nutricia.com> to=<sonia_wauters@outlook.com> proto=ESMTP helo=<EC2AMAZ-2TUE9GT>
Nov  8 09:05:54 ip-172-34-5-23 postfix/qmgr[5370]: C675BC0201: from=<edmBE.nutricia@nutricia.com>, size=63795, nrcpt=1 (queue active)
Nov  8 09:05:55 ip-172-34-5-23 postfix/smtp[27246]: C675BC0201: to=<sonia_wauters@outlook.com>, relay=email-smtp.eu-west-1.amazonaws.com[52.31.79.222]:587, delay=0.29, delays=0.08/0/0.09/0.12, dsn=2.0.0, status=sent (250 Ok 0102016e4a0c5eb5-1522a250-d671-470a-bfaf-837acb164d12-000000)
Nov  8 09:05:55 ip-172-34-5-23 postfix/qmgr[5370]: C675BC0201: removed
Nov  8 09:05:55 ip-172-34-5-23 postfix/smtpd[9251]: 4AFF8C0201: client=ip-172-34-46-243.eu-west-1.compute.internal[172.34.46.243]
Nov  8 09:05:55 ip-172-34-5-23 postfix/cleanup[3351]: 4AFF8C0201: message-id=<461A0AC113B6C019084D572BC81D0CCDFC35B7B7@EC2AMAZ02TUE9GT>
Nov  8 09:05:55 ip-172-34-5-23 postfix/cleanup[3351]: 4AFF8C0201: warning: header Subject: 3 ans ! Joyeux anniversaire from ip-172-34-46-243.eu-west-1.compute.internal[172.34.46.243]; from=<edmBE.nutricia@nutricia.com> to=<piccoli.graziella88@gmail.com> proto=ESMTP helo=<EC2AMAZ-2TUE9GT>
Nov  8 09:05:55 ip-172-34-5-23 postfix/qmgr[5370]: 4AFF8C0201: from=<edmBE.nutricia@nutricia.com>, size=63767, nrcpt=1 (queue active)
Nov  8 09:05:55 ip-172-34-5-23 postfix/smtp[3522]: 4AFF8C0201: to=<piccoli.graziella88@gmail.com>, relay=email-smtp.eu-west-1.amazonaws.com[52.208.64.115]:587, delay=0.28, delays=0.07/0/0.08/0.13, dsn=2.0.0, status=sent (250 Ok 0102016e4a0c608d-d537029a-3ea1-4e62-93cb-b6b9a097f5e5-000000)
Nov  8 09:05:55 ip-172-34-5-23 postfix/qmgr[5370]: 4AFF8C0201: removed
Nov  8 09:05:55 ip-172-34-5-23 postfix/smtpd[9251]: DA0B8C0201: client=ip-172-34-46-243.eu-west-1.compute.internal[172.34.46.243]
Nov  8 09:05:55 ip-172-34-5-23 postfix/cleanup[17616]: DA0B8C0201: message-id=<C592F65A394BCDD49D2D5C9884A2C622ECD6DE8A@EC2AMAZ02TUE9GT>
Nov  8 09:05:55 ip-172-34-5-23 postfix/cleanup[17616]: DA0B8C0201: warning: header Subject: 3 ans ! Joyeux anniversaire from ip-172-34-46-243.eu-west-1.compute.internal[172.34.46.243]; from=<edmBE.nutricia@nutricia.com> to=<habiba0191@hotmail.fr> proto=ESMTP helo=<EC2AMAZ-2TUE9GT>
Nov  8 09:05:55 ip-172-34-5-23 postfix/qmgr[5370]: DA0B8C0201: from=<edmBE.nutricia@nutricia.com>, size=63737, nrcpt=1 (queue active)
Nov  8 09:05:56 ip-172-34-5-23 postfix/smtp[17666]: DA0B8C0201: to=<habiba0191@hotmail.fr>, relay=email-smtp.eu-west-1.amazonaws.com[52.208.89.120]:587, delay=0.24, delays=0.06/0/0.08/0.1, dsn=2.0.0, status=sent (250 Ok 0102016e4a0c62cd-0276cf34-aad6-43ca-a788-cfdbd917e106-000000)
Nov  8 09:05:56 ip-172-34-5-23 postfix/qmgr[5370]: DA0B8C0201: removed
Nov  8 09:05:56 ip-172-34-5-23 postfix/smtpd[9251]: 7F775C0201: client=ip-172-34-46-243.eu-west-1.compute.internal[172.34.46.243]
Nov  8 09:05:56 ip-172-34-5-23 postfix/cleanup[3351]: 7F775C0201: message-id=<27768AAD4AF3F083CD39AF30049B97A3A79FB5F3@EC2AMAZ02TUE9GT>
Nov  8 09:05:56 ip-172-34-5-23 postfix/cleanup[3351]: 7F775C0201: warning: header Subject: 3 ans ! Joyeux anniversaire from ip-172-34-46-243.eu-west-1.compute.internal[172.34.46.243]; from=<edmBE.nutricia@nutricia.com> to=<zoro1001@live.be> proto=ESMTP helo=<EC2AMAZ-2TUE9GT>
Nov  8 09:05:56 ip-172-34-5-23 postfix/qmgr[5370]: 7F775C0201: from=<edmBE.nutricia@nutricia.com>, size=63839, nrcpt=1 (queue active)
Nov  8 09:05:56 ip-172-34-5-23 postfix/smtp[27246]: 7F775C0201: to=<zoro1001@live.be>, relay=email-smtp.eu-west-1.amazonaws.com[52.48.248.62]:587, delay=0.24, delays=0.07/0/0.06/0.11, dsn=2.0.0, status=sent (250 Ok 0102016e4a0c653f-bb57deb4-f743-480e-a952-8e1e947536eb-000000)
Nov  8 09:05:56 ip-172-34-5-23 postfix/qmgr[5370]: 7F775C0201: removed
Nov  8 09:05:57 ip-172-34-5-23 postfix/smtpd[9251]: 083BBC0201: client=ip-172-34-46-243.eu-west-1.compute.internal[172.34.46.243]
Nov  8 09:05:57 ip-172-34-5-23 postfix/cleanup[17616]: 083BBC0201: message-id=<6246F57BF628A27216AEB16E35829DBE4314EF4B@EC2AMAZ02TUE9GT>
Nov  8 09:05:57 ip-172-34-5-23 postfix/cleanup[17616]: 083BBC0201: warning: header Subject: 3 ans ! Joyeux anniversaire from ip-172-34-46-243.eu-west-1.compute.internal[172.34.46.243]; from=<edmBE.nutricia@nutricia.com> to=<rivagame@yahoo.com> proto=ESMTP helo=<EC2AMAZ-2TUE9GT>
Nov  8 09:05:57 ip-172-34-5-23 postfix/qmgr[5370]: 083BBC0201: from=<edmBE.nutricia@nutricia.com>, size=63850, nrcpt=1 (queue active)
Nov  8 09:05:57 ip-172-34-5-23 postfix/smtp[3522]: 083BBC0201: to=<rivagame@yahoo.com>, relay=email-smtp.eu-west-1.amazonaws.com[52.208.89.120]:587, delay=0.25, delays=0.06/0/0.07/0.12, dsn=2.0.0, status=sent (250 Ok 0102016e4a0c673a-22f8d841-bf12-4bda-ad36-1daac791de14-000000)
Nov  8 09:05:57 ip-172-34-5-23 postfix/qmgr[5370]: 083BBC0201: removed
Nov  8 09:05:57 ip-172-34-5-23 postfix/smtpd[9251]: AA2EAC0201: client=ip-172-34-46-243.eu-west-1.compute.internal[172.34.46.243]
Nov  8 09:05:57 ip-172-34-5-23 postfix/cleanup[3351]: AA2EAC0201: message-id=<285172BE55712C64BE02D444D66CA05E3901F192@EC2AMAZ02TUE9GT>
Nov  8 09:05:57 ip-172-34-5-23 postfix/cleanup[3351]: AA2EAC0201: warning: header Subject: 3 ans ! Joyeux anniversaire from ip-172-34-46-243.eu-west-1.compute.internal[172.34.46.243]; from=<edmBE.nutricia@nutricia.com> to=<rans1789@hotmail.fr> proto=ESMTP helo=<EC2AMAZ-2TUE9GT>
Nov  8 09:05:57 ip-172-34-5-23 postfix/qmgr[5370]: AA2EAC0201: from=<edmBE.nutricia@nutricia.com>, size=63801, nrcpt=1 (queue active)
Nov  8 09:05:57 ip-172-34-5-23 postfix/smtp[27246]: AA2EAC0201: to=<rans1789@hotmail.fr>, relay=email-smtp.eu-west-1.amazonaws.com[52.31.79.222]:587, delay=0.26, delays=0.07/0/0.07/0.12, dsn=2.0.0, status=sent (250 Ok 0102016e4a0c69d9-8a0a40d4-fbe4-4942-af7e-46b128819d9d-000000)
Nov  8 09:05:57 ip-172-34-5-23 postfix/qmgr[5370]: AA2EAC0201: removed
Nov  8 09:05:58 ip-172-34-5-23 postfix/smtpd[9251]: 8D2E3C0201: client=ip-172-34-46-243.eu-west-1.compute.internal[172.34.46.243]
Nov  8 09:05:58 ip-172-34-5-23 postfix/cleanup[17616]: 8D2E3C0201: message-id=<4DA83EA850EB655BFA6324C846324476502D5BF4@EC2AMAZ02TUE9GT>
Nov  8 09:05:58 ip-172-34-5-23 postfix/cleanup[17616]: 8D2E3C0201: warning: header Subject: 3 ans ! Joyeux anniversaire from ip-172-34-46-243.eu-west-1.compute.internal[172.34.46.243]; from=<edmBE.nutricia@nutricia.com> to=<poussinette954@me.com> proto=ESMTP helo=<EC2AMAZ-2TUE9GT>
Nov  8 09:05:58 ip-172-34-5-23 postfix/qmgr[5370]: 8D2E3C0201: from=<edmBE.nutricia@nutricia.com>, size=63810, nrcpt=1 (queue active)
Nov  8 09:05:58 ip-172-34-5-23 postfix/smtp[17666]: 8D2E3C0201: to=<poussinette954@me.com>, relay=email-smtp.eu-west-1.amazonaws.com[52.17.212.138]:587, delay=0.32, delays=0.06/0/0.09/0.17, dsn=2.0.0, status=sent (250 Ok 0102016e4a0c6d59-50c598c2-e624-47b1-a342-88a6f1e65e90-000000)
Nov  8 09:05:58 ip-172-34-5-23 postfix/qmgr[5370]: 8D2E3C0201: removed
Nov  8 09:05:59 ip-172-34-5-23 postfix/smtpd[9251]: 72D92C0201: client=ip-172-34-46-243.eu-west-1.compute.internal[172.34.46.243]
Nov  8 09:05:59 ip-172-34-5-23 postfix/cleanup[3351]: 72D92C0201: message-id=<2EC5C8FE4B8C415510188D67EC55DF5B2CF44C3E@EC2AMAZ02TUE9GT>
Nov  8 09:05:59 ip-172-34-5-23 postfix/cleanup[3351]: 72D92C0201: warning: header Subject: 3 ans ! Joyeux anniversaire from ip-172-34-46-243.eu-west-1.compute.internal[172.34.46.243]; from=<edmBE.nutricia@nutricia.com> to=<roseg18@hotmail.com> proto=ESMTP helo=<EC2AMAZ-2TUE9GT>
Nov  8 09:05:59 ip-172-34-5-23 postfix/qmgr[5370]: 72D92C0201: from=<edmBE.nutricia@nutricia.com>, size=63854, nrcpt=1 (queue active)
Nov  8 09:05:59 ip-172-34-5-23 postfix/smtp[3522]: 72D92C0201: to=<roseg18@hotmail.com>, relay=email-smtp.eu-west-1.amazonaws.com[34.253.94.53]:587, delay=0.23, delays=0.06/0/0.07/0.11, dsn=2.0.0, status=sent (250 Ok 0102016e4a0c70bc-bd1cf4ac-7014-4a73-8171-6715829d6e44-000000)
Nov  8 09:05:59 ip-172-34-5-23 postfix/qmgr[5370]: 72D92C0201: removed
Nov  8 09:06:00 ip-172-34-5-23 postfix/smtpd[9251]: 48F93C0201: client=ip-172-34-46-243.eu-west-1.compute.internal[172.34.46.243]
Nov  8 09:06:00 ip-172-34-5-23 postfix/cleanup[17616]: 48F93C0201: message-id=<65FE2BB3FF12EDB3A0AC2E3227DEFBDAB58A33E7@EC2AMAZ02TUE9GT>
Nov  8 09:06:00 ip-172-34-5-23 postfix/cleanup[17616]: 48F93C0201: warning: header Subject: 3 ans ! Joyeux anniversaire from ip-172-34-46-243.eu-west-1.compute.internal[172.34.46.243]; from=<edmBE.nutricia@nutricia.com> to=<vikulya5@i.ua> proto=ESMTP helo=<EC2AMAZ-2TUE9GT>
Nov  8 09:06:00 ip-172-34-5-23 postfix/qmgr[5370]: 48F93C0201: from=<edmBE.nutricia@nutricia.com>, size=63723, nrcpt=1 (queue active)
Nov  8 09:06:00 ip-172-34-5-23 postfix/smtp[17666]: 48F93C0201: to=<vikulya5@i.ua>, relay=email-smtp.eu-west-1.amazonaws.com[52.208.64.115]:587, delay=0.24, delays=0.06/0/0.09/0.09, dsn=2.0.0, status=sent (250 Ok 0102016e4a0c740d-9c9e31b8-678a-4305-927f-c32cc77cedb9-000000)
Nov  8 09:06:00 ip-172-34-5-23 postfix/qmgr[5370]: 48F93C0201: removed
Nov  8 09:06:00 ip-172-34-5-23 postfix/smtpd[9251]: E62E3C0201: client=ip-172-34-46-243.eu-west-1.compute.internal[172.34.46.243]
Nov  8 09:06:00 ip-172-34-5-23 postfix/cleanup[3351]: E62E3C0201: message-id=<17D227C11764F9DE773CB7CEA1FB8081F94A6C99@EC2AMAZ02TUE9GT>
Nov  8 09:06:00 ip-172-34-5-23 postfix/cleanup[3351]: E62E3C0201: warning: header Subject: 3 ans ! Joyeux anniversaire from ip-172-34-46-243.eu-west-1.compute.internal[172.34.46.243]; from=<edmBE.nutricia@nutricia.com> to=<vindorm18@gmail.com> proto=ESMTP helo=<EC2AMAZ-2TUE9GT>
Nov  8 09:06:01 ip-172-34-5-23 postfix/qmgr[5370]: E62E3C0201: from=<edmBE.nutricia@nutricia.com>, size=71322, nrcpt=1 (queue active)
Nov  8 09:06:01 ip-172-34-5-23 postfix/smtp[27246]: E62E3C0201: to=<vindorm18@gmail.com>, relay=email-smtp.eu-west-1.amazonaws.com[52.31.79.222]:587, delay=0.21, delays=0.06/0/0.07/0.08, dsn=2.0.0, status=sent (250 Ok 0102016e4a0c767c-be91620d-cbe5-4491-8a29-aa8a59abefbc-000000)
Nov  8 09:06:01 ip-172-34-5-23 postfix/qmgr[5370]: E62E3C0201: removed
Nov  8 09:06:01 ip-172-34-5-23 postfix/smtpd[9251]: AD3A6C0201: client=ip-172-34-46-243.eu-west-1.compute.internal[172.34.46.243]
Nov  8 09:06:01 ip-172-34-5-23 postfix/cleanup[17616]: AD3A6C0201: message-id=<10AC12AFC3F16242FE4EFFCE55168F4D1C57C2DF@EC2AMAZ02TUE9GT>
Nov  8 09:06:01 ip-172-34-5-23 postfix/cleanup[17616]: AD3A6C0201: warning: header Subject: 3 ans ! Joyeux anniversaire from ip-172-34-46-243.eu-west-1.compute.internal[172.34.46.243]; from=<edmBE.nutricia@nutricia.com> to=<foncouxaude@hotmail.be> proto=ESMTP helo=<EC2AMAZ-2TUE9GT>
Nov  8 09:06:01 ip-172-34-5-23 postfix/qmgr[5370]: AD3A6C0201: from=<edmBE.nutricia@nutricia.com>, size=71218, nrcpt=1 (queue active)
Nov  8 09:06:01 ip-172-34-5-23 postfix/smtp[3522]: AD3A6C0201: to=<foncouxaude@hotmail.be>, relay=email-smtp.eu-west-1.amazonaws.com[52.17.212.138]:587, delay=0.27, delays=0.07/0/0.06/0.14, dsn=2.0.0, status=sent (250 Ok 0102016e4a0c7986-fb2dcbd9-66e6-44c3-8240-b27b705905fe-000000)
Nov  8 09:06:01 ip-172-34-5-23 postfix/qmgr[5370]: AD3A6C0201: removed
Nov  8 09:06:02 ip-172-34-5-23 postfix/smtpd[9251]: 51830C0201: client=ip-172-34-46-243.eu-west-1.compute.internal[172.34.46.243]
Nov  8 09:06:02 ip-172-34-5-23 postfix/cleanup[3351]: 51830C0201: message-id=<613F90A66AEC67150A01D74C012CDF3270DB1438@EC2AMAZ02TUE9GT>
Nov  8 09:06:02 ip-172-34-5-23 postfix/cleanup[3351]: 51830C0201: warning: header Subject: 3 ans ! Joyeux anniversaire from ip-172-34-46-243.eu-west-1.compute.internal[172.34.46.243]; from=<edmBE.nutricia@nutricia.com> to=<gokhanbaba4@hotmail.com> proto=ESMTP helo=<EC2AMAZ-2TUE9GT>
Nov  8 09:06:02 ip-172-34-5-23 postfix/qmgr[5370]: 51830C0201: from=<edmBE.nutricia@nutricia.com>, size=63802, nrcpt=1 (queue active)
Nov  8 09:06:02 ip-172-34-5-23 postfix/smtp[17666]: 51830C0201: to=<gokhanbaba4@hotmail.com>, relay=email-smtp.eu-west-1.amazonaws.com[52.49.62.10]:587, delay=0.28, delays=0.06/0/0.07/0.15, dsn=2.0.0, status=sent (250 Ok 0102016e4a0c7bee-d29e42de-d5ed-4c67-84d2-f47f32622982-000000)
Nov  8 09:06:02 ip-172-34-5-23 postfix/qmgr[5370]: 51830C0201: removed
Nov  8 09:06:03 ip-172-34-5-23 postfix/smtpd[9251]: 0BD58C0201: client=ip-172-34-46-243.eu-west-1.compute.internal[172.34.46.243]
Nov  8 09:06:03 ip-172-34-5-23 postfix/cleanup[17616]: 0BD58C0201: message-id=<8A21A62D629D67E6E60782D9D9F9E4FBDF6D5D02@EC2AMAZ02TUE9GT>
