Nov  8 09:05:38 ip-172-34-5-23 postfix/qmgr[5370]: 7B81CC020150: from=<edmBE.nutricia@nutricia.com>, size=71313, nrcpt=1 (queue active)
Nov  8 09:05:38 ip-172-34-5-23 postfix/smtp[27246]: 7B81CC020150: to=<anaishoyas@hotmail.com>, relay=email-smtp.eu-west-1.amazonaws.com[34.253.94.53]:587, delay=0.24, delays=0.07/0/0.07/0.1, dsn=2.0.0, status=sent (250 Ok 0102016e4a0c1ee5-8fc78cac-2ee7-461b-84a8-35ca3bb9d5e5-000000)
Nov  8 09:05:38 ip-172-34-5-23 postfix/qmgr[5370]: 7B81CC020150: removed
Nov  8 09:05:38 ip-172-34-5-23 postfix/qmgr[5370]: 7B81CC020150: from=<edmBE.nutricia@nutricia.com>, size=71313, nrcpt=1 (queue active)
Nov  8 09:05:38 ip-172-34-5-23 postfix/smtp[27246]: 7B81CC020150: to=<anaishoyas@hotmail.com>, relay=email-smtp.eu-west-1.amazonaws.com[34.253.94.53]:587, delay=0.24, delays=0.07/0/0.07/0.1, dsn=2.0.0, status=sent (250 Ok 0102016e4a0c1ee5-8fc78cac-2ee7-461b-84a8-35ca3bb9d5e5-000000)
Nov  8 09:05:38 ip-172-34-5-23 postfix/qmgr[5370]: 7B81CC020151: removedNov  8 09:05:38 ip-172-34-5-23 postfix/smtpd[9251]: 7B81CC020151: client=ip-172-34-46-243.eu-west-1.compute.internal[172.34.46.243]
Nov  8 09:05:38 ip-172-34-5-23 postfix/cleanup[3351]: 7B81CC020151: message-id=<51947E5E51A264357E629F552ECDC246990F08A2@EC2AMAZ02TUE9GT>
Nov  8 09:05:38 ip-172-34-5-23 postfix/cleanup[3351]: 7B81CC020151: warning: header Subject: 3 ans ! Joyeux anniversaire from ip-172-34-46-243.eu-west-1.compute.internal[172.34.46.243]; from=<edmBE.nutricia@nutricia.com> to=<anaishoyas@hotmail.com> proto=ESMTP helo=<EC2AMAZ-2TUE9GT>
Nov  8 09:05:38 ip-172-34-5-23 postfix/qmgr[5370]: 7B81CC020151: from=<edmBE.nutricia@nutricia.com>, size=71313, nrcpt=1 (queue active)
Nov  8 09:05:38 ip-172-34-5-23 postfix/smtp[27246]: 7B81CC020151: to=<anaishoyas@hotmail.com>, relay=email-smtp.eu-west-1.amazonaws.com[34.253.94.53]:587, delay=0.24, delays=0.07/0/0.07/0.1, dsn=2.0.0, status=sent (250 Ok 0102016e4a0c1ee5-8fc78cac-2ee7-461b-84a8-35ca3bb9d5e5-000000)
Nov  8 09:05:38 ip-172-34-5-23 postfix/qmgr[5370]: 7B81CC020152: removedNov  8 09:05:38 ip-172-34-5-23 postfix/smtpd[9251]: 7B81CC020152: client=ip-172-34-46-243.eu-west-1.compute.internal[172.34.46.243]
Nov  8 09:05:38 ip-172-34-5-23 postfix/cleanup[3351]: 7B81CC020152: message-id=<51947E5E51A264357E629F552ECDC246990F08A2@EC2AMAZ02TUE9GT>
Nov  8 09:05:38 ip-172-34-5-23 postfix/cleanup[3351]: 7B81CC020152: warning: header Subject: 3 ans ! Joyeux anniversaire from ip-172-34-46-243.eu-west-1.compute.internal[172.34.46.243]; from=<edmBE.nutricia@nutricia.com> to=<anaishoyas@hotmail.com> proto=ESMTP helo=<EC2AMAZ-2TUE9GT>
Nov  8 09:05:38 ip-172-34-5-23 postfix/qmgr[5370]: 7B81CC020152: from=<edmBE.nutricia@nutricia.com>, size=71313, nrcpt=1 (queue active)
Nov  8 09:05:38 ip-172-34-5-23 postfix/smtp[27246]: 7B81CC020152: to=<anaishoyas@hotmail.com>, relay=email-smtp.eu-west-1.amazonaws.com[34.253.94.53]:587, delay=0.24, delays=0.07/0/0.07/0.1, dsn=2.0.0, status=sent (250 Ok 0102016e4a0c1ee5-8fc78cac-2ee7-461b-84a8-35ca3bb9d5e5-000000)
Nov  8 09:05:38 ip-172-34-5-23 postfix/qmgr[5370]: 7B81CC020153: removedNov  8 09:05:38 ip-172-34-5-23 postfix/smtpd[9251]: 7B81CC020153: client=ip-172-34-46-243.eu-west-1.compute.internal[172.34.46.243]
Nov  8 09:05:38 ip-172-34-5-23 postfix/cleanup[3351]: 7B81CC020153: message-id=<51947E5E51A264357E629F552ECDC246990F08A2@EC2AMAZ02TUE9GT>
Nov  8 09:05:38 ip-172-34-5-23 postfix/cleanup[3351]: 7B81CC020153: warning: header Subject: 3 ans ! Joyeux anniversaire from ip-172-34-46-243.eu-west-1.compute.internal[172.34.46.243]; from=<edmBE.nutricia@nutricia.com> to=<anaishoyas@hotmail.com> proto=ESMTP helo=<EC2AMAZ-2TUE9GT>
Nov  8 09:05:38 ip-172-34-5-23 postfix/qmgr[5370]: 7B81CC020153: from=<edmBE.nutricia@nutricia.com>, size=71313, nrcpt=1 (queue active)
Nov  8 09:05:38 ip-172-34-5-23 postfix/smtp[27246]: 7B81CC020153: to=<anaishoyas@hotmail.com>, relay=email-smtp.eu-west-1.amazonaws.com[34.253.94.53]:587, delay=0.24, delays=0.07/0/0.07/0.1, dsn=2.0.0, status=sent (250 Ok 0102016e4a0c1ee5-8fc78cac-2ee7-461b-84a8-35ca3bb9d5e5-000000)
Nov  8 09:05:38 ip-172-34-5-23 postfix/qmgr[5370]: 7B81CC020153: removed
Nov  8 09:05:38 ip-172-34-5-23 postfix/qmgr[5370]: 7B81CC020153: from=<edmBE.nutricia@nutricia.com>, size=71313, nrcpt=1 (queue active)
Nov  8 09:05:38 ip-172-34-5-23 postfix/smtp[27246]: 7B81CC020153: to=<anaishoyas@hotmail.com>, relay=email-smtp.eu-west-1.amazonaws.com[34.253.94.53]:587, delay=0.24, delays=0.07/0/0.07/0.1, dsn=2.0.0, status=sent (250 Ok 0102016e4a0c1ee5-8fc78cac-2ee7-461b-84a8-35ca3bb9d5e5-000000)
Nov  8 09:05:38 ip-172-34-5-23 postfix/qmgr[5370]: 7B81CC020154: removedNov  8 09:05:38 ip-172-34-5-23 postfix/smtpd[9251]: 7B81CC020154: client=ip-172-34-46-243.eu-west-1.compute.internal[172.34.46.243]
Nov  8 09:05:38 ip-172-34-5-23 postfix/cleanup[3351]: 7B81CC020154: message-id=<51947E5E51A264357E629F552ECDC246990F08A2@EC2AMAZ02TUE9GT>
Nov  8 09:05:38 ip-172-34-5-23 postfix/cleanup[3351]: 7B81CC020154: warning: header Subject: 3 ans ! Joyeux anniversaire from ip-172-34-46-243.eu-west-1.compute.internal[172.34.46.243]; from=<edmBE.nutricia@nutricia.com> to=<anaishoyas@hotmail.com> proto=ESMTP helo=<EC2AMAZ-2TUE9GT>
Nov  8 09:05:38 ip-172-34-5-23 postfix/qmgr[5370]: 7B81CC020154: from=<edmBE.nutricia@nutricia.com>, size=71313, nrcpt=1 (queue active)
Nov  8 09:05:38 ip-172-34-5-23 postfix/smtp[27246]: 7B81CC020154: to=<anaishoyas@hotmail.com>, relay=email-smtp.eu-west-1.amazonaws.com[34.253.94.53]:587, delay=0.24, delays=0.07/0/0.07/0.1, dsn=2.0.0, status=sent (250 Ok 0102016e4a0c1ee5-8fc78cac-2ee7-461b-84a8-35ca3bb9d5e5-000000)
Nov  8 09:05:38 ip-172-34-5-23 postfix/qmgr[5370]: 7B81CC020155: removedNov  8 09:05:38 ip-172-34-5-23 postfix/smtpd[9251]: 7B81CC020155: client=ip-172-34-46-243.eu-west-1.compute.internal[172.34.46.243]
Nov  8 09:05:38 ip-172-34-5-23 postfix/cleanup[3351]: 7B81CC020155: message-id=<51947E5E51A264357E629F552ECDC246990F08A2@EC2AMAZ02TUE9GT>
Nov  8 09:05:38 ip-172-34-5-23 postfix/cleanup[3351]: 7B81CC020155: warning: header Subject: 3 ans ! Joyeux anniversaire from ip-172-34-46-243.eu-west-1.compute.internal[172.34.46.243]; from=<edmBE.nutricia@nutricia.com> to=<anaishoyas@hotmail.com> proto=ESMTP helo=<EC2AMAZ-2TUE9GT>
Nov  8 09:05:38 ip-172-34-5-23 postfix/qmgr[5370]: 7B81CC020155: from=<edmBE.nutricia@nutricia.com>, size=71313, nrcpt=1 (queue active)
Nov  8 09:05:38 ip-172-34-5-23 postfix/smtp[27246]: 7B81CC020155: to=<anaishoyas@hotmail.com>, relay=email-smtp.eu-west-1.amazonaws.com[34.253.94.53]:587, delay=0.24, delays=0.07/0/0.07/0.1, dsn=2.0.0, status=sent (250 Ok 0102016e4a0c1ee5-8fc78cac-2ee7-461b-84a8-35ca3bb9d5e5-000000)
Nov  8 09:05:38 ip-172-34-5-23 postfix/qmgr[5370]: 7B81CC020156: removedNov  8 09:05:38 ip-172-34-5-23 postfix/smtpd[9251]: 7B81CC020156: client=ip-172-34-46-243.eu-west-1.compute.internal[172.34.46.243]
Nov  8 09:05:38 ip-172-34-5-23 postfix/cleanup[3351]: 7B81CC020156: message-id=<51947E5E51A264357E629F552ECDC246990F08A2@EC2AMAZ02TUE9GT>
Nov  8 09:05:38 ip-172-34-5-23 postfix/cleanup[3351]: 7B81CC020156: warning: header Subject: 3 ans ! Joyeux anniversaire from ip-172-34-46-243.eu-west-1.compute.internal[172.34.46.243]; from=<edmBE.nutricia@nutricia.com> to=<anaishoyas@hotmail.com> proto=ESMTP helo=<EC2AMAZ-2TUE9GT>
Nov  8 09:05:38 ip-172-34-5-23 postfix/qmgr[5370]: 7B81CC020156: from=<edmBE.nutricia@nutricia.com>, size=71313, nrcpt=1 (queue active)
Nov  8 09:05:38 ip-172-34-5-23 postfix/smtp[27246]: 7B81CC020156: to=<anaishoyas@hotmail.com>, relay=email-smtp.eu-west-1.amazonaws.com[34.253.94.53]:587, delay=0.24, delays=0.07/0/0.07/0.1, dsn=2.0.0, status=sent (250 Ok 0102016e4a0c1ee5-8fc78cac-2ee7-461b-84a8-35ca3bb9d5e5-000000)
Nov  8 09:05:38 ip-172-34-5-23 postfix/qmgr[5370]: 7B81CC020156: removed
Nov  8 09:06:17 ip-172-34-5-23 postfix/smtpd[9251]: A7540C02015: client=ip-172-34-46-243.eu-west-1.compute.internal[172.34.46.243]
Nov  8 09:06:17 ip-172-34-5-23 postfix/cleanup[3351]: A7540C02015: message-id=<1E878F23383F268DB7575F3F05A3A689A3B9DDD2@EC2AMAZ02TUE9GT>
Nov  8 09:06:17 ip-172-34-5-23 postfix/cleanup[3351]: A7540C02015: warning: header Subject: 3 ans ! Joyeux anniversaire from ip-172-34-46-243.eu-west-1.compute.internal[172.34.46.243]; from=<edmBE.nutricia@nutricia.com> to=<wendytrotin05@gmail.com> proto=ESMTP helo=<EC2AMAZ-2TUE9GT>
Nov  8 09:06:17 ip-172-34-5-23 postfix/qmgr[5370]: A7540C02015: from=<edmBE.nutricia@nutricia.com>, size=63851, nrcpt=1 (queue active)
Nov  8 09:06:17 ip-172-34-5-23 postfix/smtp[27246]: A7540C02015: to=<wendytrotin05@gmail.com>, relay=email-smtp.eu-west-1.amazonaws.com[52.17.212.138]:587, delay=0.25, delays=0.06/0/0.07/0.11, dsn=2.0.0, status=sent (250 Ok 0102016e4a0cb7ea-f4519cb5-8f33-4685-83c7-80a041f3b086-000000)
Nov  8 09:06:17 ip-172-34-5-23 postfix/qmgr[5370]: A7540C02015: removed
Nov  8 09:06:18 ip-172-34-5-23 postfix/smtpd[9251]: 29D48C02015: client=ip-172-34-46-243.eu-west-1.compute.internal[172.34.46.243]
Nov  8 09:06:18 ip-172-34-5-23 postfix/cleanup[2390]: 29D48C02015: message-id=<A95D77CBF5AB32AE02E9A56FFE93885F7F6CC2B2@EC2AMAZ02TUE9GT>
Nov  8 09:06:18 ip-172-34-5-23 postfix/cleanup[2390]: 29D48C02015: warning: header Subject: 3 ans ! Joyeux anniversaire from ip-172-34-46-243.eu-west-1.compute.internal[172.34.46.243]; from=<edmBE.nutricia@nutricia.com> to=<celine.lebrun01@gmail.com> proto=ESMTP helo=<EC2AMAZ-2TUE9GT>
Nov  8 09:06:18 ip-172-34-5-23 postfix/qmgr[5370]: 29D48C02015: from=<edmBE.nutricia@nutricia.com>, size=63768, nrcpt=1 (queue active)
Nov  8 09:06:18 ip-172-34-5-23 postfix/smtp[3522]: 29D48C02015: to=<celine.lebrun01@gmail.com>, relay=email-smtp.eu-west-1.amazonaws.com[52.48.248.62]:587, delay=0.28, delays=0.07/0/0.07/0.14, dsn=2.0.0, status=sent (250 Ok 0102016e4a0cb9d3-4e242ae3-783b-45ea-8289-843b68dc98c7-000000)
Nov  8 09:06:18 ip-172-34-5-23 postfix/qmgr[5370]: 29D48C02015: removed
Nov  8 09:06:18 ip-172-34-5-23 postfix/smtpd[9251]: B3E82C02015: client=ip-172-34-46-243.eu-west-1.compute.internal[172.34.46.243]
Nov  8 09:06:18 ip-172-34-5-23 postfix/cleanup[2390]: B3E82C02015: message-id=<4F69247BD115A4F564A7295E2502F9CE894DB3FE@EC2AMAZ02TUE9GT>
Nov  8 09:06:18 ip-172-34-5-23 postfix/cleanup[2390]: B3E82C02015: warning: header Subject: 3 ans ! Joyeux anniversaire from ip-172-34-46-243.eu-west-1.compute.internal[172.34.46.243]; from=<edmBE.nutricia@nutricia.com> to=<elodie.surain13@gmail.com> proto=ESMTP helo=<EC2AMAZ-2TUE9GT>
Nov  8 09:06:18 ip-172-34-5-23 postfix/qmgr[5370]: B3E82C02015: from=<edmBE.nutricia@nutricia.com>, size=63806, nrcpt=1 (queue active)
Nov  8 09:06:19 ip-172-34-5-23 postfix/smtp[17666]: B3E82C02015: to=<elodie.surain
Nov  8 09:06:17 ip-172-34-5-23 postfix/smtpd[9251]: A7540C02016: client=ip-172-34-46-243.eu-west-1.compute.internal[172.34.46.243]
Nov  8 09:06:17 ip-172-34-5-23 postfix/cleanup[3351]: A7540C02016: message-id=<1E878F23383F268DB7575F3F05A3A689A3B9DDD2@EC2AMAZ02TUE9GT>
Nov  8 09:06:17 ip-172-34-5-23 postfix/cleanup[3351]: A7540C02016: warning: header Subject: 3 ans ! Joyeux anniversaire from ip-172-34-46-243.eu-west-1.compute.internal[172.34.46.243]; from=<edmBE.nutricia@nutricia.com> to=<wendytrotin05@gmail.com> proto=ESMTP helo=<EC2AMAZ-2TUE9GT>
Nov  8 09:06:17 ip-172-34-5-23 postfix/qmgr[5370]: A7540C02016: from=<edmBE.nutricia@nutricia.com>, size=63851, nrcpt=1 (queue active)
Nov  8 09:06:17 ip-172-34-5-23 postfix/smtp[27246]: A7540C02016: to=<wendytrotin05@gmail.com>, relay=email-smtp.eu-west-1.amazonaws.com[52.17.212.138]:587, delay=0.25, delays=0.06/0/0.07/0.11, dsn=2.0.0, status=sent (250 Ok 0102016e4a0cb7ea-f4519cb5-8f33-4685-83c7-80a041f3b086-000000)
Nov  8 09:06:17 ip-172-34-5-23 postfix/qmgr[5370]: A7540C02016: removed
Nov  8 09:06:18 ip-172-34-5-23 postfix/smtpd[9251]: 29D48C02016: client=ip-172-34-46-243.eu-west-1.compute.internal[172.34.46.243]
Nov  8 09:06:18 ip-172-34-5-23 postfix/cleanup[2390]: 29D48C02016: message-id=<A95D77CBF5AB32AE02E9A56FFE93885F7F6CC2B2@EC2AMAZ02TUE9GT>
Nov  8 09:06:18 ip-172-34-5-23 postfix/cleanup[2390]: 29D48C02016: warning: header Subject: 3 ans ! Joyeux anniversaire from ip-172-34-46-243.eu-west-1.compute.internal[172.34.46.243]; from=<edmBE.nutricia@nutricia.com> to=<celine.lebrun01@gmail.com> proto=ESMTP helo=<EC2AMAZ-2TUE9GT>
Nov  8 09:06:18 ip-172-34-5-23 postfix/qmgr[5370]: 29D48C02016: from=<edmBE.nutricia@nutricia.com>, size=63768, nrcpt=1 (queue active)
Nov  8 09:06:18 ip-172-34-5-23 postfix/smtp[3522]: 29D48C02016: to=<celine.lebrun01@gmail.com>, relay=email-smtp.eu-west-1.amazonaws.com[52.48.248.62]:587, delay=0.28, delays=0.07/0/0.07/0.14, dsn=2.0.0, status=sent (250 Ok 0102016e4a0cb9d3-4e242ae3-783b-45ea-8289-843b68dc98c7-000000)
Nov  8 09:06:18 ip-172-34-5-23 postfix/qmgr[5370]: 29D48C02016: removed
Nov  8 09:06:18 ip-172-34-5-23 postfix/smtpd[9251]: B3E82C02016: client=ip-172-34-46-243.eu-west-1.compute.internal[172.34.46.243]
Nov  8 09:06:18 ip-172-34-5-23 postfix/cleanup[2390]: B3E82C02016: message-id=<4F69247BD115A4F564A7295E2502F9CE894DB3FE@EC2AMAZ02TUE9GT>
Nov  8 09:06:18 ip-172-34-5-23 postfix/cleanup[2390]: B3E82C02016: warning: header Subject: 3 ans ! Joyeux anniversaire from ip-172-34-46-243.eu-west-1.compute.internal[172.34.46.243]; from=<edmBE.nutricia@nutricia.com> to=<elodie.surain13@gmail.com> proto=ESMTP helo=<EC2AMAZ-2TUE9GT>
Nov  8 09:06:18 ip-172-34-5-23 postfix/qmgr[5370]: B3E82C02016: from=<edmBE.nutricia@nutricia.com>, size=63806, nrcpt=1 (queue active)
Nov  8 09:06:19 ip-172-34-5-23 postfix/smtp[17666]: B3E82C02016: to=<elodie.surain
Nov  8 09:06:17 ip-172-34-5-23 postfix/smtpd[9251]: A7540C02017: client=ip-172-34-46-243.eu-west-1.compute.internal[172.34.46.243]
Nov  8 09:06:17 ip-172-34-5-23 postfix/cleanup[3351]: A7540C02017: message-id=<1E878F23383F268DB7575F3F05A3A689A3B9DDD2@EC2AMAZ02TUE9GT>
Nov  8 09:06:17 ip-172-34-5-23 postfix/cleanup[3351]: A7540C02017: warning: header Subject: 3 ans ! Joyeux anniversaire from ip-172-34-46-243.eu-west-1.compute.internal[172.34.46.243]; from=<edmBE.nutricia@nutricia.com> to=<wendytrotin05@gmail.com> proto=ESMTP helo=<EC2AMAZ-2TUE9GT>
Nov  8 09:06:17 ip-172-34-5-23 postfix/qmgr[5370]: A7540C02017: from=<edmBE.nutricia@nutricia.com>, size=63851, nrcpt=1 (queue active)
Nov  8 09:06:17 ip-172-34-5-23 postfix/smtp[27246]: A7540C02017: to=<wendytrotin05@gmail.com>, relay=email-smtp.eu-west-1.amazonaws.com[52.17.212.138]:587, delay=0.25, delays=0.06/0/0.07/0.11, dsn=2.0.0, status=sent (250 Ok 0102016e4a0cb7ea-f4519cb5-8f33-4685-83c7-80a041f3b086-000000)
Nov  8 09:06:17 ip-172-34-5-23 postfix/qmgr[5370]: A7540C02017: removed
Nov  8 09:06:18 ip-172-34-5-23 postfix/smtpd[9251]: 29D48C02017: client=ip-172-34-46-243.eu-west-1.compute.internal[172.34.46.243]
Nov  8 09:06:18 ip-172-34-5-23 postfix/cleanup[2390]: 29D48C02017: message-id=<A95D77CBF5AB32AE02E9A56FFE93885F7F6CC2B2@EC2AMAZ02TUE9GT>
Nov  8 09:06:18 ip-172-34-5-23 postfix/cleanup[2390]: 29D48C02017: warning: header Subject: 3 ans ! Joyeux anniversaire from ip-172-34-46-243.eu-west-1.compute.internal[172.34.46.243]; from=<edmBE.nutricia@nutricia.com> to=<celine.lebrun01@gmail.com> proto=ESMTP helo=<EC2AMAZ-2TUE9GT>
Nov  8 09:06:18 ip-172-34-5-23 postfix/qmgr[5370]: 29D48C02017: from=<edmBE.nutricia@nutricia.com>, size=63768, nrcpt=1 (queue active)
Nov  8 09:06:18 ip-172-34-5-23 postfix/smtp[3522]: 29D48C02017: to=<celine.lebrun01@gmail.com>, relay=email-smtp.eu-west-1.amazonaws.com[52.48.248.62]:587, delay=0.28, delays=0.07/0/0.07/0.14, dsn=2.0.0, status=sent (250 Ok 0102016e4a0cb9d3-4e242ae3-783b-45ea-8289-843b68dc98c7-000000)
Nov  8 09:06:18 ip-172-34-5-23 postfix/qmgr[5370]: 29D48C02017: removed
Nov  8 09:06:18 ip-172-34-5-23 postfix/smtpd[9251]: B3E82C02017: client=ip-172-34-46-243.eu-west-1.compute.internal[172.34.46.243]
Nov  8 09:06:18 ip-172-34-5-23 postfix/cleanup[2390]: B3E82C02017: message-id=<4F69247BD115A4F564A7295E2502F9CE894DB3FE@EC2AMAZ02TUE9GT>
Nov  8 09:06:18 ip-172-34-5-23 postfix/cleanup[2390]: B3E82C02017: warning: header Subject: 3 ans ! Joyeux anniversaire from ip-172-34-46-243.eu-west-1.compute.internal[172.34.46.243]; from=<edmBE.nutricia@nutricia.com> to=<elodie.surain13@gmail.com> proto=ESMTP helo=<EC2AMAZ-2TUE9GT>
Nov  8 09:06:18 ip-172-34-5-23 postfix/qmgr[5370]: B3E82C02017: from=<edmBE.nutricia@nutricia.com>, size=63806, nrcpt=1 (queue active)
Nov  8 09:06:19 ip-172-34-5-23 postfix/smtp[17666]: B3E82C02017: to=<elodie.surain
Nov  8 09:06:17 ip-172-34-5-23 postfix/smtpd[9251]: A7540C02018: client=ip-172-34-46-243.eu-west-1.compute.internal[172.34.46.243]
Nov  8 09:06:17 ip-172-34-5-23 postfix/cleanup[3351]: A7540C02018: message-id=<1E878F23383F268DB7575F3F05A3A689A3B9DDD2@EC2AMAZ02TUE9GT>
Nov  8 09:06:17 ip-172-34-5-23 postfix/cleanup[3351]: A7540C02018: warning: header Subject: 3 ans ! Joyeux anniversaire from ip-172-34-46-243.eu-west-1.compute.internal[172.34.46.243]; from=<edmBE.nutricia@nutricia.com> to=<wendytrotin05@gmail.com> proto=ESMTP helo=<EC2AMAZ-2TUE9GT>
Nov  8 09:06:17 ip-172-34-5-23 postfix/qmgr[5370]: A7540C02018: from=<edmBE.nutricia@nutricia.com>, size=63851, nrcpt=1 (queue active)
Nov  8 09:06:17 ip-172-34-5-23 postfix/smtp[27246]: A7540C02018: to=<wendytrotin05@gmail.com>, relay=email-smtp.eu-west-1.amazonaws.com[52.17.212.138]:587, delay=0.25, delays=0.06/0/0.07/0.11, dsn=2.0.0, status=sent (250 Ok 0102016e4a0cb7ea-f4519cb5-8f33-4685-83c7-80a041f3b086-000000)
Nov  8 09:06:17 ip-172-34-5-23 postfix/qmgr[5370]: A7540C02018: removed
Nov  8 09:06:18 ip-172-34-5-23 postfix/smtpd[9251]: 29D48C02018: client=ip-172-34-46-243.eu-west-1.compute.internal[172.34.46.243]
Nov  8 09:06:18 ip-172-34-5-23 postfix/cleanup[2390]: 29D48C02018: message-id=<A95D77CBF5AB32AE02E9A56FFE93885F7F6CC2B2@EC2AMAZ02TUE9GT>
Nov  8 09:06:18 ip-172-34-5-23 postfix/cleanup[2390]: 29D48C02018: warning: header Subject: 3 ans ! Joyeux anniversaire from ip-172-34-46-243.eu-west-1.compute.internal[172.34.46.243]; from=<edmBE.nutricia@nutricia.com> to=<celine.lebrun01@gmail.com> proto=ESMTP helo=<EC2AMAZ-2TUE9GT>
Nov  8 09:06:18 ip-172-34-5-23 postfix/qmgr[5370]: 29D48C02018: from=<edmBE.nutricia@nutricia.com>, size=63768, nrcpt=1 (queue active)
Nov  8 09:06:18 ip-172-34-5-23 postfix/smtp[3522]: 29D48C02018: to=<celine.lebrun01@gmail.com>, relay=email-smtp.eu-west-1.amazonaws.com[52.48.248.62]:587, delay=0.28, delays=0.07/0/0.07/0.14, dsn=2.0.0, status=sent (250 Ok 0102016e4a0cb9d3-4e242ae3-783b-45ea-8289-843b68dc98c7-000000)
Nov  8 09:06:18 ip-172-34-5-23 postfix/qmgr[5370]: 29D48C02018: removed
Nov  8 09:06:18 ip-172-34-5-23 postfix/smtpd[9251]: B3E82C02018: client=ip-172-34-46-243.eu-west-1.compute.internal[172.34.46.243]
Nov  8 09:06:18 ip-172-34-5-23 postfix/cleanup[2390]: B3E82C02018: message-id=<4F69247BD115A4F564A7295E2502F9CE894DB3FE@EC2AMAZ02TUE9GT>
Nov  8 09:06:18 ip-172-34-5-23 postfix/cleanup[2390]: B3E82C02018: warning: header Subject: 3 ans ! Joyeux anniversaire from ip-172-34-46-243.eu-west-1.compute.internal[172.34.46.243]; from=<edmBE.nutricia@nutricia.com> to=<elodie.surain13@gmail.com> proto=ESMTP helo=<EC2AMAZ-2TUE9GT>
Nov  8 09:06:18 ip-172-34-5-23 postfix/qmgr[5370]: B3E82C02018: from=<edmBE.nutricia@nutricia.com>, size=63806, nrcpt=1 (queue active)
Nov  8 09:06:19 ip-172-34-5-23 postfix/smtp[17666]: B3E82C02019: to=<elodie.surainNov  8 09:06:17 ip-172-34-5-23 postfix/smtpd[9251]: A7540C0201: client=ip-172-34-46-243.eu-west-1.compute.internal[172.34.46.243]
Nov  8 09:06:17 ip-172-34-5-23 postfix/cleanup[3351]: A7540C02018: message-id=<1E878F23383F268DB7575F3F05A3A689A3B9DDD2@EC2AMAZ02TUE9GT>
Nov  8 09:06:17 ip-172-34-5-23 postfix/cleanup[3351]: A7540C02018: warning: header Subject: 3 ans ! Joyeux anniversaire from ip-172-34-46-243.eu-west-1.compute.internal[172.34.46.243]; from=<edmBE.nutricia@nutricia.com> to=<wendytrotin05@gmail.com> proto=ESMTP helo=<EC2AMAZ-2TUE9GT>
Nov  8 09:06:17 ip-172-34-5-23 postfix/qmgr[5370]: A7540C02018: from=<edmBE.nutricia@nutricia.com>, size=63851, nrcpt=1 (queue active)
Nov  8 09:06:17 ip-172-34-5-23 postfix/smtp[27246]: A7540C02018: to=<wendytrotin05@gmail.com>, relay=email-smtp.eu-west-1.amazonaws.com[52.17.212.138]:587, delay=0.25, delays=0.06/0/0.07/0.11, dsn=2.0.0, status=sent (250 Ok 0102016e4a0cb7ea-f4519cb5-8f33-4685-83c7-80a041f3b086-000000)
Nov  8 09:06:17 ip-172-34-5-23 postfix/qmgr[5370]: A7540C02018: removed
Nov  8 09:06:18 ip-172-34-5-23 postfix/smtpd[9251]: 29D48C02019: client=ip-172-34-46-243.eu-west-1.compute.internal[172.34.46.243]
Nov  8 09:06:18 ip-172-34-5-23 postfix/cleanup[2390]: 29D48C02019: message-id=<A95D77CBF5AB32AE02E9A56FFE93885F7F6CC2B2@EC2AMAZ02TUE9GT>
Nov  8 09:06:18 ip-172-34-5-23 postfix/cleanup[2390]: 29D48C02019: warning: header Subject: 3 ans ! Joyeux anniversaire from ip-172-34-46-243.eu-west-1.compute.internal[172.34.46.243]; from=<edmBE.nutricia@nutricia.com> to=<celine.lebrun01@gmail.com> proto=ESMTP helo=<EC2AMAZ-2TUE9GT>
Nov  8 09:06:18 ip-172-34-5-23 postfix/qmgr[5370]: 29D48C02019: from=<edmBE.nutricia@nutricia.com>, size=63768, nrcpt=1 (queue active)
Nov  8 09:06:18 ip-172-34-5-23 postfix/smtp[3522]: 29D48C02019: to=<celine.lebrun01@gmail.com>, relay=email-smtp.eu-west-1.amazonaws.com[52.48.248.62]:587, delay=0.28, delays=0.07/0/0.07/0.14, dsn=2.0.0, status=sent (250 Ok 0102016e4a0cb9d3-4e242ae3-783b-45ea-8289-843b68dc98c7-000000)
Nov  8 09:06:18 ip-172-34-5-23 postfix/qmgr[5370]: 29D48C02019: removed
Nov  8 09:06:18 ip-172-34-5-23 postfix/smtpd[9251]: B3E82C020110: client=ip-172-34-46-243.eu-west-1.compute.internal[172.34.46.243]
Nov  8 09:06:18 ip-172-34-5-23 postfix/cleanup[2390]: B3E82C020110: message-id=<4F69247BD115A4F564A7295E2502F9CE894DB3FE@EC2AMAZ02TUE9GT>
Nov  8 09:06:18 ip-172-34-5-23 postfix/cleanup[2390]: B3E82C020110: warning: header Subject: 3 ans ! Joyeux anniversaire from ip-172-34-46-243.eu-west-1.compute.internal[172.34.46.243]; from=<edmBE.nutricia@nutricia.com> to=<elodie.surain13@gmail.com> proto=ESMTP helo=<EC2AMAZ-2TUE9GT>
Nov  8 09:06:18 ip-172-34-5-23 postfix/qmgr[5370]: B3E82C020110: from=<edmBE.nutricia@nutricia.com>, size=63806, nrcpt=1 (queue active)
Nov  8 09:06:19 ip-172-34-5-23 postfix/smtp[17666]: B3E82C020110: to=<elodie.surain
Nov  8 09:06:17 ip-172-34-5-23 postfix/smtpd[9251]: A7540C02019: client=ip-172-34-46-243.eu-west-1.compute.internal[172.34.46.243]
Nov  8 09:06:17 ip-172-34-5-23 postfix/cleanup[3351]: A7540C02019: message-id=<1E878F23383F268DB7575F3F05A3A689A3B9DDD2@EC2AMAZ02TUE9GT>
Nov  8 09:06:17 ip-172-34-5-23 postfix/cleanup[3351]: A7540C02019: warning: header Subject: 3 ans ! Joyeux anniversaire from ip-172-34-46-243.eu-west-1.compute.internal[172.34.46.243]; from=<edmBE.nutricia@nutricia.com> to=<wendytrotin05@gmail.com> proto=ESMTP helo=<EC2AMAZ-2TUE9GT>
Nov  8 09:06:17 ip-172-34-5-23 postfix/qmgr[5370]: A7540C02019: from=<edmBE.nutricia@nutricia.com>, size=63851, nrcpt=1 (queue active)
Nov  8 09:06:17 ip-172-34-5-23 postfix/smtp[27246]: A7540C02019: to=<wendytrotin05@gmail.com>, relay=email-smtp.eu-west-1.amazonaws.com[52.17.212.138]:587, delay=0.25, delays=0.06/0/0.07/0.11, dsn=2.0.0, status=sent (250 Ok 0102016e4a0cb7ea-f4519cb5-8f33-4685-83c7-80a041f3b086-000000)
Nov  8 09:06:17 ip-172-34-5-23 postfix/qmgr[5370]: A7540C02019: removed
Nov  8 09:06:18 ip-172-34-5-23 postfix/smtpd[9251]: 29D48C020110: client=ip-172-34-46-243.eu-west-1.compute.internal[172.34.46.243]
Nov  8 09:06:18 ip-172-34-5-23 postfix/cleanup[2390]: 29D48C020110: message-id=<A95D77CBF5AB32AE02E9A56FFE93885F7F6CC2B2@EC2AMAZ02TUE9GT>
Nov  8 09:06:18 ip-172-34-5-23 postfix/cleanup[2390]: 29D48C020110: warning: header Subject: 3 ans ! Joyeux anniversaire from ip-172-34-46-243.eu-west-1.compute.internal[172.34.46.243]; from=<edmBE.nutricia@nutricia.com> to=<celine.lebrun01@gmail.com> proto=ESMTP helo=<EC2AMAZ-2TUE9GT>
Nov  8 09:06:18 ip-172-34-5-23 postfix/qmgr[5370]: 29D48C020110: from=<edmBE.nutricia@nutricia.com>, size=63768, nrcpt=1 (queue active)
Nov  8 09:06:18 ip-172-34-5-23 postfix/smtp[3522]: 29D48C020110: to=<celine.lebrun01@gmail.com>, relay=email-smtp.eu-west-1.amazonaws.com[52.48.248.62]:587, delay=0.28, delays=0.07/0/0.07/0.14, dsn=2.0.0, status=sent (250 Ok 0102016e4a0cb9d3-4e242ae3-783b-45ea-8289-843b68dc98c7-000000)
Nov  8 09:06:18 ip-172-34-5-23 postfix/qmgr[5370]: 29D48C020110: removed
Nov  8 09:06:18 ip-172-34-5-23 postfix/smtpd[9251]: B3E82C020111: client=ip-172-34-46-243.eu-west-1.compute.internal[172.34.46.243]
Nov  8 09:06:18 ip-172-34-5-23 postfix/cleanup[2390]: B3E82C020111: message-id=<4F69247BD115A4F564A7295E2502F9CE894DB3FE@EC2AMAZ02TUE9GT>
Nov  8 09:06:18 ip-172-34-5-23 postfix/cleanup[2390]: B3E82C020111: warning: header Subject: 3 ans ! Joyeux anniversaire from ip-172-34-46-243.eu-west-1.compute.internal[172.34.46.243]; from=<edmBE.nutricia@nutricia.com> to=<elodie.surain13@gmail.com> proto=ESMTP helo=<EC2AMAZ-2TUE9GT>
Nov  8 09:06:18 ip-172-34-5-23 postfix/qmgr[5370]: B3E82C020111: from=<edmBE.nutricia@nutricia.com>, size=63806, nrcpt=1 (queue active)
Nov  8 09:06:19 ip-172-34-5-23 postfix/smtp[17666]: B3E82C020111: to=<elodie.surain
Nov  8 09:06:17 ip-172-34-5-23 postfix/smtpd[9251]: A7540C020110: client=ip-172-34-46-243.eu-west-1.compute.internal[172.34.46.243]
Nov  8 09:06:17 ip-172-34-5-23 postfix/cleanup[3351]: A7540C020110: message-id=<1E878F23383F268DB7575F3F05A3A689A3B9DDD2@EC2AMAZ02TUE9GT>
Nov  8 09:06:17 ip-172-34-5-23 postfix/cleanup[3351]: A7540C020110: warning: header Subject: 3 ans ! Joyeux anniversaire from ip-172-34-46-243.eu-west-1.compute.internal[172.34.46.243]; from=<edmBE.nutricia@nutricia.com> to=<wendytrotin05@gmail.com> proto=ESMTP helo=<EC2AMAZ-2TUE9GT>
Nov  8 09:06:17 ip-172-34-5-23 postfix/qmgr[5370]: A7540C020110: from=<edmBE.nutricia@nutricia.com>, size=63851, nrcpt=1 (queue active)
Nov  8 09:06:17 ip-172-34-5-23 postfix/smtp[27246]: A7540C020110: to=<wendytrotin05@gmail.com>, relay=email-smtp.eu-west-1.amazonaws.com[52.17.212.138]:587, delay=0.25, delays=0.06/0/0.07/0.11, dsn=2.0.0, status=sent (250 Ok 0102016e4a0cb7ea-f4519cb5-8f33-4685-83c7-80a041f3b086-000000)
Nov  8 09:06:17 ip-172-34-5-23 postfix/qmgr[5370]: A7540C020110: removed
Nov  8 09:06:18 ip-172-34-5-23 postfix/smtpd[9251]: 29D48C020111: client=ip-172-34-46-243.eu-west-1.compute.internal[172.34.46.243]
Nov  8 09:06:18 ip-172-34-5-23 postfix/cleanup[2390]: 29D48C020111: message-id=<A95D77CBF5AB32AE02E9A56FFE93885F7F6CC2B2@EC2AMAZ02TUE9GT>
Nov  8 09:06:18 ip-172-34-5-23 postfix/cleanup[2390]: 29D48C020111: warning: header Subject: 3 ans ! Joyeux anniversaire from ip-172-34-46-243.eu-west-1.compute.internal[172.34.46.243]; from=<edmBE.nutricia@nutricia.com> to=<celine.lebrun01@gmail.com> proto=ESMTP helo=<EC2AMAZ-2TUE9GT>
Nov  8 09:06:18 ip-172-34-5-23 postfix/qmgr[5370]: 29D48C020111: from=<edmBE.nutricia@nutricia.com>, size=63768, nrcpt=1 (queue active)
Nov  8 09:06:18 ip-172-34-5-23 postfix/smtp[3522]: 29D48C020111: to=<celine.lebrun01@gmail.com>, relay=email-smtp.eu-west-1.amazonaws.com[52.48.248.62]:587, delay=0.28, delays=0.07/0/0.07/0.14, dsn=2.0.0, status=sent (250 Ok 0102016e4a0cb9d3-4e242ae3-783b-45ea-8289-843b68dc98c7-000000)
Nov  8 09:06:18 ip-172-34-5-23 postfix/qmgr[5370]: 29D48C020111: removed
Nov  8 09:06:18 ip-172-34-5-23 postfix/smtpd[9251]: B3E82C020112: client=ip-172-34-46-243.eu-west-1.compute.internal[172.34.46.243]
Nov  8 09:06:18 ip-172-34-5-23 postfix/cleanup[2390]: B3E82C020112: message-id=<4F69247BD115A4F564A7295E2502F9CE894DB3FE@EC2AMAZ02TUE9GT>
Nov  8 09:06:18 ip-172-34-5-23 postfix/cleanup[2390]: B3E82C020112: warning: header Subject: 3 ans ! Joyeux anniversaire from ip-172-34-46-243.eu-west-1.compute.internal[172.34.46.243]; from=<edmBE.nutricia@nutricia.com> to=<elodie.surain13@gmail.com> proto=ESMTP helo=<EC2AMAZ-2TUE9GT>
Nov  8 09:06:18 ip-172-34-5-23 postfix/qmgr[5370]: B3E82C020112: from=<edmBE.nutricia@nutricia.com>, size=63806, nrcpt=1 (queue active)
Nov  8 09:06:19 ip-172-34-5-23 postfix/smtp[17666]: B3E82C020112: to=<elodie.surain
Nov  8 09:06:17 ip-172-34-5-23 postfix/smtpd[9251]: A7540C020111: client=ip-172-34-46-243.eu-west-1.compute.internal[172.34.46.243]
Nov  8 09:06:17 ip-172-34-5-23 postfix/cleanup[3351]: A7540C020111: message-id=<1E878F23383F268DB7575F3F05A3A689A3B9DDD2@EC2AMAZ02TUE9GT>
Nov  8 09:06:17 ip-172-34-5-23 postfix/cleanup[3351]: A7540C020111: warning: header Subject: 3 ans ! Joyeux anniversaire from ip-172-34-46-243.eu-west-1.compute.internal[172.34.46.243]; from=<edmBE.nutricia@nutricia.com> to=<wendytrotin05@gmail.com> proto=ESMTP helo=<EC2AMAZ-2TUE9GT>
Nov  8 09:06:17 ip-172-34-5-23 postfix/qmgr[5370]: A7540C020111: from=<edmBE.nutricia@nutricia.com>, size=63851, nrcpt=1 (queue active)
Nov  8 09:06:17 ip-172-34-5-23 postfix/smtp[27246]: A7540C020111: to=<wendytrotin05@gmail.com>, relay=email-smtp.eu-west-1.amazonaws.com[52.17.212.138]:587, delay=0.25, delays=0.06/0/0.07/0.11, dsn=2.0.0, status=sent (250 Ok 0102016e4a0cb7ea-f4519cb5-8f33-4685-83c7-80a041f3b086-000000)
Nov  8 09:06:17 ip-172-34-5-23 postfix/qmgr[5370]: A7540C020111: removed
Nov  8 09:06:18 ip-172-34-5-23 postfix/smtpd[9251]: 29D48C020112: client=ip-172-34-46-243.eu-west-1.compute.internal[172.34.46.243]
Nov  8 09:06:18 ip-172-34-5-23 postfix/cleanup[2390]: 29D48C020112: message-id=<A95D77CBF5AB32AE02E9A56FFE93885F7F6CC2B2@EC2AMAZ02TUE9GT>
Nov  8 09:06:18 ip-172-34-5-23 postfix/cleanup[2390]: 29D48C020112: warning: header Subject: 3 ans ! Joyeux anniversaire from ip-172-34-46-243.eu-west-1.compute.internal[172.34.46.243]; from=<edmBE.nutricia@nutricia.com> to=<celine.lebrun01@gmail.com> proto=ESMTP helo=<EC2AMAZ-2TUE9GT>
Nov  8 09:06:18 ip-172-34-5-23 postfix/qmgr[5370]: 29D48C020112: from=<edmBE.nutricia@nutricia.com>, size=63768, nrcpt=1 (queue active)
Nov  8 09:06:18 ip-172-34-5-23 postfix/smtp[3522]: 29D48C020112: to=<celine.lebrun01@gmail.com>, relay=email-smtp.eu-west-1.amazonaws.com[52.48.248.62]:587, delay=0.28, delays=0.07/0/0.07/0.14, dsn=2.0.0, status=sent (250 Ok 0102016e4a0cb9d3-4e242ae3-783b-45ea-8289-843b68dc98c7-000000)
Nov  8 09:06:18 ip-172-34-5-23 postfix/qmgr[5370]: 29D48C020112: removed
Nov  8 09:06:18 ip-172-34-5-23 postfix/smtpd[9251]: B3E82C020113: client=ip-172-34-46-243.eu-west-1.compute.internal[172.34.46.243]
Nov  8 09:06:18 ip-172-34-5-23 postfix/cleanup[2390]: B3E82C020113: message-id=<4F69247BD115A4F564A7295E2502F9CE894DB3FE@EC2AMAZ02TUE9GT>
Nov  8 09:06:18 ip-172-34-5-23 postfix/cleanup[2390]: B3E82C020113: warning: header Subject: 3 ans ! Joyeux anniversaire from ip-172-34-46-243.eu-west-1.compute.internal[172.34.46.243]; from=<edmBE.nutricia@nutricia.com> to=<elodie.surain13@gmail.com> proto=ESMTP helo=<EC2AMAZ-2TUE9GT>
Nov  8 09:06:18 ip-172-34-5-23 postfix/qmgr[5370]: B3E82C020113: from=<edmBE.nutricia@nutricia.com>, size=63806, nrcpt=1 (queue active)
Nov  8 09:06:19 ip-172-34-5-23 postfix/smtp[17666]: B3E82C020113: to=<elodie.surain
Nov  8 09:06:17 ip-172-34-5-23 postfix/smtpd[9251]: A7540C020112: client=ip-172-34-46-243.eu-west-1.compute.internal[172.34.46.243]
Nov  8 09:06:17 ip-172-34-5-23 postfix/cleanup[3351]: A7540C020112: message-id=<1E878F23383F268DB7575F3F05A3A689A3B9DDD2@EC2AMAZ02TUE9GT>
Nov  8 09:06:17 ip-172-34-5-23 postfix/cleanup[3351]: A7540C020112: warning: header Subject: 3 ans ! Joyeux anniversaire from ip-172-34-46-243.eu-west-1.compute.internal[172.34.46.243]; from=<edmBE.nutricia@nutricia.com> to=<wendytrotin05@gmail.com> proto=ESMTP helo=<EC2AMAZ-2TUE9GT>
Nov  8 09:06:17 ip-172-34-5-23 postfix/qmgr[5370]: A7540C020112: from=<edmBE.nutricia@nutricia.com>, size=63851, nrcpt=1 (queue active)
Nov  8 09:06:17 ip-172-34-5-23 postfix/smtp[27246]: A7540C020112: to=<wendytrotin05@gmail.com>, relay=email-smtp.eu-west-1.amazonaws.com[52.17.212.138]:587, delay=0.25, delays=0.06/0/0.07/0.11, dsn=2.0.0, status=sent (250 Ok 0102016e4a0cb7ea-f4519cb5-8f33-4685-83c7-80a041f3b086-000000)
Nov  8 09:06:17 ip-172-34-5-23 postfix/qmgr[5370]: A7540C020112: removed
Nov  8 09:06:18 ip-172-34-5-23 postfix/smtpd[9251]: 29D48C020113: client=ip-172-34-46-243.eu-west-1.compute.internal[172.34.46.243]
Nov  8 09:06:18 ip-172-34-5-23 postfix/cleanup[2390]: 29D48C020113: message-id=<A95D77CBF5AB32AE02E9A56FFE93885F7F6CC2B2@EC2AMAZ02TUE9GT>
Nov  8 09:06:18 ip-172-34-5-23 postfix/cleanup[2390]: 29D48C020113: warning: header Subject: 3 ans ! Joyeux anniversaire from ip-172-34-46-243.eu-west-1.compute.internal[172.34.46.243]; from=<edmBE.nutricia@nutricia.com> to=<celine.lebrun01@gmail.com> proto=ESMTP helo=<EC2AMAZ-2TUE9GT>
Nov  8 09:06:18 ip-172-34-5-23 postfix/qmgr[5370]: 29D48C020113: from=<edmBE.nutricia@nutricia.com>, size=63768, nrcpt=1 (queue active)
Nov  8 09:06:18 ip-172-34-5-23 postfix/smtp[3522]: 29D48C020113: to=<celine.lebrun01@gmail.com>, relay=email-smtp.eu-west-1.amazonaws.com[52.48.248.62]:587, delay=0.28, delays=0.07/0/0.07/0.14, dsn=2.0.0, status=sent (250 Ok 0102016e4a0cb9d3-4e242ae3-783b-45ea-8289-843b68dc98c7-000000)
Nov  8 09:06:18 ip-172-34-5-23 postfix/qmgr[5370]: 29D48C020113: removed
Nov  8 09:06:18 ip-172-34-5-23 postfix/smtpd[9251]: B3E82C020114: client=ip-172-34-46-243.eu-west-1.compute.internal[172.34.46.243]
Nov  8 09:06:18 ip-172-34-5-23 postfix/cleanup[2390]: B3E82C020114: message-id=<4F69247BD115A4F564A7295E2502F9CE894DB3FE@EC2AMAZ02TUE9GT>
Nov  8 09:06:18 ip-172-34-5-23 postfix/cleanup[2390]: B3E82C020114: warning: header Subject: 3 ans ! Joyeux anniversaire from ip-172-34-46-243.eu-west-1.compute.internal[172.34.46.243]; from=<edmBE.nutricia@nutricia.com> to=<elodie.surain13@gmail.com> proto=ESMTP helo=<EC2AMAZ-2TUE9GT>
Nov  8 09:06:18 ip-172-34-5-23 postfix/qmgr[5370]: B3E82C020114: from=<edmBE.nutricia@nutricia.com>, size=63806, nrcpt=1 (queue active)
Nov  8 09:06:19 ip-172-34-5-23 postfix/smtp[17666]: B3E82C020114: to=<elodie.surain
Nov  8 09:05:51 ip-172-34-5-23 postfix/smtpd[9251]: 8A7FEC02015: client=ip-172-34-46-243.eu-west-1.compute.internal[172.34.46.243]
Nov  8 09:05:51 ip-172-34-5-23 postfix/cleanup[3351]: 8A7FEC02015: message-id=<DFE15DD2CC1DD6A5495F0D53F71B284189426A3D@EC2AMAZ02TUE9GT>
Nov  8 09:05:51 ip-172-34-5-23 postfix/cleanup[3351]: 8A7FEC02015: warning: header Subject: 3 ans ! Joyeux anniversaire from ip-172-34-46-243.eu-west-1.compute.internal[172.34.46.243]; from=<edmBE.nutricia@nutricia.com> to=<alisonhelas93@gmail.com> proto=ESMTP helo=<EC2AMAZ-2TUE9GT>
Nov  8 09:05:51 ip-172-34-5-23 postfix/qmgr[5370]: 8A7FEC02015: from=<edmBE.nutricia@nutricia.com>, size=63882, nrcpt=1 (queue active)
Nov  8 09:05:51 ip-172-34-5-23 postfix/smtp[3522]: 8A7FEC02015: to=<alisonhelas93@gmail.com>, relay=email-smtp.eu-west-1.amazonaws.com[34.250.212.134]:587, delay=0.28, delays=0.07/0/0.09/0.13, dsn=2.0.0, status=sent (250 Ok 0102016e4a0c51ff-41507b85-031e-497a-8bef-ef5eae1be989-000000)
Nov  8 09:05:51 ip-172-34-5-23 postfix/qmgr[5370]: 8A7FEC02015: removed
Nov  8 09:05:51 ip-172-34-5-23 postfix/smtpd[9251]: 8A7FEC02016: client=ip-172-34-46-243.eu-west-1.compute.internal[172.34.46.243]
Nov  8 09:05:51 ip-172-34-5-23 postfix/cleanup[3351]: 8A7FEC02016: message-id=<DFE15DD2CC1DD6A5495F0D53F71B284189426A3D@EC2AMAZ02TUE9GT>
Nov  8 09:05:51 ip-172-34-5-23 postfix/cleanup[3351]: 8A7FEC02016: warning: header Subject: 3 ans ! Joyeux anniversaire from ip-172-34-46-243.eu-west-1.compute.internal[172.34.46.243]; from=<edmBE.nutricia@nutricia.com> to=<alisonhelas93@gmail.com> proto=ESMTP helo=<EC2AMAZ-2TUE9GT>
Nov  8 09:05:51 ip-172-34-5-23 postfix/qmgr[5370]: 8A7FEC02016: from=<edmBE.nutricia@nutricia.com>, size=63882, nrcpt=1 (queue active)
Nov  8 09:05:51 ip-172-34-5-23 postfix/smtp[3522]: 8A7FEC02016: to=<alisonhelas93@gmail.com>, relay=email-smtp.eu-west-1.amazonaws.com[34.250.212.134]:587, delay=0.28, delays=0.07/0/0.09/0.13, dsn=2.0.0, status=sent (250 Ok 0102016e4a0c51ff-41507b85-031e-497a-8bef-ef5eae1be989-000000)
Nov  8 09:05:51 ip-172-34-5-23 postfix/qmgr[5370]: 8A7FEC02016: removed
Nov  8 09:05:51 ip-172-34-5-23 postfix/smtpd[9251]: 8A7FEC02017: client=ip-172-34-46-243.eu-west-1.compute.internal[172.34.46.243]
Nov  8 09:05:51 ip-172-34-5-23 postfix/cleanup[3351]: 8A7FEC02017: message-id=<DFE15DD2CC1DD6A5495F0D53F71B284189426A3D@EC2AMAZ02TUE9GT>
Nov  8 09:05:51 ip-172-34-5-23 postfix/cleanup[3351]: 8A7FEC02017: warning: header Subject: 3 ans ! Joyeux anniversaire from ip-172-34-46-243.eu-west-1.compute.internal[172.34.46.243]; from=<edmBE.nutricia@nutricia.com> to=<alisonhelas93@gmail.com> proto=ESMTP helo=<EC2AMAZ-2TUE9GT>
Nov  8 09:05:51 ip-172-34-5-23 postfix/qmgr[5370]: 8A7FEC02017: from=<edmBE.nutricia@nutricia.com>, size=63882, nrcpt=1 (queue active)
Nov  8 09:05:51 ip-172-34-5-23 postfix/smtp[3522]: 8A7FEC02017: to=<alisonhelas93@gmail.com>, relay=email-smtp.eu-west-1.amazonaws.com[34.250.212.134]:587, delay=0.28, delays=0.07/0/0.09/0.13, dsn=2.0.0, status=sent (250 Ok 0102016e4a0c51ff-41507b85-031e-497a-8bef-ef5eae1be989-000000)
Nov  8 09:05:51 ip-172-34-5-23 postfix/qmgr[5370]: 8A7FEC02017: removed
Nov  8 09:05:51 ip-172-34-5-23 postfix/smtpd[9251]: 8A7FEC02018: client=ip-172-34-46-243.eu-west-1.compute.internal[172.34.46.243]
Nov  8 09:05:51 ip-172-34-5-23 postfix/cleanup[3351]: 8A7FEC02018: message-id=<DFE15DD2CC1DD6A5495F0D53F71B284189426A3D@EC2AMAZ02TUE9GT>
Nov  8 09:05:51 ip-172-34-5-23 postfix/cleanup[3351]: 8A7FEC02018: warning: header Subject: 3 ans ! Joyeux anniversaire from ip-172-34-46-243.eu-west-1.compute.internal[172.34.46.243]; from=<edmBE.nutricia@nutricia.com> to=<alisonhelas93@gmail.com> proto=ESMTP helo=<EC2AMAZ-2TUE9GT>
Nov  8 09:05:51 ip-172-34-5-23 postfix/qmgr[5370]: 8A7FEC02018: from=<edmBE.nutricia@nutricia.com>, size=63882, nrcpt=1 (queue active)
Nov  8 09:05:51 ip-172-34-5-23 postfix/smtp[3522]: 8A7FEC02018: to=<alisonhelas93@gmail.com>, relay=email-smtp.eu-west-1.amazonaws.com[34.250.212.134]:587, delay=0.28, delays=0.07/0/0.09/0.13, dsn=2.0.0, status=sent (250 Ok 0102016e4a0c51ff-41507b85-031e-497a-8bef-ef5eae1be989-000000)
Nov  8 09:05:51 ip-172-34-5-23 postfix/qmgr[5370]: 8A7FEC02018: removed
Nov  8 09:05:51 ip-172-34-5-23 postfix/smtpd[9251]: 8A7FEC02019: client=ip-172-34-46-243.eu-west-1.compute.internal[172.34.46.243]
Nov  8 09:05:51 ip-172-34-5-23 postfix/cleanup[3351]: 8A7FEC02019: message-id=<DFE15DD2CC1DD6A5495F0D53F71B284189426A3D@EC2AMAZ02TUE9GT>
Nov  8 09:05:51 ip-172-34-5-23 postfix/cleanup[3351]: 8A7FEC02019: warning: header Subject: 3 ans ! Joyeux anniversaire from ip-172-34-46-243.eu-west-1.compute.internal[172.34.46.243]; from=<edmBE.nutricia@nutricia.com> to=<alisonhelas93@gmail.com> proto=ESMTP helo=<EC2AMAZ-2TUE9GT>
Nov  8 09:05:51 ip-172-34-5-23 postfix/qmgr[5370]: 8A7FEC02019: from=<edmBE.nutricia@nutricia.com>, size=63882, nrcpt=1 (queue active)
Nov  8 09:05:51 ip-172-34-5-23 postfix/smtp[3522]: 8A7FEC02019: to=<alisonhelas93@gmail.com>, relay=email-smtp.eu-west-1.amazonaws.com[34.250.212.134]:587, delay=0.28, delays=0.07/0/0.09/0.13, dsn=2.0.0, status=sent (250 Ok 0102016e4a0c51ff-41507b85-031e-497a-8bef-ef5eae1be989-000000)
Nov  8 09:05:51 ip-172-34-5-23 postfix/qmgr[5370]: 8A7FEC02019: removed
Nov  8 09:05:51 ip-172-34-5-23 postfix/smtpd[9251]: 8A7FEC020110: client=ip-172-34-46-243.eu-west-1.compute.internal[172.34.46.243]
Nov  8 09:05:51 ip-172-34-5-23 postfix/cleanup[3351]: 8A7FEC020110: message-id=<DFE15DD2CC1DD6A5495F0D53F71B284189426A3D@EC2AMAZ02TUE9GT>
Nov  8 09:05:51 ip-172-34-5-23 postfix/cleanup[3351]: 8A7FEC020110: warning: header Subject: 3 ans ! Joyeux anniversaire from ip-172-34-46-243.eu-west-1.compute.internal[172.34.46.243]; from=<edmBE.nutricia@nutricia.com> to=<alisonhelas93@gmail.com> proto=ESMTP helo=<EC2AMAZ-2TUE9GT>
Nov  8 09:05:51 ip-172-34-5-23 postfix/qmgr[5370]: 8A7FEC020110: from=<edmBE.nutricia@nutricia.com>, size=63882, nrcpt=1 (queue active)
Nov  8 09:05:51 ip-172-34-5-23 postfix/smtp[3522]: 8A7FEC020110: to=<alisonhelas93@gmail.com>, relay=email-smtp.eu-west-1.amazonaws.com[34.250.212.134]:587, delay=0.28, delays=0.07/0/0.09/0.13, dsn=2.0.0, status=sent (250 Ok 0102016e4a0c51ff-41507b85-031e-497a-8bef-ef5eae1be989-000000)
Nov  8 09:05:51 ip-172-34-5-23 postfix/qmgr[5370]: 8A7FEC020110: removed
